Archive member included to satisfy reference by file (symbol)

c:/program files/qmk_msys/mingw64/bin/../lib/gcc/avr/8.4.0/avr5\libgcc.a(_exit.o)
                              c:/program files/qmk_msys/mingw64/bin/../lib/gcc/avr/8.4.0/../../../../avr/lib/avr5/crtatmega32u4.o (exit)
c:/program files/qmk_msys/mingw64/bin/../lib/gcc/avr/8.4.0/avr5\libgcc.a(_tablejump2.o)
                              .build/obj_handwired_stream_cheap_2x4_default/common/action.o (__tablejump2__)
c:/program files/qmk_msys/mingw64/bin/../lib/gcc/avr/8.4.0/avr5\libgcc.a(_copy_data.o)
                              .build/obj_handwired_stream_cheap_2x4_default/quantum/keymap_common.o (__do_copy_data)
c:/program files/qmk_msys/mingw64/bin/../lib/gcc/avr/8.4.0/avr5\libgcc.a(_clear_bss.o)
                              .build/obj_handwired_stream_cheap_2x4_default/quantum/matrix_common.o (__do_clear_bss)
c:/program files/qmk_msys/mingw64/bin/../lib/gcc/avr/8.4.0/../../../../avr/lib/avr5\libatmega32u4.a(eerd_byte.o)
                              .build/obj_handwired_stream_cheap_2x4_default/common/eeconfig.o (eeprom_read_byte)
c:/program files/qmk_msys/mingw64/bin/../lib/gcc/avr/8.4.0/../../../../avr/lib/avr5\libatmega32u4.a(eerd_dword.o)
                              .build/obj_handwired_stream_cheap_2x4_default/common/eeconfig.o (eeprom_read_dword)
c:/program files/qmk_msys/mingw64/bin/../lib/gcc/avr/8.4.0/../../../../avr/lib/avr5\libatmega32u4.a(eerd_word.o)
                              .build/obj_handwired_stream_cheap_2x4_default/common/eeconfig.o (eeprom_read_word)
c:/program files/qmk_msys/mingw64/bin/../lib/gcc/avr/8.4.0/../../../../avr/lib/avr5\libatmega32u4.a(eeupd_byte.o)
                              .build/obj_handwired_stream_cheap_2x4_default/common/eeconfig.o (eeprom_update_byte)
c:/program files/qmk_msys/mingw64/bin/../lib/gcc/avr/8.4.0/../../../../avr/lib/avr5\libatmega32u4.a(eeupd_dword.o)
                              .build/obj_handwired_stream_cheap_2x4_default/common/eeconfig.o (eeprom_update_dword)
c:/program files/qmk_msys/mingw64/bin/../lib/gcc/avr/8.4.0/../../../../avr/lib/avr5\libatmega32u4.a(eeupd_word.o)
                              .build/obj_handwired_stream_cheap_2x4_default/common/eeconfig.o (eeprom_update_word)
c:/program files/qmk_msys/mingw64/bin/../lib/gcc/avr/8.4.0/../../../../avr/lib/avr5\libatmega32u4.a(eerd_block.o)
                              c:/program files/qmk_msys/mingw64/bin/../lib/gcc/avr/8.4.0/../../../../avr/lib/avr5\libatmega32u4.a(eerd_dword.o) (eeprom_read_blraw)

Allocating common symbols
Common symbol       size              file

USB_IsInitialized   0x1               .build/obj_handwired_stream_cheap_2x4_default/lib/lufa/LUFA/Drivers/USB/Core/USBTask.o
keymap_config       0x2               .build/obj_handwired_stream_cheap_2x4_default/common/magic.o
USB_DeviceState     0x1               .build/obj_handwired_stream_cheap_2x4_default/lib/lufa/LUFA/Drivers/USB/Core/USBTask.o
USB_Device_ConfigurationNumber
                    0x1               .build/obj_handwired_stream_cheap_2x4_default/lib/lufa/LUFA/Drivers/USB/Core/DeviceStandardReq.o
raw_matrix          0x2               .build/obj_handwired_stream_cheap_2x4_default/quantum/matrix_common.o
USB_Device_CurrentlySelfPowered
                    0x1               .build/obj_handwired_stream_cheap_2x4_default/lib/lufa/LUFA/Drivers/USB/Core/DeviceStandardReq.o
matrix              0x2               .build/obj_handwired_stream_cheap_2x4_default/quantum/matrix_common.o
USB_ControlRequest  0x8               .build/obj_handwired_stream_cheap_2x4_default/lib/lufa/LUFA/Drivers/USB/Core/USBTask.o
tp_buttons          0x2               .build/obj_handwired_stream_cheap_2x4_default/common/action.o
USB_Device_RemoteWakeupEnabled
                    0x1               .build/obj_handwired_stream_cheap_2x4_default/lib/lufa/LUFA/Drivers/USB/Core/DeviceStandardReq.o
timer_count         0x4               .build/obj_handwired_stream_cheap_2x4_default/common/avr/timer.o

Discarded input sections

 .data          0x0000000000000000        0x0 c:/program files/qmk_msys/mingw64/bin/../lib/gcc/avr/8.4.0/../../../../avr/lib/avr5/crtatmega32u4.o
 .bss           0x0000000000000000        0x0 c:/program files/qmk_msys/mingw64/bin/../lib/gcc/avr/8.4.0/../../../../avr/lib/avr5/crtatmega32u4.o
 .text          0x0000000000000000        0x0 .build/obj_handwired_stream_cheap_2x4_default/keyboards/handwired/stream_cheap/2x4/2x4.o
 .data          0x0000000000000000        0x0 .build/obj_handwired_stream_cheap_2x4_default/keyboards/handwired/stream_cheap/2x4/2x4.o
 .bss           0x0000000000000000        0x0 .build/obj_handwired_stream_cheap_2x4_default/keyboards/handwired/stream_cheap/2x4/2x4.o
 .debug_info    0x0000000000000000      0x5f5 .build/obj_handwired_stream_cheap_2x4_default/keyboards/handwired/stream_cheap/2x4/2x4.o
 .debug_abbrev  0x0000000000000000      0x151 .build/obj_handwired_stream_cheap_2x4_default/keyboards/handwired/stream_cheap/2x4/2x4.o
[...]
Memory Configuration

Name             Origin             Length             Attributes
text             0x0000000000000000 0x0000000000020000 xr
data             0x0000000000800060 0x000000000000ffa0 rw !x
eeprom           0x0000000000810000 0x0000000000010000 rw !x
fuse             0x0000000000820000 0x0000000000000400 rw !x
lock             0x0000000000830000 0x0000000000000400 rw !x
signature        0x0000000000840000 0x0000000000000400 rw !x
user_signatures  0x0000000000850000 0x0000000000000400 rw !x
*default*        0x0000000000000000 0xffffffffffffffff

Linker script and memory map

Address of section .data set to 0x800100
LOAD c:/program files/qmk_msys/mingw64/bin/../lib/gcc/avr/8.4.0/../../../../avr/lib/avr5/crtatmega32u4.o
LOAD .build/obj_handwired_stream_cheap_2x4_default/keyboards/handwired/stream_cheap/2x4/2x4.o
LOAD .build/obj_handwired_stream_cheap_2x4_default/keyboards/handwired/stream_cheap/2x4/keymaps/default/keymap.o
LOAD .build/obj_handwired_stream_cheap_2x4_default/quantum/quantum.o
LOAD .build/obj_handwired_stream_cheap_2x4_default/quantum/led.o
LOAD .build/obj_handwired_stream_cheap_2x4_default/quantum/keymap_common.o
LOAD .build/obj_handwired_stream_cheap_2x4_default/quantum/keycode_config.o
LOAD .build/obj_handwired_stream_cheap_2x4_default/quantum/matrix_common.o
LOAD .build/obj_handwired_stream_cheap_2x4_default/quantum/matrix.o
LOAD .build/obj_handwired_stream_cheap_2x4_default/quantum/debounce/sym_defer_g.o
LOAD .build/obj_handwired_stream_cheap_2x4_default/quantum/process_keycode/process_space_cadet.o
LOAD .build/obj_handwired_stream_cheap_2x4_default/quantum/process_keycode/process_magic.o
LOAD .build/obj_handwired_stream_cheap_2x4_default/quantum/process_keycode/process_grave_esc.o
LOAD .build/obj_handwired_stream_cheap_2x4_default/common/host.o
LOAD .build/obj_handwired_stream_cheap_2x4_default/common/keyboard.o
LOAD .build/obj_handwired_stream_cheap_2x4_default/common/action.o
LOAD .build/obj_handwired_stream_cheap_2x4_default/common/action_tapping.o
LOAD .build/obj_handwired_stream_cheap_2x4_default/common/action_macro.o
LOAD .build/obj_handwired_stream_cheap_2x4_default/common/action_layer.o
LOAD .build/obj_handwired_stream_cheap_2x4_default/common/action_util.o
LOAD .build/obj_handwired_stream_cheap_2x4_default/common/print.o
LOAD .build/obj_handwired_stream_cheap_2x4_default/common/debug.o
LOAD .build/obj_handwired_stream_cheap_2x4_default/common/sendchar_null.o
LOAD .build/obj_handwired_stream_cheap_2x4_default/common/util.o
LOAD .build/obj_handwired_stream_cheap_2x4_default/common/eeconfig.o
LOAD .build/obj_handwired_stream_cheap_2x4_default/common/report.o
LOAD .build/obj_handwired_stream_cheap_2x4_default/common/avr/suspend.o
LOAD .build/obj_handwired_stream_cheap_2x4_default/common/avr/timer.o
LOAD .build/obj_handwired_stream_cheap_2x4_default/common/avr/bootloader.o
LOAD .build/obj_handwired_stream_cheap_2x4_default/common/avr/xprintf.o
LOAD .build/obj_handwired_stream_cheap_2x4_default/common/bootmagic_lite.o
LOAD .build/obj_handwired_stream_cheap_2x4_default/common/magic.o
LOAD .build/obj_handwired_stream_cheap_2x4_default/lufa.o
LOAD .build/obj_handwired_stream_cheap_2x4_default/usb_descriptor.o
LOAD .build/obj_handwired_stream_cheap_2x4_default/lib/lufa/LUFA/Drivers/USB/Class/Common/HIDParser.o
LOAD .build/obj_handwired_stream_cheap_2x4_default/lib/lufa/LUFA/Drivers/USB/Core/AVR8/Device_AVR8.o
LOAD .build/obj_handwired_stream_cheap_2x4_default/lib/lufa/LUFA/Drivers/USB/Core/AVR8/EndpointStream_AVR8.o
LOAD .build/obj_handwired_stream_cheap_2x4_default/lib/lufa/LUFA/Drivers/USB/Core/AVR8/Endpoint_AVR8.o
LOAD .build/obj_handwired_stream_cheap_2x4_default/lib/lufa/LUFA/Drivers/USB/Core/AVR8/Host_AVR8.o
LOAD .build/obj_handwired_stream_cheap_2x4_default/lib/lufa/LUFA/Drivers/USB/Core/AVR8/PipeStream_AVR8.o
LOAD .build/obj_handwired_stream_cheap_2x4_default/lib/lufa/LUFA/Drivers/USB/Core/AVR8/Pipe_AVR8.o
LOAD .build/obj_handwired_stream_cheap_2x4_default/lib/lufa/LUFA/Drivers/USB/Core/AVR8/USBController_AVR8.o
LOAD .build/obj_handwired_stream_cheap_2x4_default/lib/lufa/LUFA/Drivers/USB/Core/AVR8/USBInterrupt_AVR8.o
LOAD .build/obj_handwired_stream_cheap_2x4_default/lib/lufa/LUFA/Drivers/USB/Core/ConfigDescriptors.o
LOAD .build/obj_handwired_stream_cheap_2x4_default/lib/lufa/LUFA/Drivers/USB/Core/DeviceStandardReq.o
LOAD .build/obj_handwired_stream_cheap_2x4_default/lib/lufa/LUFA/Drivers/USB/Core/Events.o
LOAD .build/obj_handwired_stream_cheap_2x4_default/lib/lufa/LUFA/Drivers/USB/Core/HostStandardReq.o
LOAD .build/obj_handwired_stream_cheap_2x4_default/lib/lufa/LUFA/Drivers/USB/Core/USBTask.o
LOAD c:/program files/qmk_msys/mingw64/bin/../lib/gcc/avr/8.4.0/../../../../avr/lib/avr5\libm.a
START GROUP
LOAD c:/program files/qmk_msys/mingw64/bin/../lib/gcc/avr/8.4.0/avr5\libgcc.a
LOAD c:/program files/qmk_msys/mingw64/bin/../lib/gcc/avr/8.4.0/../../../../avr/lib/avr5\libm.a
LOAD c:/program files/qmk_msys/mingw64/bin/../lib/gcc/avr/8.4.0/../../../../avr/lib/avr5\libc.a
LOAD c:/program files/qmk_msys/mingw64/bin/../lib/gcc/avr/8.4.0/../../../../avr/lib/avr5\libatmega32u4.a
END GROUP
                0x0000000000020000                __TEXT_REGION_LENGTH__ = DEFINED (__TEXT_REGION_LENGTH__)?__TEXT_REGION_LENGTH__:0x20000
                0x000000000000ffa0                __DATA_REGION_LENGTH__ = DEFINED (__DATA_REGION_LENGTH__)?__DATA_REGION_LENGTH__:0xffa0
                0x0000000000010000                __EEPROM_REGION_LENGTH__ = DEFINED (__EEPROM_REGION_LENGTH__)?__EEPROM_REGION_LENGTH__:0x10000
                0x0000000000000400                __FUSE_REGION_LENGTH__ = DEFINED (__FUSE_REGION_LENGTH__)?__FUSE_REGION_LENGTH__:0x400
                0x0000000000000400                __LOCK_REGION_LENGTH__ = DEFINED (__LOCK_REGION_LENGTH__)?__LOCK_REGION_LENGTH__:0x400
                0x0000000000000400                __SIGNATURE_REGION_LENGTH__ = DEFINED (__SIGNATURE_REGION_LENGTH__)?__SIGNATURE_REGION_LENGTH__:0x400
                0x0000000000000400                __USER_SIGNATURE_REGION_LENGTH__ = DEFINED (__USER_SIGNATURE_REGION_LENGTH__)?__USER_SIGNATURE_REGION_LENGTH__:0x400

.hash
 *(.hash)

.dynsym
 *(.dynsym)

.dynstr
 *(.dynstr)

.gnu.version
 *(.gnu.version)

.gnu.version_d
 *(.gnu.version_d)

.gnu.version_r
 *(.gnu.version_r)

.rel.init
 *(.rel.init)

.rela.init
 *(.rela.init)

.rel.text
 *(.rel.text)
 *(.rel.text.*)
 *(.rel.gnu.linkonce.t*)

.rela.text
 *(.rela.text)
 *(.rela.text.*)
 *(.rela.gnu.linkonce.t*)

.rel.fini
 *(.rel.fini)

.rela.fini
 *(.rela.fini)

.rel.rodata
 *(.rel.rodata)
 *(.rel.rodata.*)
 *(.rel.gnu.linkonce.r*)

.rela.rodata
 *(.rela.rodata)
 *(.rela.rodata.*)
 *(.rela.gnu.linkonce.r*)

.rel.data
 *(.rel.data)
 *(.rel.data.*)
 *(.rel.gnu.linkonce.d*)

.rela.data
 *(.rela.data)
 *(.rela.data.*)
 *(.rela.gnu.linkonce.d*)

.rel.ctors
 *(.rel.ctors)

.rela.ctors
 *(.rela.ctors)

.rel.dtors
 *(.rel.dtors)

.rela.dtors
 *(.rela.dtors)

.rel.got
 *(.rel.got)

.rela.got
 *(.rela.got)

.rel.bss
 *(.rel.bss)

.rela.bss
 *(.rela.bss)

.rel.plt
 *(.rel.plt)

.rela.plt
 *(.rela.plt)

.text           0x0000000000000000     0x38c6
 *(.vectors)
 .vectors       0x0000000000000000       0xac c:/program files/qmk_msys/mingw64/bin/../lib/gcc/avr/8.4.0/../../../../avr/lib/avr5/crtatmega32u4.o
                0x0000000000000000                __vector_default
                0x0000000000000000                __vectors
 *(.vectors)
 *(.progmem.gcc*)
                0x00000000000000ac                . = ALIGN (0x2)
                0x00000000000000ac                __trampolines_start = .
 *(.trampolines)
 .trampolines   0x00000000000000ac        0x0 linker stubs
 *(.trampolines*)
                0x00000000000000ac                __trampolines_end = .
 *libprintf_flt.a:*(.progmem.data)
 *libc.a:*(.progmem.data)
 *(.progmem.*)
 .progmem.data.__c.6042
                0x00000000000000ac        0x7 .build/obj_handwired_stream_cheap_2x4_default/keyboards/handwired/stream_cheap/2x4/keymaps/default/keymap.o
 .progmem.data.__c.6039
                0x00000000000000b3        0x9 .build/obj_handwired_stream_cheap_2x4_default/keyboards/handwired/stream_cheap/2x4/keymaps/default/keymap.o
 .progmem.data.__c.6035
                0x00000000000000bc        0x9 .build/obj_handwired_stream_cheap_2x4_default/keyboards/handwired/stream_cheap/2x4/keymaps/default/keymap.o
 .progmem.data.keymaps
                0x00000000000000c5       0x20 .build/obj_handwired_stream_cheap_2x4_default/keyboards/handwired/stream_cheap/2x4/keymaps/default/keymap.o
                0x00000000000000c5                keymaps
 .progmem.data.ascii_to_keycode_lut
                0x00000000000000e5       0x80 .build/obj_handwired_stream_cheap_2x4_default/quantum/quantum.o
                0x00000000000000e5                ascii_to_keycode_lut
 .progmem.data.ascii_to_altgr_lut
                0x0000000000000165       0x10 .build/obj_handwired_stream_cheap_2x4_default/quantum/quantum.o
                0x0000000000000165                ascii_to_altgr_lut
 .progmem.data.ascii_to_shift_lut
                0x0000000000000175       0x10 .build/obj_handwired_stream_cheap_2x4_default/quantum/quantum.o
                0x0000000000000175                ascii_to_shift_lut
 .progmem.data.fn_actions
                0x0000000000000185        0x0 .build/obj_handwired_stream_cheap_2x4_default/quantum/keymap_common.o
                0x0000000000000185                fn_actions
 .progmem.data.ProductString
                0x0000000000000185       0x24 .build/obj_handwired_stream_cheap_2x4_default/usb_descriptor.o
                0x0000000000000185                ProductString
 .progmem.data.ManufacturerString
                0x00000000000001a9       0x16 .build/obj_handwired_stream_cheap_2x4_default/usb_descriptor.o
                0x00000000000001a9                ManufacturerString
 .progmem.data.LanguageString
                0x00000000000001bf        0x4 .build/obj_handwired_stream_cheap_2x4_default/usb_descriptor.o
                0x00000000000001bf                LanguageString
 .progmem.data.ConfigurationDescriptor
                0x00000000000001c3       0x3b .build/obj_handwired_stream_cheap_2x4_default/usb_descriptor.o
                0x00000000000001c3                ConfigurationDescriptor
 .progmem.data.DeviceDescriptor
                0x00000000000001fe       0x12 .build/obj_handwired_stream_cheap_2x4_default/usb_descriptor.o
                0x00000000000001fe                DeviceDescriptor
 .progmem.data.SharedReport
                0x0000000000000210       0x6d .build/obj_handwired_stream_cheap_2x4_default/usb_descriptor.o
                0x0000000000000210                SharedReport
 .progmem.data.KeyboardReport
                0x000000000000027d       0x40 .build/obj_handwired_stream_cheap_2x4_default/usb_descriptor.o
                0x000000000000027d                KeyboardReport
                0x00000000000002be                . = ALIGN (0x2)
 *fill*         0x00000000000002bd        0x1 
 *(.lowtext)
 *(.lowtext*)
                0x00000000000002be                __ctors_start = .
 *(.ctors)
                0x00000000000002be                __ctors_end = .
                0x00000000000002be                __dtors_start = .
 *(.dtors)
                0x00000000000002be                __dtors_end = .
 SORT_BY_NAME(*)(.ctors)
 SORT_BY_NAME(*)(.dtors)
 *(.init0)
 .init0         0x00000000000002be        0x0 c:/program files/qmk_msys/mingw64/bin/../lib/gcc/avr/8.4.0/../../../../avr/lib/avr5/crtatmega32u4.o
                0x00000000000002be                __init
 *(.init0)
 *(.init1)
 *(.init1)
 *(.init2)
 .init2         0x00000000000002be        0xc c:/program files/qmk_msys/mingw64/bin/../lib/gcc/avr/8.4.0/../../../../avr/lib/avr5/crtatmega32u4.o
 *(.init2)
 *(.init3)
 .init3         0x00000000000002ca       0x54 .build/obj_handwired_stream_cheap_2x4_default/common/avr/bootloader.o
                0x00000000000002ca                bootloader_jump_after_watchdog_reset
 *(.init3)
 *(.init4)
 .init4         0x000000000000031e       0x16 c:/program files/qmk_msys/mingw64/bin/../lib/gcc/avr/8.4.0/avr5\libgcc.a(_copy_data.o)
                0x000000000000031e                __do_copy_data
 .init4         0x0000000000000334       0x10 c:/program files/qmk_msys/mingw64/bin/../lib/gcc/avr/8.4.0/avr5\libgcc.a(_clear_bss.o)
                0x0000000000000334                __do_clear_bss
 *(.init4)
 *(.init5)
 *(.init5)
 *(.init6)
 *(.init6)
 *(.init7)
 *(.init7)
 *(.init8)
 *(.init8)
 *(.init9)
 .init9         0x0000000000000344        0x8 c:/program files/qmk_msys/mingw64/bin/../lib/gcc/avr/8.4.0/../../../../avr/lib/avr5/crtatmega32u4.o
 *(.init9)
 *(.text)
 .text          0x000000000000034c        0x4 c:/program files/qmk_msys/mingw64/bin/../lib/gcc/avr/8.4.0/../../../../avr/lib/avr5/crtatmega32u4.o
                0x000000000000034c                __vector_38
                0x000000000000034c                __vector_22
                0x000000000000034c                __vector_28
                0x000000000000034c                __vector_1
                0x000000000000034c                __vector_32
                0x000000000000034c                __vector_34
                0x000000000000034c                __vector_24
                0x000000000000034c                __bad_interrupt
                0x000000000000034c                __vector_6
                0x000000000000034c                __vector_31
                0x000000000000034c                __vector_35
                0x000000000000034c                __vector_39
                0x000000000000034c                __vector_3
                0x000000000000034c                __vector_23
                0x000000000000034c                __vector_30
                0x000000000000034c                __vector_25
                0x000000000000034c                __vector_13
                0x000000000000034c                __vector_17
                0x000000000000034c                __vector_19
                0x000000000000034c                __vector_7
                0x000000000000034c                __vector_41
                0x000000000000034c                __vector_27
                0x000000000000034c                __vector_5
                0x000000000000034c                __vector_33
                0x000000000000034c                __vector_37
                0x000000000000034c                __vector_4
                0x000000000000034c                __vector_9
                0x000000000000034c                __vector_2
                0x000000000000034c                __vector_15
                0x000000000000034c                __vector_36
                0x000000000000034c                __vector_29
                0x000000000000034c                __vector_40
                0x000000000000034c                __vector_8
                0x000000000000034c                __vector_26
                0x000000000000034c                __vector_14
                0x000000000000034c                __vector_16
                0x000000000000034c                __vector_18
                0x000000000000034c                __vector_20
                0x000000000000034c                __vector_42
                0x0000000000000350                . = ALIGN (0x2)
 *(.text.*)
 .text.process_record_user
                0x0000000000000350       0x42 .build/obj_handwired_stream_cheap_2x4_default/keyboards/handwired/stream_cheap/2x4/keymaps/default/keymap.o
                0x0000000000000350                process_record_user
 .text.process_action_kb
                0x0000000000000392        0x4 .build/obj_handwired_stream_cheap_2x4_default/quantum/quantum.o
                0x0000000000000392                process_action_kb
 .text.process_record_kb
                0x0000000000000396        0x4 .build/obj_handwired_stream_cheap_2x4_default/quantum/quantum.o
                0x0000000000000396                process_record_kb
 .text.post_process_record_user
                0x000000000000039a        0x2 .build/obj_handwired_stream_cheap_2x4_default/quantum/quantum.o
                0x000000000000039a                post_process_record_user
 .text.post_process_record_kb
                0x000000000000039c        0x4 .build/obj_handwired_stream_cheap_2x4_default/quantum/quantum.o
                0x000000000000039c                post_process_record_kb
 .text.get_event_keycode
                0x00000000000003a0       0x66 .build/obj_handwired_stream_cheap_2x4_default/quantum/quantum.o
                0x00000000000003a0                get_event_keycode
 .text.get_record_keycode
                0x0000000000000406       0x12 .build/obj_handwired_stream_cheap_2x4_default/quantum/quantum.o
                0x0000000000000406                get_record_keycode
 .text.post_process_record_quantum
                0x0000000000000418       0x16 .build/obj_handwired_stream_cheap_2x4_default/quantum/quantum.o
                0x0000000000000418                post_process_record_quantum
 .text.send_char
                0x000000000000042e       0x98 .build/obj_handwired_stream_cheap_2x4_default/quantum/quantum.o
                0x000000000000042e                send_char
 .text.send_string_with_delay_P
                0x00000000000004c6       0xd4 .build/obj_handwired_stream_cheap_2x4_default/quantum/quantum.o
                0x00000000000004c6                send_string_with_delay_P
 .text.send_string_P
                0x000000000000059a        0x6 .build/obj_handwired_stream_cheap_2x4_default/quantum/quantum.o
                0x000000000000059a                send_string_P
 .text.matrix_init_quantum
                0x00000000000005a0       0x14 .build/obj_handwired_stream_cheap_2x4_default/quantum/quantum.o
                0x00000000000005a0                matrix_init_quantum
 .text.matrix_scan_quantum
                0x00000000000005b4        0x4 .build/obj_handwired_stream_cheap_2x4_default/quantum/quantum.o
                0x00000000000005b4                matrix_scan_quantum
 .text.shutdown_user
                0x00000000000005b8        0x2 .build/obj_handwired_stream_cheap_2x4_default/quantum/quantum.o
                0x00000000000005b8                shutdown_user
 .text.reset_keyboard
                0x00000000000005ba       0x1e .build/obj_handwired_stream_cheap_2x4_default/quantum/quantum.o
                0x00000000000005ba                reset_keyboard
 .text.process_record_quantum
                0x00000000000005d8       0x78 .build/obj_handwired_stream_cheap_2x4_default/quantum/quantum.o
                0x00000000000005d8                process_record_quantum
 .text.led_set_user
                0x0000000000000650        0x2 .build/obj_handwired_stream_cheap_2x4_default/quantum/led.o
                0x0000000000000650                led_set_user
 .text.led_set_kb
                0x0000000000000652        0x4 .build/obj_handwired_stream_cheap_2x4_default/quantum/led.o
                0x0000000000000652                led_set_kb
 .text.led_update_user
                0x0000000000000656        0x4 .build/obj_handwired_stream_cheap_2x4_default/quantum/led.o
                0x0000000000000656                led_update_user
 .text.led_update_kb
                0x000000000000065a        0x4 .build/obj_handwired_stream_cheap_2x4_default/quantum/led.o
                0x000000000000065a                led_update_kb
 .text.led_set  0x000000000000065e       0x10 .build/obj_handwired_stream_cheap_2x4_default/quantum/led.o
                0x000000000000065e                led_set
 .text.action_get_macro
                0x000000000000066e        0x6 .build/obj_handwired_stream_cheap_2x4_default/quantum/keymap_common.o
                0x000000000000066e                action_get_macro
 .text.action_function
                0x0000000000000674        0x2 .build/obj_handwired_stream_cheap_2x4_default/quantum/keymap_common.o
                0x0000000000000674                action_function
 .text.keymap_key_to_keycode
                0x0000000000000676       0x26 .build/obj_handwired_stream_cheap_2x4_default/quantum/keymap_common.o
                0x0000000000000676                keymap_key_to_keycode
 .text.keymap_function_id_to_action
                0x000000000000069c       0x10 .build/obj_handwired_stream_cheap_2x4_default/quantum/keymap_common.o
                0x000000000000069c                keymap_function_id_to_action
 .text.action_for_key
                0x00000000000006ac      0x218 .build/obj_handwired_stream_cheap_2x4_default/quantum/keymap_common.o
                0x00000000000006ac                action_for_key
 .text.keycode_config
                0x00000000000008c4      0x12e .build/obj_handwired_stream_cheap_2x4_default/quantum/keycode_config.o
                0x00000000000008c4                keycode_config
 .text.mod_config
                0x00000000000009f2       0x86 .build/obj_handwired_stream_cheap_2x4_default/quantum/keycode_config.o
                0x00000000000009f2                mod_config
 .text.matrix_init_user
                0x0000000000000a78        0x2 .build/obj_handwired_stream_cheap_2x4_default/quantum/matrix_common.o
                0x0000000000000a78                matrix_init_user
 .text.matrix_init_kb
                0x0000000000000a7a        0x4 .build/obj_handwired_stream_cheap_2x4_default/quantum/matrix_common.o
                0x0000000000000a7a                matrix_init_kb
 .text.matrix_scan_user
                0x0000000000000a7e        0x2 .build/obj_handwired_stream_cheap_2x4_default/quantum/matrix_common.o
                0x0000000000000a7e                matrix_scan_user
 .text.matrix_scan_kb
                0x0000000000000a80        0x4 .build/obj_handwired_stream_cheap_2x4_default/quantum/matrix_common.o
                0x0000000000000a80                matrix_scan_kb
 .text.matrix_get_row
                0x0000000000000a84        0xc .build/obj_handwired_stream_cheap_2x4_default/quantum/matrix_common.o
                0x0000000000000a84                matrix_get_row
 .text.matrix_print
                0x0000000000000a90        0x2 .build/obj_handwired_stream_cheap_2x4_default/quantum/matrix_common.o
                0x0000000000000a90                matrix_print
 .text.matrix_init
                0x0000000000000a92       0x74 .build/obj_handwired_stream_cheap_2x4_default/quantum/matrix.o
                0x0000000000000a92                matrix_init
 .text.matrix_scan
                0x0000000000000b06       0xaa .build/obj_handwired_stream_cheap_2x4_default/quantum/matrix.o
                0x0000000000000b06                matrix_scan
 .text.debounce_init
                0x0000000000000bb0        0x2 .build/obj_handwired_stream_cheap_2x4_default/quantum/debounce/sym_defer_g.o
                0x0000000000000bb0                debounce_init
 .text.debounce
                0x0000000000000bb2       0x6c .build/obj_handwired_stream_cheap_2x4_default/quantum/debounce/sym_defer_g.o
                0x0000000000000bb2                debounce
 .text.perform_space_cadet
                0x0000000000000c1e       0xd8 .build/obj_handwired_stream_cheap_2x4_default/quantum/process_keycode/process_space_cadet.o
                0x0000000000000c1e                perform_space_cadet
 .text.process_space_cadet
                0x0000000000000cf6       0xa4 .build/obj_handwired_stream_cheap_2x4_default/quantum/process_keycode/process_space_cadet.o
                0x0000000000000cf6                process_space_cadet
 .text.process_magic
                0x0000000000000d9a      0x246 .build/obj_handwired_stream_cheap_2x4_default/quantum/process_keycode/process_magic.o
                0x0000000000000d9a                process_magic
 .text.process_grave_esc
                0x0000000000000fe0       0x54 .build/obj_handwired_stream_cheap_2x4_default/quantum/process_keycode/process_grave_esc.o
                0x0000000000000fe0                process_grave_esc
 .text.host_set_driver
                0x0000000000001034        0xa .build/obj_handwired_stream_cheap_2x4_default/common/host.o
                0x0000000000001034                host_set_driver
 .text.host_keyboard_leds
                0x000000000000103e       0x18 .build/obj_handwired_stream_cheap_2x4_default/common/host.o
                0x000000000000103e                host_keyboard_leds
 .text.host_keyboard_send
                0x0000000000001056       0x34 .build/obj_handwired_stream_cheap_2x4_default/common/host.o
                0x0000000000001056                host_keyboard_send
 .text.host_system_send
                0x000000000000108a       0x2c .build/obj_handwired_stream_cheap_2x4_default/common/host.o
                0x000000000000108a                host_system_send
 .text.host_consumer_send
                0x00000000000010b6       0x2c .build/obj_handwired_stream_cheap_2x4_default/common/host.o
                0x00000000000010b6                host_consumer_send
 .text.disable_jtag
                0x00000000000010e2        0xe .build/obj_handwired_stream_cheap_2x4_default/common/keyboard.o
                0x00000000000010e2                disable_jtag
 .text.keyboard_pre_init_user
                0x00000000000010f0        0x2 .build/obj_handwired_stream_cheap_2x4_default/common/keyboard.o
                0x00000000000010f0                keyboard_pre_init_user
 .text.matrix_setup
                0x00000000000010f2        0x2 .build/obj_handwired_stream_cheap_2x4_default/common/keyboard.o
                0x00000000000010f2                matrix_setup
 .text.keyboard_pre_init_kb
                0x00000000000010f4        0x4 .build/obj_handwired_stream_cheap_2x4_default/common/keyboard.o
                0x00000000000010f4                keyboard_pre_init_kb
 .text.keyboard_post_init_user
                0x00000000000010f8        0x2 .build/obj_handwired_stream_cheap_2x4_default/common/keyboard.o
                0x00000000000010f8                keyboard_post_init_user
 .text.keyboard_post_init_kb
                0x00000000000010fa        0x4 .build/obj_handwired_stream_cheap_2x4_default/common/keyboard.o
                0x00000000000010fa                keyboard_post_init_kb
 .text.keyboard_setup
                0x00000000000010fe        0xc .build/obj_handwired_stream_cheap_2x4_default/common/keyboard.o
                0x00000000000010fe                keyboard_setup
 .text.is_keyboard_master
                0x000000000000110a        0x4 .build/obj_handwired_stream_cheap_2x4_default/common/keyboard.o
                0x000000000000110a                is_keyboard_master
 .text.should_process_keypress
                0x000000000000110e        0x4 .build/obj_handwired_stream_cheap_2x4_default/common/keyboard.o
                0x000000000000110e                should_process_keypress
 .text.housekeeping_task_kb
                0x0000000000001112        0x2 .build/obj_handwired_stream_cheap_2x4_default/common/keyboard.o
                0x0000000000001112                housekeeping_task_kb
 .text.housekeeping_task_user
                0x0000000000001114        0x2 .build/obj_handwired_stream_cheap_2x4_default/common/keyboard.o
                0x0000000000001114                housekeeping_task_user
 .text.keyboard_init
                0x0000000000001116       0x10 .build/obj_handwired_stream_cheap_2x4_default/common/keyboard.o
                0x0000000000001116                keyboard_init
 .text.keyboard_task
                0x0000000000001126      0x134 .build/obj_handwired_stream_cheap_2x4_default/common/keyboard.o
                0x0000000000001126                keyboard_task
 .text.action_exec
                0x000000000000125a       0x54 .build/obj_handwired_stream_cheap_2x4_default/common/action.o
                0x000000000000125a                action_exec
 .text.process_record_tap_hint
                0x00000000000012ae        0xa .build/obj_handwired_stream_cheap_2x4_default/common/action.o
                0x00000000000012ae                process_record_tap_hint
 .text.register_code
                0x00000000000012b8      0x114 .build/obj_handwired_stream_cheap_2x4_default/common/action.o
                0x00000000000012b8                register_code
 .text.unregister_code
                0x00000000000013cc       0x9e .build/obj_handwired_stream_cheap_2x4_default/common/action.o
                0x00000000000013cc                unregister_code
 .text.tap_code
                0x000000000000146a       0x26 .build/obj_handwired_stream_cheap_2x4_default/common/action.o
                0x000000000000146a                tap_code
 .text.register_mods
                0x0000000000001490        0xe .build/obj_handwired_stream_cheap_2x4_default/common/action.o
                0x0000000000001490                register_mods
 .text.unregister_mods
                0x000000000000149e        0xe .build/obj_handwired_stream_cheap_2x4_default/common/action.o
                0x000000000000149e                unregister_mods
 .text.process_action
                0x00000000000014ac      0x41c .build/obj_handwired_stream_cheap_2x4_default/common/action.o
                0x00000000000014ac                process_action
 .text.process_record_handler
                0x00000000000018c8       0x2e .build/obj_handwired_stream_cheap_2x4_default/common/action.o
                0x00000000000018c8                process_record_handler
 .text.process_record
                0x00000000000018f6       0x50 .build/obj_handwired_stream_cheap_2x4_default/common/action.o
                0x00000000000018f6                process_record
 .text.clear_keyboard_but_mods_and_keys
                0x0000000000001946       0x1c .build/obj_handwired_stream_cheap_2x4_default/common/action.o
                0x0000000000001946                clear_keyboard_but_mods_and_keys
 .text.clear_keyboard_but_mods
                0x0000000000001962        0x8 .build/obj_handwired_stream_cheap_2x4_default/common/action.o
                0x0000000000001962                clear_keyboard_but_mods
 .text.clear_keyboard
                0x000000000000196a        0x8 .build/obj_handwired_stream_cheap_2x4_default/common/action.o
                0x000000000000196a                clear_keyboard
 .text.is_tap_action
                0x0000000000001972       0x3e .build/obj_handwired_stream_cheap_2x4_default/common/action.o
                0x0000000000001972                is_tap_action
 .text.is_tap_key
                0x00000000000019b0        0x8 .build/obj_handwired_stream_cheap_2x4_default/common/action.o
                0x00000000000019b0                is_tap_key
 .text.debug_event
                0x00000000000019b8       0x1e .build/obj_handwired_stream_cheap_2x4_default/common/action.o
                0x00000000000019b8                debug_event
 .text.debug_record
                0x00000000000019d6       0x20 .build/obj_handwired_stream_cheap_2x4_default/common/action.o
                0x00000000000019d6                debug_record
 .text.debug_waiting_buffer
                0x00000000000019f6       0x42 .build/obj_handwired_stream_cheap_2x4_default/common/action_tapping.o
 .text.debug_tapping_key
                0x0000000000001a38       0x1c .build/obj_handwired_stream_cheap_2x4_default/common/action_tapping.o
 .text.waiting_buffer_scan_tap
                0x0000000000001a54       0xac .build/obj_handwired_stream_cheap_2x4_default/common/action_tapping.o
 .text.process_tapping
                0x0000000000001b00      0x356 .build/obj_handwired_stream_cheap_2x4_default/common/action_tapping.o
 .text.action_tapping_process
                0x0000000000001e56      0x134 .build/obj_handwired_stream_cheap_2x4_default/common/action_tapping.o
                0x0000000000001e56                action_tapping_process
 .text.action_macro_play
                0x0000000000001f8a       0xf0 .build/obj_handwired_stream_cheap_2x4_default/common/action_macro.o
                0x0000000000001f8a                action_macro_play
 .text.default_layer_state_set_user
                0x000000000000207a        0x2 .build/obj_handwired_stream_cheap_2x4_default/common/action_layer.o
                0x000000000000207a                default_layer_state_set_user
 .text.default_layer_state_set_kb
                0x000000000000207c        0x4 .build/obj_handwired_stream_cheap_2x4_default/common/action_layer.o
                0x000000000000207c                default_layer_state_set_kb
 .text.default_layer_state_set
                0x0000000000002080       0x18 .build/obj_handwired_stream_cheap_2x4_default/common/action_layer.o
 .text.default_layer_debug
                0x0000000000002098        0x2 .build/obj_handwired_stream_cheap_2x4_default/common/action_layer.o
                0x0000000000002098                default_layer_debug
 .text.default_layer_set
                0x000000000000209a        0x4 .build/obj_handwired_stream_cheap_2x4_default/common/action_layer.o
                0x000000000000209a                default_layer_set
 .text.default_layer_or
                0x000000000000209e       0x24 .build/obj_handwired_stream_cheap_2x4_default/common/action_layer.o
                0x000000000000209e                default_layer_or
 .text.default_layer_and
                0x00000000000020c2       0x24 .build/obj_handwired_stream_cheap_2x4_default/common/action_layer.o
                0x00000000000020c2                default_layer_and
 .text.default_layer_xor
                0x00000000000020e6       0x24 .build/obj_handwired_stream_cheap_2x4_default/common/action_layer.o
                0x00000000000020e6                default_layer_xor
 .text.layer_state_set_user
                0x000000000000210a        0x4 .build/obj_handwired_stream_cheap_2x4_default/common/action_layer.o
                0x000000000000210a                layer_state_set_user
 .text.layer_state_set_kb
                0x000000000000210e        0x4 .build/obj_handwired_stream_cheap_2x4_default/common/action_layer.o
                0x000000000000210e                layer_state_set_kb
 .text.layer_state_set
                0x0000000000002112       0x18 .build/obj_handwired_stream_cheap_2x4_default/common/action_layer.o
                0x0000000000002112                layer_state_set
 .text.layer_clear
                0x000000000000212a        0xa .build/obj_handwired_stream_cheap_2x4_default/common/action_layer.o
                0x000000000000212a                layer_clear
 .text.layer_move
                0x0000000000002134       0x2a .build/obj_handwired_stream_cheap_2x4_default/common/action_layer.o
                0x0000000000002134                layer_move
 .text.layer_on
                0x000000000000215e       0x42 .build/obj_handwired_stream_cheap_2x4_default/common/action_layer.o
                0x000000000000215e                layer_on
 .text.layer_off
                0x00000000000021a0       0x46 .build/obj_handwired_stream_cheap_2x4_default/common/action_layer.o
                0x00000000000021a0                layer_off
 .text.layer_invert
                0x00000000000021e6       0x42 .build/obj_handwired_stream_cheap_2x4_default/common/action_layer.o
                0x00000000000021e6                layer_invert
 .text.layer_or
                0x0000000000002228       0x24 .build/obj_handwired_stream_cheap_2x4_default/common/action_layer.o
                0x0000000000002228                layer_or
 .text.layer_and
                0x000000000000224c       0x24 .build/obj_handwired_stream_cheap_2x4_default/common/action_layer.o
                0x000000000000224c                layer_and
 .text.layer_xor
                0x0000000000002270       0x24 .build/obj_handwired_stream_cheap_2x4_default/common/action_layer.o
                0x0000000000002270                layer_xor
 .text.layer_debug
                0x0000000000002294        0x2 .build/obj_handwired_stream_cheap_2x4_default/common/action_layer.o
                0x0000000000002294                layer_debug
 .text.update_source_layers_cache
                0x0000000000002296       0x58 .build/obj_handwired_stream_cheap_2x4_default/common/action_layer.o
                0x0000000000002296                update_source_layers_cache
 .text.read_source_layers_cache
                0x00000000000022ee       0x4e .build/obj_handwired_stream_cheap_2x4_default/common/action_layer.o
                0x00000000000022ee                read_source_layers_cache
 .text.layer_switch_get_layer
                0x000000000000233c       0x84 .build/obj_handwired_stream_cheap_2x4_default/common/action_layer.o
                0x000000000000233c                layer_switch_get_layer
 .text.layer_switch_get_action
                0x00000000000023c0       0x14 .build/obj_handwired_stream_cheap_2x4_default/common/action_layer.o
                0x00000000000023c0                layer_switch_get_action
 .text.store_or_get_action
                0x00000000000023d4       0x48 .build/obj_handwired_stream_cheap_2x4_default/common/action_layer.o
                0x00000000000023d4                store_or_get_action
 .text.add_key  0x000000000000241c        0xe .build/obj_handwired_stream_cheap_2x4_default/common/action_util.o
                0x000000000000241c                add_key
 .text.del_key  0x000000000000242a        0xe .build/obj_handwired_stream_cheap_2x4_default/common/action_util.o
                0x000000000000242a                del_key
 .text.clear_keys
                0x0000000000002438        0xc .build/obj_handwired_stream_cheap_2x4_default/common/action_util.o
                0x0000000000002438                clear_keys
 .text.get_oneshot_layer
                0x0000000000002444        0xc .build/obj_handwired_stream_cheap_2x4_default/common/action_util.o
                0x0000000000002444                get_oneshot_layer
 .text.get_oneshot_layer_state
                0x0000000000002450        0x8 .build/obj_handwired_stream_cheap_2x4_default/common/action_util.o
                0x0000000000002450                get_oneshot_layer_state
 .text.is_oneshot_layer_active
                0x0000000000002458        0xe .build/obj_handwired_stream_cheap_2x4_default/common/action_util.o
                0x0000000000002458                is_oneshot_layer_active
 .text.get_mods
                0x0000000000002466        0x6 .build/obj_handwired_stream_cheap_2x4_default/common/action_util.o
                0x0000000000002466                get_mods
 .text.add_mods
                0x000000000000246c        0xc .build/obj_handwired_stream_cheap_2x4_default/common/action_util.o
                0x000000000000246c                add_mods
 .text.del_mods
                0x0000000000002478        0xe .build/obj_handwired_stream_cheap_2x4_default/common/action_util.o
                0x0000000000002478                del_mods
 .text.clear_mods
                0x0000000000002486        0x6 .build/obj_handwired_stream_cheap_2x4_default/common/action_util.o
                0x0000000000002486                clear_mods
 .text.add_weak_mods
                0x000000000000248c        0xc .build/obj_handwired_stream_cheap_2x4_default/common/action_util.o
                0x000000000000248c                add_weak_mods
 .text.del_weak_mods
                0x0000000000002498        0xe .build/obj_handwired_stream_cheap_2x4_default/common/action_util.o
                0x0000000000002498                del_weak_mods
 .text.clear_weak_mods
                0x00000000000024a6        0x6 .build/obj_handwired_stream_cheap_2x4_default/common/action_util.o
                0x00000000000024a6                clear_weak_mods
 .text.add_macro_mods
                0x00000000000024ac        0xc .build/obj_handwired_stream_cheap_2x4_default/common/action_util.o
                0x00000000000024ac                add_macro_mods
 .text.del_macro_mods
                0x00000000000024b8        0xe .build/obj_handwired_stream_cheap_2x4_default/common/action_util.o
                0x00000000000024b8                del_macro_mods
 .text.clear_macro_mods
                0x00000000000024c6        0x6 .build/obj_handwired_stream_cheap_2x4_default/common/action_util.o
                0x00000000000024c6                clear_macro_mods
 .text.get_oneshot_mods
                0x00000000000024cc        0x6 .build/obj_handwired_stream_cheap_2x4_default/common/action_util.o
                0x00000000000024cc                get_oneshot_mods
 .text.oneshot_mods_changed_user
                0x00000000000024d2        0x2 .build/obj_handwired_stream_cheap_2x4_default/common/action_util.o
                0x00000000000024d2                oneshot_mods_changed_user
 .text.oneshot_mods_changed_kb
                0x00000000000024d4        0x4 .build/obj_handwired_stream_cheap_2x4_default/common/action_util.o
                0x00000000000024d4                oneshot_mods_changed_kb
 .text.set_oneshot_mods
                0x00000000000024d8       0x12 .build/obj_handwired_stream_cheap_2x4_default/common/action_util.o
                0x00000000000024d8                set_oneshot_mods
 .text.clear_oneshot_mods
                0x00000000000024ea       0x14 .build/obj_handwired_stream_cheap_2x4_default/common/action_util.o
                0x00000000000024ea                clear_oneshot_mods
 .text.send_keyboard_report
                0x00000000000024fe       0x66 .build/obj_handwired_stream_cheap_2x4_default/common/action_util.o
                0x00000000000024fe                send_keyboard_report
 .text.oneshot_layer_changed_user
                0x0000000000002564        0x2 .build/obj_handwired_stream_cheap_2x4_default/common/action_util.o
                0x0000000000002564                oneshot_layer_changed_user
 .text.oneshot_layer_changed_kb
                0x0000000000002566        0x4 .build/obj_handwired_stream_cheap_2x4_default/common/action_util.o
                0x0000000000002566                oneshot_layer_changed_kb
 .text.set_oneshot_layer
                0x000000000000256a       0x20 .build/obj_handwired_stream_cheap_2x4_default/common/action_util.o
                0x000000000000256a                set_oneshot_layer
 .text.reset_oneshot_layer
                0x000000000000258a        0xa .build/obj_handwired_stream_cheap_2x4_default/common/action_util.o
                0x000000000000258a                reset_oneshot_layer
 .text.clear_oneshot_layer_state
                0x0000000000002594       0x30 .build/obj_handwired_stream_cheap_2x4_default/common/action_util.o
                0x0000000000002594                clear_oneshot_layer_state
 .text.eeconfig_disable
                0x00000000000025c4        0xc .build/obj_handwired_stream_cheap_2x4_default/common/eeconfig.o
                0x00000000000025c4                eeconfig_disable
 .text.eeconfig_is_enabled
                0x00000000000025d0       0x16 .build/obj_handwired_stream_cheap_2x4_default/common/eeconfig.o
                0x00000000000025d0                eeconfig_is_enabled
 .text.eeconfig_read_debug
                0x00000000000025e6        0x8 .build/obj_handwired_stream_cheap_2x4_default/common/eeconfig.o
                0x00000000000025e6                eeconfig_read_debug
 .text.eeconfig_read_default_layer
                0x00000000000025ee        0x8 .build/obj_handwired_stream_cheap_2x4_default/common/eeconfig.o
                0x00000000000025ee                eeconfig_read_default_layer
 .text.eeconfig_read_keymap
                0x00000000000025f6       0x1c .build/obj_handwired_stream_cheap_2x4_default/common/eeconfig.o
                0x00000000000025f6                eeconfig_read_keymap
 .text.eeconfig_update_keymap
                0x0000000000002612       0x1a .build/obj_handwired_stream_cheap_2x4_default/common/eeconfig.o
                0x0000000000002612                eeconfig_update_keymap
 .text.eeconfig_update_kb
                0x000000000000262c        0xc .build/obj_handwired_stream_cheap_2x4_default/common/eeconfig.o
                0x000000000000262c                eeconfig_update_kb
 .text.eeconfig_update_user
                0x0000000000002638        0xc .build/obj_handwired_stream_cheap_2x4_default/common/eeconfig.o
                0x0000000000002638                eeconfig_update_user
 .text.eeconfig_init_user
                0x0000000000002644        0xa .build/obj_handwired_stream_cheap_2x4_default/common/eeconfig.o
                0x0000000000002644                eeconfig_init_user
 .text.eeconfig_init_kb
                0x000000000000264e        0xe .build/obj_handwired_stream_cheap_2x4_default/common/eeconfig.o
                0x000000000000264e                eeconfig_init_kb
 .text.eeconfig_init_quantum
                0x000000000000265c       0xbc .build/obj_handwired_stream_cheap_2x4_default/common/eeconfig.o
                0x000000000000265c                eeconfig_init_quantum
 .text.eeconfig_init
                0x0000000000002718        0x4 .build/obj_handwired_stream_cheap_2x4_default/common/eeconfig.o
                0x0000000000002718                eeconfig_init
 .text.eeconfig_update_handedness
                0x000000000000271c        0xa .build/obj_handwired_stream_cheap_2x4_default/common/eeconfig.o
                0x000000000000271c                eeconfig_update_handedness
 .text.has_anykey
                0x0000000000002726       0x28 .build/obj_handwired_stream_cheap_2x4_default/common/report.o
                0x0000000000002726                has_anykey
 .text.is_key_pressed
                0x000000000000274e       0x60 .build/obj_handwired_stream_cheap_2x4_default/common/report.o
                0x000000000000274e                is_key_pressed
 .text.add_key_byte
                0x00000000000027ae       0x34 .build/obj_handwired_stream_cheap_2x4_default/common/report.o
                0x00000000000027ae                add_key_byte
 .text.del_key_byte
                0x00000000000027e2       0x1a .build/obj_handwired_stream_cheap_2x4_default/common/report.o
                0x00000000000027e2                del_key_byte
 .text.add_key_bit
                0x00000000000027fc       0x28 .build/obj_handwired_stream_cheap_2x4_default/common/report.o
                0x00000000000027fc                add_key_bit
 .text.del_key_bit
                0x0000000000002824       0x2a .build/obj_handwired_stream_cheap_2x4_default/common/report.o
                0x0000000000002824                del_key_bit
 .text.add_key_to_report
                0x000000000000284e       0x16 .build/obj_handwired_stream_cheap_2x4_default/common/report.o
                0x000000000000284e                add_key_to_report
 .text.del_key_from_report
                0x0000000000002864       0x16 .build/obj_handwired_stream_cheap_2x4_default/common/report.o
                0x0000000000002864                del_key_from_report
 .text.clear_keys_from_report
                0x000000000000287a       0x24 .build/obj_handwired_stream_cheap_2x4_default/common/report.o
                0x000000000000287a                clear_keys_from_report
 .text.matrix_power_up
                0x000000000000289e        0x2 .build/obj_handwired_stream_cheap_2x4_default/common/avr/suspend.o
                0x000000000000289e                matrix_power_up
 .text.suspend_power_down_user
                0x00000000000028a0        0x2 .build/obj_handwired_stream_cheap_2x4_default/common/avr/suspend.o
                0x00000000000028a0                suspend_power_down_user
 .text.suspend_power_down_kb
                0x00000000000028a2        0x4 .build/obj_handwired_stream_cheap_2x4_default/common/avr/suspend.o
                0x00000000000028a2                suspend_power_down_kb
 .text.suspend_power_down
                0x00000000000028a6       0x60 .build/obj_handwired_stream_cheap_2x4_default/common/avr/suspend.o
                0x00000000000028a6                suspend_power_down
 .text.matrix_power_down
                0x0000000000002906        0x2 .build/obj_handwired_stream_cheap_2x4_default/common/avr/suspend.o
                0x0000000000002906                matrix_power_down
 .text.suspend_wakeup_condition
                0x0000000000002908       0x2a .build/obj_handwired_stream_cheap_2x4_default/common/avr/suspend.o
                0x0000000000002908                suspend_wakeup_condition
 .text.suspend_wakeup_init_user
                0x0000000000002932        0x2 .build/obj_handwired_stream_cheap_2x4_default/common/avr/suspend.o
                0x0000000000002932                suspend_wakeup_init_user
 .text.suspend_wakeup_init_kb
                0x0000000000002934        0x4 .build/obj_handwired_stream_cheap_2x4_default/common/avr/suspend.o
                0x0000000000002934                suspend_wakeup_init_kb
 .text.suspend_wakeup_init
                0x0000000000002938       0x10 .build/obj_handwired_stream_cheap_2x4_default/common/avr/suspend.o
                0x0000000000002938                suspend_wakeup_init
 .text.__vector_12
                0x0000000000002948       0x4e .build/obj_handwired_stream_cheap_2x4_default/common/avr/suspend.o
                0x0000000000002948                __vector_12
 .text.timer_init
                0x0000000000002996       0x12 .build/obj_handwired_stream_cheap_2x4_default/common/avr/timer.o
                0x0000000000002996                timer_init
 .text.timer_read
                0x00000000000029a8       0x18 .build/obj_handwired_stream_cheap_2x4_default/common/avr/timer.o
                0x00000000000029a8                timer_read
 .text.timer_elapsed
                0x00000000000029c0       0x1e .build/obj_handwired_stream_cheap_2x4_default/common/avr/timer.o
                0x00000000000029c0                timer_elapsed
 .text.__vector_21
                0x00000000000029de       0x48 .build/obj_handwired_stream_cheap_2x4_default/common/avr/timer.o
                0x00000000000029de                __vector_21
 .text.bootloader_jump
                0x0000000000002a26       0x22 .build/obj_handwired_stream_cheap_2x4_default/common/avr/bootloader.o
                0x0000000000002a26                bootloader_jump
 .text.bootmagic_lite_reset_eeprom
                0x0000000000002a48        0x4 .build/obj_handwired_stream_cheap_2x4_default/common/bootmagic_lite.o
                0x0000000000002a48                bootmagic_lite_reset_eeprom
 .text.bootmagic_lite
                0x0000000000002a4c       0x28 .build/obj_handwired_stream_cheap_2x4_default/common/bootmagic_lite.o
                0x0000000000002a4c                bootmagic_lite
 .text.magic    0x0000000000002a74       0x44 .build/obj_handwired_stream_cheap_2x4_default/common/magic.o
                0x0000000000002a74                magic
 .text.keyboard_leds
                0x0000000000002ab8        0x6 .build/obj_handwired_stream_cheap_2x4_default/lufa.o
 .text.send_mouse
                0x0000000000002abe        0x2 .build/obj_handwired_stream_cheap_2x4_default/lufa.o
 .text.send_extra
                0x0000000000002ac0       0x66 .build/obj_handwired_stream_cheap_2x4_default/lufa.o
 .text.send_consumer
                0x0000000000002b26        0x8 .build/obj_handwired_stream_cheap_2x4_default/lufa.o
 .text.send_system
                0x0000000000002b2e        0x8 .build/obj_handwired_stream_cheap_2x4_default/lufa.o
 .text.send_keyboard
                0x0000000000002b36       0x80 .build/obj_handwired_stream_cheap_2x4_default/lufa.o
 .text.EVENT_USB_Device_Connect
                0x0000000000002bb6       0x1c .build/obj_handwired_stream_cheap_2x4_default/lufa.o
                0x0000000000002bb6                EVENT_USB_Device_Connect
 .text.EVENT_USB_Device_Disconnect
                0x0000000000002bd2        0x6 .build/obj_handwired_stream_cheap_2x4_default/lufa.o
                0x0000000000002bd2                EVENT_USB_Device_Disconnect
 .text.EVENT_USB_Device_Reset
                0x0000000000002bd8        0x2 .build/obj_handwired_stream_cheap_2x4_default/lufa.o
                0x0000000000002bd8                EVENT_USB_Device_Reset
 .text.EVENT_USB_Device_Suspend
                0x0000000000002bda        0x2 .build/obj_handwired_stream_cheap_2x4_default/lufa.o
                0x0000000000002bda                EVENT_USB_Device_Suspend
 .text.EVENT_USB_Device_WakeUp
                0x0000000000002bdc        0x4 .build/obj_handwired_stream_cheap_2x4_default/lufa.o
                0x0000000000002bdc                EVENT_USB_Device_WakeUp
 .text.EVENT_USB_Device_ConfigurationChanged
                0x0000000000002be0       0x14 .build/obj_handwired_stream_cheap_2x4_default/lufa.o
                0x0000000000002be0                EVENT_USB_Device_ConfigurationChanged
 .text.EVENT_USB_Device_ControlRequest
                0x0000000000002bf4      0x16e .build/obj_handwired_stream_cheap_2x4_default/lufa.o
                0x0000000000002bf4                EVENT_USB_Device_ControlRequest
 .text.startup.main
                0x0000000000002d62       0x86 .build/obj_handwired_stream_cheap_2x4_default/lufa.o
                0x0000000000002d62                main
 .text.CALLBACK_USB_GetDescriptor
                0x0000000000002de8        0x4 .build/obj_handwired_stream_cheap_2x4_default/lufa.o
                0x0000000000002de8                CALLBACK_USB_GetDescriptor
 .text.get_usb_descriptor
                0x0000000000002dec       0xb0 .build/obj_handwired_stream_cheap_2x4_default/usb_descriptor.o
                0x0000000000002dec                get_usb_descriptor
 .text.USB_Device_SendRemoteWakeup
                0x0000000000002e9c       0x2a .build/obj_handwired_stream_cheap_2x4_default/lib/lufa/LUFA/Drivers/USB/Core/AVR8/Device_AVR8.o
                0x0000000000002e9c                USB_Device_SendRemoteWakeup
 .text.Endpoint_Write_Stream_LE
                0x0000000000002ec6       0x9e .build/obj_handwired_stream_cheap_2x4_default/lib/lufa/LUFA/Drivers/USB/Core/AVR8/EndpointStream_AVR8.o
                0x0000000000002ec6                Endpoint_Write_Stream_LE
 .text.Endpoint_Write_Control_Stream_LE
                0x0000000000002f64       0xbc .build/obj_handwired_stream_cheap_2x4_default/lib/lufa/LUFA/Drivers/USB/Core/AVR8/EndpointStream_AVR8.o
                0x0000000000002f64                Endpoint_Write_Control_Stream_LE
 .text.Endpoint_Write_Control_PStream_LE
                0x0000000000003020       0xbe .build/obj_handwired_stream_cheap_2x4_default/lib/lufa/LUFA/Drivers/USB/Core/AVR8/EndpointStream_AVR8.o
                0x0000000000003020                Endpoint_Write_Control_PStream_LE
 .text.Endpoint_ConfigureEndpoint_Prv
                0x00000000000030de       0x68 .build/obj_handwired_stream_cheap_2x4_default/lib/lufa/LUFA/Drivers/USB/Core/AVR8/Endpoint_AVR8.o
                0x00000000000030de                Endpoint_ConfigureEndpoint_Prv
 .text.Endpoint_ClearStatusStage
                0x0000000000003146       0x3e .build/obj_handwired_stream_cheap_2x4_default/lib/lufa/LUFA/Drivers/USB/Core/AVR8/Endpoint_AVR8.o
                0x0000000000003146                Endpoint_ClearStatusStage
 .text.Endpoint_WaitUntilReady
                0x0000000000003184       0x62 .build/obj_handwired_stream_cheap_2x4_default/lib/lufa/LUFA/Drivers/USB/Core/AVR8/Endpoint_AVR8.o
                0x0000000000003184                Endpoint_WaitUntilReady
 .text.USB_Disable
                0x00000000000031e6       0x34 .build/obj_handwired_stream_cheap_2x4_default/lib/lufa/LUFA/Drivers/USB/Core/AVR8/USBController_AVR8.o
                0x00000000000031e6                USB_Disable
 .text.USB_ResetInterface
                0x000000000000321a       0x86 .build/obj_handwired_stream_cheap_2x4_default/lib/lufa/LUFA/Drivers/USB/Core/AVR8/USBController_AVR8.o
                0x000000000000321a                USB_ResetInterface
 .text.USB_Init
                0x00000000000032a0       0x22 .build/obj_handwired_stream_cheap_2x4_default/lib/lufa/LUFA/Drivers/USB/Core/AVR8/USBController_AVR8.o
                0x00000000000032a0                USB_Init
 .text.USB_INT_DisableAllInterrupts
                0x00000000000032c2       0x10 .build/obj_handwired_stream_cheap_2x4_default/lib/lufa/LUFA/Drivers/USB/Core/AVR8/USBInterrupt_AVR8.o
                0x00000000000032c2                USB_INT_DisableAllInterrupts
 .text.USB_INT_ClearAllInterrupts
                0x00000000000032d2        0xa .build/obj_handwired_stream_cheap_2x4_default/lib/lufa/LUFA/Drivers/USB/Core/AVR8/USBInterrupt_AVR8.o
                0x00000000000032d2                USB_INT_ClearAllInterrupts
 .text.__vector_10
                0x00000000000032dc      0x1a2 .build/obj_handwired_stream_cheap_2x4_default/lib/lufa/LUFA/Drivers/USB/Core/AVR8/USBInterrupt_AVR8.o
                0x00000000000032dc                __vector_10
 .text.__vector_11
                0x000000000000347e       0x88 .build/obj_handwired_stream_cheap_2x4_default/lib/lufa/LUFA/Drivers/USB/Core/AVR8/USBInterrupt_AVR8.o
                0x000000000000347e                __vector_11
 .text.USB_Device_ProcessControlRequest
                0x0000000000003506      0x2a4 .build/obj_handwired_stream_cheap_2x4_default/lib/lufa/LUFA/Drivers/USB/Core/DeviceStandardReq.o
                0x0000000000003506                USB_Device_ProcessControlRequest
 .text.USB_Event_Stub
                0x00000000000037aa        0x2 .build/obj_handwired_stream_cheap_2x4_default/lib/lufa/LUFA/Drivers/USB/Core/Events.o
                0x00000000000037aa                EVENT_USB_Device_StartOfFrame
                0x00000000000037aa                USB_Event_Stub
 .text.USB_USBTask
                0x00000000000037ac       0x36 .build/obj_handwired_stream_cheap_2x4_default/lib/lufa/LUFA/Drivers/USB/Core/USBTask.o
                0x00000000000037ac                USB_USBTask
 .text.libgcc   0x00000000000037e2        0xc c:/program files/qmk_msys/mingw64/bin/../lib/gcc/avr/8.4.0/avr5\libgcc.a(_tablejump2.o)
                0x00000000000037e2                __tablejump2__
 .text.avr-libc
                0x00000000000037ee       0x10 c:/program files/qmk_msys/mingw64/bin/../lib/gcc/avr/8.4.0/../../../../avr/lib/avr5\libatmega32u4.a(eerd_byte.o)
                0x00000000000037ee                eeprom_read_byte
 .text.avr-libc
                0x00000000000037fe        0xc c:/program files/qmk_msys/mingw64/bin/../lib/gcc/avr/8.4.0/../../../../avr/lib/avr5\libatmega32u4.a(eerd_word.o)
                0x00000000000037fe                eeprom_read_word
 .text.avr-libc
                0x000000000000380a       0x24 c:/program files/qmk_msys/mingw64/bin/../lib/gcc/avr/8.4.0/../../../../avr/lib/avr5\libatmega32u4.a(eeupd_byte.o)
                0x000000000000380a                eeprom_update_byte
                0x000000000000380c                eeprom_update_r18
 .text.avr-libc
                0x000000000000382e       0x18 c:/program files/qmk_msys/mingw64/bin/../lib/gcc/avr/8.4.0/../../../../avr/lib/avr5\libatmega32u4.a(eeupd_dword.o)
                0x000000000000382e                eeprom_update_float
                0x000000000000382e                eeprom_update_dword
 .text.avr-libc
                0x0000000000003846        0xc c:/program files/qmk_msys/mingw64/bin/../lib/gcc/avr/8.4.0/../../../../avr/lib/avr5\libatmega32u4.a(eeupd_word.o)
                0x0000000000003846                eeprom_update_word
 .text.avr-libc
                0x0000000000003852       0x20 c:/program files/qmk_msys/mingw64/bin/../lib/gcc/avr/8.4.0/../../../../avr/lib/avr5\libatmega32u4.a(eerd_block.o)
                0x0000000000003852                eeprom_read_block
                0x0000000000003856                eeprom_read_blraw
                0x0000000000003872                . = ALIGN (0x2)
 *(.fini9)
 .fini9         0x0000000000003872        0x0 c:/program files/qmk_msys/mingw64/bin/../lib/gcc/avr/8.4.0/avr5\libgcc.a(_exit.o)
                0x0000000000003872                _exit
                0x0000000000003872                exit
 *(.fini9)
 *(.fini8)
 *(.fini8)
 *(.fini7)
 *(.fini7)
 *(.fini6)
 *(.fini6)
 *(.fini5)
 *(.fini5)
 *(.fini4)
 *(.fini4)
 *(.fini3)
 *(.fini3)
 *(.fini2)
 *(.fini2)
 *(.fini1)
 *(.fini1)
 *(.fini0)
 .fini0         0x0000000000003872        0x4 c:/program files/qmk_msys/mingw64/bin/../lib/gcc/avr/8.4.0/avr5\libgcc.a(_exit.o)
 *(.fini0)
 *(.hightext)
 *(.hightext*)
 *(.progmemx.*)
                0x0000000000003876                . = ALIGN (0x2)
 *(.jumptables)
 *(.jumptables*)
 .jumptables.gcc.process_action
                0x0000000000003876       0x20 .build/obj_handwired_stream_cheap_2x4_default/common/action.o
 .jumptables.gcc.is_tap_action
                0x0000000000003896       0x1c .build/obj_handwired_stream_cheap_2x4_default/common/action.o
 .jumptables.gcc.USB_Device_ProcessControlRequest
                0x00000000000038b2       0x14 .build/obj_handwired_stream_cheap_2x4_default/lib/lufa/LUFA/Drivers/USB/Core/DeviceStandardReq.o
                0x00000000000038c6                _etext = .

.data           0x0000000000800100       0x78 load address 0x00000000000038c6
                0x0000000000800100                PROVIDE (__data_start = .)
 *(.data)
 *(.data*)
 .data.keyboard_report
                0x0000000000800100        0x2 .build/obj_handwired_stream_cheap_2x4_default/common/action_util.o
                0x0000000000800100                keyboard_report
 .data.lufa_driver
                0x0000000000800102        0xa .build/obj_handwired_stream_cheap_2x4_default/lufa.o
                0x0000000000800102                lufa_driver
 .data.keyboard_protocol
                0x000000000080010c        0x1 .build/obj_handwired_stream_cheap_2x4_default/lufa.o
                0x000000000080010c                keyboard_protocol
 *(.gnu.linkonce.d*)
 *(.rodata)
 *(.rodata*)
 .rodata.CSWTCH.1
                0x000000000080010d       0x2e .build/obj_handwired_stream_cheap_2x4_default/quantum/keymap_common.o
 .rodata.CSWTCH.0
                0x000000000080013b        0x3 .build/obj_handwired_stream_cheap_2x4_default/quantum/keymap_common.o
 .rodata.direct_pins
                0x000000000080013e        0x8 .build/obj_handwired_stream_cheap_2x4_default/quantum/matrix.o
 .rodata.CSWTCH.11
                0x0000000000800146       0x2e .build/obj_handwired_stream_cheap_2x4_default/common/action.o
 .rodata.CSWTCH.10
                0x0000000000800174        0x3 .build/obj_handwired_stream_cheap_2x4_default/common/action.o
 *(.gnu.linkonce.r*)
                0x0000000000800178                . = ALIGN (0x2)
 *fill*         0x0000000000800177        0x1 
                0x0000000000800178                _edata = .
                0x0000000000800178                PROVIDE (__data_end = .)

.bss            0x0000000000800178       0xb6
                0x0000000000800178                PROVIDE (__bss_start = .)
 *(.bss)
 *(.bss*)
 .bss.debouncing_time
                0x0000000000800178        0x2 .build/obj_handwired_stream_cheap_2x4_default/quantum/debounce/sym_defer_g.o
 .bss.debouncing
                0x000000000080017a        0x1 .build/obj_handwired_stream_cheap_2x4_default/quantum/debounce/sym_defer_g.o
 .bss.sc_timer  0x000000000080017b        0x2 .build/obj_handwired_stream_cheap_2x4_default/quantum/process_keycode/process_space_cadet.o
 .bss.sc_last   0x000000000080017d        0x1 .build/obj_handwired_stream_cheap_2x4_default/quantum/process_keycode/process_space_cadet.o
 .bss.grave_esc_was_shifted
                0x000000000080017e        0x1 .build/obj_handwired_stream_cheap_2x4_default/quantum/process_keycode/process_grave_esc.o
 .bss.last_consumer_report
                0x000000000080017f        0x2 .build/obj_handwired_stream_cheap_2x4_default/common/host.o
 .bss.last_system_report
                0x0000000000800181        0x2 .build/obj_handwired_stream_cheap_2x4_default/common/host.o
 .bss.driver    0x0000000000800183        0x2 .build/obj_handwired_stream_cheap_2x4_default/common/host.o
 .bss.led_status.5662
                0x0000000000800185        0x1 .build/obj_handwired_stream_cheap_2x4_default/common/keyboard.o
 .bss.matrix_prev.5661
                0x0000000000800186        0x2 .build/obj_handwired_stream_cheap_2x4_default/common/keyboard.o
 .bss.disable_action_cache
                0x0000000000800188        0x1 .build/obj_handwired_stream_cheap_2x4_default/common/action.o
                0x0000000000800188                disable_action_cache
 .bss.waiting_buffer_tail
                0x0000000000800189        0x1 .build/obj_handwired_stream_cheap_2x4_default/common/action_tapping.o
 .bss.waiting_buffer_head
                0x000000000080018a        0x1 .build/obj_handwired_stream_cheap_2x4_default/common/action_tapping.o
 .bss.waiting_buffer
                0x000000000080018b       0x30 .build/obj_handwired_stream_cheap_2x4_default/common/action_tapping.o
 .bss.tapping_key
                0x00000000008001bb        0x6 .build/obj_handwired_stream_cheap_2x4_default/common/action_tapping.o
 .bss.source_layers_cache
                0x00000000008001c1        0x5 .build/obj_handwired_stream_cheap_2x4_default/common/action_layer.o
                0x00000000008001c1                source_layers_cache
 .bss.layer_state
                0x00000000008001c6        0x4 .build/obj_handwired_stream_cheap_2x4_default/common/action_layer.o
                0x00000000008001c6                layer_state
 .bss.default_layer_state
                0x00000000008001ca        0x4 .build/obj_handwired_stream_cheap_2x4_default/common/action_layer.o
                0x00000000008001ca                default_layer_state
 .bss.oneshot_layer_data
                0x00000000008001ce        0x1 .build/obj_handwired_stream_cheap_2x4_default/common/action_util.o
 .bss.oneshot_mods
                0x00000000008001cf        0x1 .build/obj_handwired_stream_cheap_2x4_default/common/action_util.o
 .bss.__compound_literal.0
                0x00000000008001d0       0x20 .build/obj_handwired_stream_cheap_2x4_default/common/action_util.o
 .bss.macro_mods
                0x00000000008001f0        0x1 .build/obj_handwired_stream_cheap_2x4_default/common/action_util.o
 .bss.weak_mods
                0x00000000008001f1        0x1 .build/obj_handwired_stream_cheap_2x4_default/common/action_util.o
 .bss.real_mods
                0x00000000008001f2        0x1 .build/obj_handwired_stream_cheap_2x4_default/common/action_util.o
 .bss.debug_config
                0x00000000008001f3        0x1 .build/obj_handwired_stream_cheap_2x4_default/common/debug.o
                0x00000000008001f3                debug_config
 .bss.wdt_timeout
                0x00000000008001f4        0x1 .build/obj_handwired_stream_cheap_2x4_default/common/avr/suspend.o
 .bss.keyboard_report_sent
                0x00000000008001f5       0x20 .build/obj_handwired_stream_cheap_2x4_default/lufa.o
 .bss.keyboard_led_state
                0x0000000000800215        0x1 .build/obj_handwired_stream_cheap_2x4_default/lufa.o
 .bss.keyboard_idle
                0x0000000000800216        0x1 .build/obj_handwired_stream_cheap_2x4_default/lufa.o
                0x0000000000800216                keyboard_idle
 *(COMMON)
 COMMON         0x0000000000800217        0x4 .build/obj_handwired_stream_cheap_2x4_default/quantum/matrix_common.o
                0x0000000000800217                raw_matrix
                0x0000000000800219                matrix
 COMMON         0x000000000080021b        0x4 .build/obj_handwired_stream_cheap_2x4_default/common/avr/timer.o
                0x000000000080021b                timer_count
 COMMON         0x000000000080021f        0x2 .build/obj_handwired_stream_cheap_2x4_default/common/magic.o
                0x000000000080021f                keymap_config
 COMMON         0x0000000000800221        0x3 .build/obj_handwired_stream_cheap_2x4_default/lib/lufa/LUFA/Drivers/USB/Core/DeviceStandardReq.o
                0x0000000000800221                USB_Device_ConfigurationNumber
                0x0000000000800222                USB_Device_CurrentlySelfPowered
                0x0000000000800223                USB_Device_RemoteWakeupEnabled
 COMMON         0x0000000000800224        0xa .build/obj_handwired_stream_cheap_2x4_default/lib/lufa/LUFA/Drivers/USB/Core/USBTask.o
                0x0000000000800224                USB_IsInitialized
                0x0000000000800225                USB_DeviceState
                0x0000000000800226                USB_ControlRequest
                0x000000000080022e                PROVIDE (__bss_end = .)
                0x00000000000038c6                __data_load_start = LOADADDR (.data)
                0x000000000000393e                __data_load_end = (__data_load_start + SIZEOF (.data))

.noinit         0x000000000080022e        0x4
                [!provide]                        PROVIDE (__noinit_start = .)
 *(.noinit*)
 .noinit        0x000000000080022e        0x4 .build/obj_handwired_stream_cheap_2x4_default/common/avr/bootloader.o
                0x000000000080022e                reset_key
                [!provide]                        PROVIDE (__noinit_end = .)
                0x0000000000800232                _end = .
                [!provide]                        PROVIDE (__heap_start = .)

.eeprom         0x0000000000810000        0x0
 *(.eeprom*)
                0x0000000000810000                __eeprom_end = .

.fuse
 *(.fuse)
 *(.lfuse)
 *(.hfuse)
 *(.efuse)

.lock
 *(.lock*)

.signature
 *(.signature*)

.stab
 *(.stab)

.stabstr        0x0000000000000000       0x8a
 *(.stabstr)
 .stabstr       0x0000000000000000       0x8a .build/obj_handwired_stream_cheap_2x4_default/common/avr/xprintf.o

.stab.excl
 *(.stab.excl)

.stab.exclstr
 *(.stab.exclstr)

.stab.index
 *(.stab.index)

.stab.indexstr
 *(.stab.indexstr)

.comment        0x0000000000000000       0x11
 *(.comment)
 .comment       0x0000000000000000       0x11 .build/obj_handwired_stream_cheap_2x4_default/keyboards/handwired/stream_cheap/2x4/keymaps/default/keymap.o
                                         0x12 (size before relaxing)
 .comment       0x0000000000000011       0x12 .build/obj_handwired_stream_cheap_2x4_default/quantum/quantum.o
 .comment       0x0000000000000011       0x12 .build/obj_handwired_stream_cheap_2x4_default/quantum/led.o
 .comment       0x0000000000000011       0x12 .build/obj_handwired_stream_cheap_2x4_default/quantum/keymap_common.o
 .comment       0x0000000000000011       0x12 .build/obj_handwired_stream_cheap_2x4_default/quantum/keycode_config.o
 .comment       0x0000000000000011       0x12 .build/obj_handwired_stream_cheap_2x4_default/quantum/matrix_common.o
 .comment       0x0000000000000011       0x12 .build/obj_handwired_stream_cheap_2x4_default/quantum/matrix.o
 .comment       0x0000000000000011       0x12 .build/obj_handwired_stream_cheap_2x4_default/quantum/debounce/sym_defer_g.o
 .comment       0x0000000000000011       0x12 .build/obj_handwired_stream_cheap_2x4_default/quantum/process_keycode/process_space_cadet.o
 .comment       0x0000000000000011       0x12 .build/obj_handwired_stream_cheap_2x4_default/quantum/process_keycode/process_magic.o
 .comment       0x0000000000000011       0x12 .build/obj_handwired_stream_cheap_2x4_default/quantum/process_keycode/process_grave_esc.o
 .comment       0x0000000000000011       0x12 .build/obj_handwired_stream_cheap_2x4_default/common/host.o
 .comment       0x0000000000000011       0x12 .build/obj_handwired_stream_cheap_2x4_default/common/keyboard.o
 .comment       0x0000000000000011       0x12 .build/obj_handwired_stream_cheap_2x4_default/common/action.o
 .comment       0x0000000000000011       0x12 .build/obj_handwired_stream_cheap_2x4_default/common/action_tapping.o
 .comment       0x0000000000000011       0x12 .build/obj_handwired_stream_cheap_2x4_default/common/action_macro.o
 .comment       0x0000000000000011       0x12 .build/obj_handwired_stream_cheap_2x4_default/common/action_layer.o
 .comment       0x0000000000000011       0x12 .build/obj_handwired_stream_cheap_2x4_default/common/action_util.o
 .comment       0x0000000000000011       0x12 .build/obj_handwired_stream_cheap_2x4_default/common/debug.o
 .comment       0x0000000000000011       0x12 .build/obj_handwired_stream_cheap_2x4_default/common/eeconfig.o
 .comment       0x0000000000000011       0x12 .build/obj_handwired_stream_cheap_2x4_default/common/report.o
 .comment       0x0000000000000011       0x12 .build/obj_handwired_stream_cheap_2x4_default/common/avr/suspend.o
 .comment       0x0000000000000011       0x12 .build/obj_handwired_stream_cheap_2x4_default/common/avr/timer.o
 .comment       0x0000000000000011       0x12 .build/obj_handwired_stream_cheap_2x4_default/common/avr/bootloader.o
 .comment       0x0000000000000011       0x12 .build/obj_handwired_stream_cheap_2x4_default/common/bootmagic_lite.o
 .comment       0x0000000000000011       0x12 .build/obj_handwired_stream_cheap_2x4_default/common/magic.o
 .comment       0x0000000000000011       0x12 .build/obj_handwired_stream_cheap_2x4_default/lufa.o
 .comment       0x0000000000000011       0x12 .build/obj_handwired_stream_cheap_2x4_default/usb_descriptor.o
 .comment       0x0000000000000011       0x12 .build/obj_handwired_stream_cheap_2x4_default/lib/lufa/LUFA/Drivers/USB/Core/AVR8/Device_AVR8.o
 .comment       0x0000000000000011       0x12 .build/obj_handwired_stream_cheap_2x4_default/lib/lufa/LUFA/Drivers/USB/Core/AVR8/EndpointStream_AVR8.o
 .comment       0x0000000000000011       0x12 .build/obj_handwired_stream_cheap_2x4_default/lib/lufa/LUFA/Drivers/USB/Core/AVR8/Endpoint_AVR8.o
 .comment       0x0000000000000011       0x12 .build/obj_handwired_stream_cheap_2x4_default/lib/lufa/LUFA/Drivers/USB/Core/AVR8/USBController_AVR8.o
 .comment       0x0000000000000011       0x12 .build/obj_handwired_stream_cheap_2x4_default/lib/lufa/LUFA/Drivers/USB/Core/AVR8/USBInterrupt_AVR8.o
 .comment       0x0000000000000011       0x12 .build/obj_handwired_stream_cheap_2x4_default/lib/lufa/LUFA/Drivers/USB/Core/DeviceStandardReq.o
 .comment       0x0000000000000011       0x12 .build/obj_handwired_stream_cheap_2x4_default/lib/lufa/LUFA/Drivers/USB/Core/Events.o
 .comment       0x0000000000000011       0x12 .build/obj_handwired_stream_cheap_2x4_default/lib/lufa/LUFA/Drivers/USB/Core/USBTask.o

.note.gnu.avr.deviceinfo
                0x0000000000000000       0x40
 .note.gnu.avr.deviceinfo
                0x0000000000000000       0x40 c:/program files/qmk_msys/mingw64/bin/../lib/gcc/avr/8.4.0/../../../../avr/lib/avr5/crtatmega32u4.o

.note.gnu.build-id
 *(.note.gnu.build-id)

.debug
 *(.debug)

.line
 *(.line)

.debug_srcinfo
 *(.debug_srcinfo)

.debug_sfnames
 *(.debug_sfnames)

.debug_aranges  0x0000000000000000      0xc98
 *(.debug_aranges)
 .debug_aranges
                0x0000000000000000       0x20 .build/obj_handwired_stream_cheap_2x4_default/keyboards/handwired/stream_cheap/2x4/keymaps/default/keymap.o
 .debug_aranges
                0x0000000000000020      0x118 .build/obj_handwired_stream_cheap_2x4_default/quantum/quantum.o
 .debug_aranges
                0x0000000000000138       0x48 .build/obj_handwired_stream_cheap_2x4_default/quantum/led.o
 .debug_aranges
                0x0000000000000180       0x40 .build/obj_handwired_stream_cheap_2x4_default/quantum/keymap_common.o
 .debug_aranges
                0x00000000000001c0       0x28 .build/obj_handwired_stream_cheap_2x4_default/quantum/keycode_config.o
 .debug_aranges
                0x00000000000001e8       0x90 .build/obj_handwired_stream_cheap_2x4_default/quantum/matrix_common.o
 .debug_aranges
                0x0000000000000278       0x28 .build/obj_handwired_stream_cheap_2x4_default/quantum/matrix.o
 .debug_aranges
                0x00000000000002a0       0x30 .build/obj_handwired_stream_cheap_2x4_default/quantum/debounce/sym_defer_g.o
 .debug_aranges
                0x00000000000002d0       0x28 .build/obj_handwired_stream_cheap_2x4_default/quantum/process_keycode/process_space_cadet.o
 .debug_aranges
                0x00000000000002f8       0x20 .build/obj_handwired_stream_cheap_2x4_default/quantum/process_keycode/process_magic.o
 .debug_aranges
                0x0000000000000318       0x20 .build/obj_handwired_stream_cheap_2x4_default/quantum/process_keycode/process_grave_esc.o
 .debug_aranges
                0x0000000000000338       0x68 .build/obj_handwired_stream_cheap_2x4_default/common/host.o
 .debug_aranges
                0x00000000000003a0       0x68 .build/obj_handwired_stream_cheap_2x4_default/common/keyboard.o
 .debug_aranges
                0x0000000000000408       0xd0 .build/obj_handwired_stream_cheap_2x4_default/common/action.o
 .debug_aranges
                0x00000000000004d8       0x48 .build/obj_handwired_stream_cheap_2x4_default/common/action_tapping.o
 .debug_aranges
                0x0000000000000520       0x20 .build/obj_handwired_stream_cheap_2x4_default/common/action_macro.o
 .debug_aranges
                0x0000000000000540       0xe0 .build/obj_handwired_stream_cheap_2x4_default/common/action_layer.o
 .debug_aranges
                0x0000000000000620      0x150 .build/obj_handwired_stream_cheap_2x4_default/common/action_util.o
 .debug_aranges
                0x0000000000000770       0x18 .build/obj_handwired_stream_cheap_2x4_default/common/debug.o
 .debug_aranges
                0x0000000000000788       0xe8 .build/obj_handwired_stream_cheap_2x4_default/common/eeconfig.o
 .debug_aranges
                0x0000000000000870       0x68 .build/obj_handwired_stream_cheap_2x4_default/common/report.o
 .debug_aranges
                0x00000000000008d8       0x58 .build/obj_handwired_stream_cheap_2x4_default/common/avr/suspend.o
 .debug_aranges
                0x0000000000000930       0x50 .build/obj_handwired_stream_cheap_2x4_default/common/avr/timer.o
 .debug_aranges
                0x0000000000000980       0x28 .build/obj_handwired_stream_cheap_2x4_default/common/avr/bootloader.o
 .debug_aranges
                0x00000000000009a8       0x28 .build/obj_handwired_stream_cheap_2x4_default/common/bootmagic_lite.o
 .debug_aranges
                0x00000000000009d0       0x20 .build/obj_handwired_stream_cheap_2x4_default/common/magic.o
 .debug_aranges
                0x00000000000009f0       0x88 .build/obj_handwired_stream_cheap_2x4_default/lufa.o
 .debug_aranges
                0x0000000000000a78       0x20 .build/obj_handwired_stream_cheap_2x4_default/usb_descriptor.o
 .debug_aranges
                0x0000000000000a98       0x20 .build/obj_handwired_stream_cheap_2x4_default/lib/lufa/LUFA/Drivers/USB/Core/AVR8/Device_AVR8.o
 .debug_aranges
                0x0000000000000ab8       0xc8 .build/obj_handwired_stream_cheap_2x4_default/lib/lufa/LUFA/Drivers/USB/Core/AVR8/EndpointStream_AVR8.o
 .debug_aranges
                0x0000000000000b80       0x40 .build/obj_handwired_stream_cheap_2x4_default/lib/lufa/LUFA/Drivers/USB/Core/AVR8/Endpoint_AVR8.o
 .debug_aranges
                0x0000000000000bc0       0x30 .build/obj_handwired_stream_cheap_2x4_default/lib/lufa/LUFA/Drivers/USB/Core/AVR8/USBController_AVR8.o
 .debug_aranges
                0x0000000000000bf0       0x38 .build/obj_handwired_stream_cheap_2x4_default/lib/lufa/LUFA/Drivers/USB/Core/AVR8/USBInterrupt_AVR8.o
 .debug_aranges
                0x0000000000000c28       0x20 .build/obj_handwired_stream_cheap_2x4_default/lib/lufa/LUFA/Drivers/USB/Core/DeviceStandardReq.o
 .debug_aranges
                0x0000000000000c48       0x30 .build/obj_handwired_stream_cheap_2x4_default/lib/lufa/LUFA/Drivers/USB/Core/Events.o
 .debug_aranges
                0x0000000000000c78       0x20 .build/obj_handwired_stream_cheap_2x4_default/lib/lufa/LUFA/Drivers/USB/Core/USBTask.o

.debug_pubnames
 *(.debug_pubnames)

.debug_info     0x0000000000000000    0x1d0c7
 *(.debug_info .gnu.linkonce.wi.*)
 .debug_info    0x0000000000000000      0x9f4 c:/program files/qmk_msys/mingw64/bin/../lib/gcc/avr/8.4.0/../../../../avr/lib/avr5/crtatmega32u4.o
 .debug_info    0x00000000000009f4     0x171a .build/obj_handwired_stream_cheap_2x4_default/keyboards/handwired/stream_cheap/2x4/keymaps/default/keymap.o
 .debug_info    0x000000000000210e     0x2994 .build/obj_handwired_stream_cheap_2x4_default/quantum/quantum.o
 .debug_info    0x0000000000004aa2      0x7f1 .build/obj_handwired_stream_cheap_2x4_default/quantum/led.o
 .debug_info    0x0000000000005293     0x1f8c .build/obj_handwired_stream_cheap_2x4_default/quantum/keymap_common.o
 .debug_info    0x000000000000721f      0x63c .build/obj_handwired_stream_cheap_2x4_default/quantum/keycode_config.o
 .debug_info    0x000000000000785b      0x5e6 .build/obj_handwired_stream_cheap_2x4_default/quantum/matrix_common.o
 .debug_info    0x0000000000007e41      0x8b7 .build/obj_handwired_stream_cheap_2x4_default/quantum/matrix.o
 .debug_info    0x00000000000086f8      0x732 .build/obj_handwired_stream_cheap_2x4_default/quantum/debounce/sym_defer_g.o
 .debug_info    0x0000000000008e2a     0x1764 .build/obj_handwired_stream_cheap_2x4_default/quantum/process_keycode/process_space_cadet.o
 .debug_info    0x000000000000a58e     0x124f .build/obj_handwired_stream_cheap_2x4_default/quantum/process_keycode/process_magic.o
 .debug_info    0x000000000000b7dd     0x16af .build/obj_handwired_stream_cheap_2x4_default/quantum/process_keycode/process_grave_esc.o
 .debug_info    0x000000000000ce8c      0x88d .build/obj_handwired_stream_cheap_2x4_default/common/host.o
 .debug_info    0x000000000000d719      0x915 .build/obj_handwired_stream_cheap_2x4_default/common/keyboard.o
 .debug_info    0x000000000000e02e     0x2215 .build/obj_handwired_stream_cheap_2x4_default/common/action.o
 .debug_info    0x0000000000010243      0xf99 .build/obj_handwired_stream_cheap_2x4_default/common/action_tapping.o
 .debug_info    0x00000000000111dc      0xb40 .build/obj_handwired_stream_cheap_2x4_default/common/action_macro.o
 .debug_info    0x0000000000011d1c      0xc9a .build/obj_handwired_stream_cheap_2x4_default/common/action_layer.o
 .debug_info    0x00000000000129b6      0xe17 .build/obj_handwired_stream_cheap_2x4_default/common/action_util.o
 .debug_info    0x00000000000137cd      0x110 .build/obj_handwired_stream_cheap_2x4_default/common/debug.o
 .debug_info    0x00000000000138dd      0x911 .build/obj_handwired_stream_cheap_2x4_default/common/eeconfig.o
 .debug_info    0x00000000000141ee      0xc7f .build/obj_handwired_stream_cheap_2x4_default/common/report.o
 .debug_info    0x0000000000014e6d      0x787 .build/obj_handwired_stream_cheap_2x4_default/common/avr/suspend.o
 .debug_info    0x00000000000155f4      0x443 .build/obj_handwired_stream_cheap_2x4_default/common/avr/timer.o
 .debug_info    0x0000000000015a37      0x357 .build/obj_handwired_stream_cheap_2x4_default/common/avr/bootloader.o
 .debug_info    0x0000000000015d8e      0x763 .build/obj_handwired_stream_cheap_2x4_default/common/bootmagic_lite.o
 .debug_info    0x00000000000164f1      0x550 .build/obj_handwired_stream_cheap_2x4_default/common/magic.o
 .debug_info    0x0000000000016a41     0x1591 .build/obj_handwired_stream_cheap_2x4_default/lufa.o
 .debug_info    0x0000000000017fd2      0x9b2 .build/obj_handwired_stream_cheap_2x4_default/usb_descriptor.o
 .debug_info    0x0000000000018984      0x1c0 .build/obj_handwired_stream_cheap_2x4_default/lib/lufa/LUFA/Drivers/USB/Core/AVR8/Device_AVR8.o
 .debug_info    0x0000000000018b44     0x1da4 .build/obj_handwired_stream_cheap_2x4_default/lib/lufa/LUFA/Drivers/USB/Core/AVR8/EndpointStream_AVR8.o
 .debug_info    0x000000000001a8e8      0x75d .build/obj_handwired_stream_cheap_2x4_default/lib/lufa/LUFA/Drivers/USB/Core/AVR8/Endpoint_AVR8.o
 .debug_info    0x000000000001b045      0x606 .build/obj_handwired_stream_cheap_2x4_default/lib/lufa/LUFA/Drivers/USB/Core/AVR8/USBController_AVR8.o
 .debug_info    0x000000000001b64b      0xa3f .build/obj_handwired_stream_cheap_2x4_default/lib/lufa/LUFA/Drivers/USB/Core/AVR8/USBInterrupt_AVR8.o
 .debug_info    0x000000000001c08a      0xc59 .build/obj_handwired_stream_cheap_2x4_default/lib/lufa/LUFA/Drivers/USB/Core/DeviceStandardReq.o
 .debug_info    0x000000000001cce3       0xe9 .build/obj_handwired_stream_cheap_2x4_default/lib/lufa/LUFA/Drivers/USB/Core/Events.o
 .debug_info    0x000000000001cdcc      0x2fb .build/obj_handwired_stream_cheap_2x4_default/lib/lufa/LUFA/Drivers/USB/Core/USBTask.o

.debug_abbrev   0x0000000000000000     0x626a
 *(.debug_abbrev)
 .debug_abbrev  0x0000000000000000      0x96a c:/program files/qmk_msys/mingw64/bin/../lib/gcc/avr/8.4.0/../../../../avr/lib/avr5/crtatmega32u4.o
 .debug_abbrev  0x000000000000096a      0x1fa .build/obj_handwired_stream_cheap_2x4_default/keyboards/handwired/stream_cheap/2x4/keymaps/default/keymap.o
 .debug_abbrev  0x0000000000000b64      0x4c9 .build/obj_handwired_stream_cheap_2x4_default/quantum/quantum.o
 .debug_abbrev  0x000000000000102d      0x24a .build/obj_handwired_stream_cheap_2x4_default/quantum/led.o
 .debug_abbrev  0x0000000000001277      0x317 .build/obj_handwired_stream_cheap_2x4_default/quantum/keymap_common.o
 .debug_abbrev  0x000000000000158e      0x119 .build/obj_handwired_stream_cheap_2x4_default/quantum/keycode_config.o
 .debug_abbrev  0x00000000000016a7      0x30d .build/obj_handwired_stream_cheap_2x4_default/quantum/matrix_common.o
 .debug_abbrev  0x00000000000019b4      0x2c6 .build/obj_handwired_stream_cheap_2x4_default/quantum/matrix.o
 .debug_abbrev  0x0000000000001c7a      0x231 .build/obj_handwired_stream_cheap_2x4_default/quantum/debounce/sym_defer_g.o
 .debug_abbrev  0x0000000000001eab      0x233 .build/obj_handwired_stream_cheap_2x4_default/quantum/process_keycode/process_space_cadet.o
 .debug_abbrev  0x00000000000020de      0x1cf .build/obj_handwired_stream_cheap_2x4_default/quantum/process_keycode/process_magic.o
 .debug_abbrev  0x00000000000022ad      0x21d .build/obj_handwired_stream_cheap_2x4_default/quantum/process_keycode/process_grave_esc.o
 .debug_abbrev  0x00000000000024ca      0x282 .build/obj_handwired_stream_cheap_2x4_default/common/host.o
 .debug_abbrev  0x000000000000274c      0x33c .build/obj_handwired_stream_cheap_2x4_default/common/keyboard.o
 .debug_abbrev  0x0000000000002a88      0x4b9 .build/obj_handwired_stream_cheap_2x4_default/common/action.o
 .debug_abbrev  0x0000000000002f41      0x35f .build/obj_handwired_stream_cheap_2x4_default/common/action_tapping.o
 .debug_abbrev  0x00000000000032a0      0x284 .build/obj_handwired_stream_cheap_2x4_default/common/action_macro.o
 .debug_abbrev  0x0000000000003524      0x30f .build/obj_handwired_stream_cheap_2x4_default/common/action_layer.o
 .debug_abbrev  0x0000000000003833      0x3a3 .build/obj_handwired_stream_cheap_2x4_default/common/action_util.o
 .debug_abbrev  0x0000000000003bd6       0xa2 .build/obj_handwired_stream_cheap_2x4_default/common/debug.o
 .debug_abbrev  0x0000000000003c78      0x135 .build/obj_handwired_stream_cheap_2x4_default/common/eeconfig.o
 .debug_abbrev  0x0000000000003dad      0x2a9 .build/obj_handwired_stream_cheap_2x4_default/common/report.o
 .debug_abbrev  0x0000000000004056      0x323 .build/obj_handwired_stream_cheap_2x4_default/common/avr/suspend.o
 .debug_abbrev  0x0000000000004379      0x1ba .build/obj_handwired_stream_cheap_2x4_default/common/avr/timer.o
 .debug_abbrev  0x0000000000004533      0x200 .build/obj_handwired_stream_cheap_2x4_default/common/avr/bootloader.o
 .debug_abbrev  0x0000000000004733      0x247 .build/obj_handwired_stream_cheap_2x4_default/common/bootmagic_lite.o
 .debug_abbrev  0x000000000000497a      0x1b4 .build/obj_handwired_stream_cheap_2x4_default/common/magic.o
 .debug_abbrev  0x0000000000004b2e      0x562 .build/obj_handwired_stream_cheap_2x4_default/lufa.o
 .debug_abbrev  0x0000000000005090      0x207 .build/obj_handwired_stream_cheap_2x4_default/usb_descriptor.o
 .debug_abbrev  0x0000000000005297       0xcb .build/obj_handwired_stream_cheap_2x4_default/lib/lufa/LUFA/Drivers/USB/Core/AVR8/Device_AVR8.o
 .debug_abbrev  0x0000000000005362      0x23b .build/obj_handwired_stream_cheap_2x4_default/lib/lufa/LUFA/Drivers/USB/Core/AVR8/EndpointStream_AVR8.o
 .debug_abbrev  0x000000000000559d      0x29d .build/obj_handwired_stream_cheap_2x4_default/lib/lufa/LUFA/Drivers/USB/Core/AVR8/Endpoint_AVR8.o
 .debug_abbrev  0x000000000000583a      0x1f5 .build/obj_handwired_stream_cheap_2x4_default/lib/lufa/LUFA/Drivers/USB/Core/AVR8/USBController_AVR8.o
 .debug_abbrev  0x0000000000005a2f      0x2b9 .build/obj_handwired_stream_cheap_2x4_default/lib/lufa/LUFA/Drivers/USB/Core/AVR8/USBInterrupt_AVR8.o
 .debug_abbrev  0x0000000000005ce8      0x346 .build/obj_handwired_stream_cheap_2x4_default/lib/lufa/LUFA/Drivers/USB/Core/DeviceStandardReq.o
 .debug_abbrev  0x000000000000602e       0x89 .build/obj_handwired_stream_cheap_2x4_default/lib/lufa/LUFA/Drivers/USB/Core/Events.o
 .debug_abbrev  0x00000000000060b7      0x1b3 .build/obj_handwired_stream_cheap_2x4_default/lib/lufa/LUFA/Drivers/USB/Core/USBTask.o

.debug_line     0x0000000000000000    0x1202d
 *(.debug_line .debug_line.* .debug_line_end)
 .debug_line    0x0000000000000000       0x1d c:/program files/qmk_msys/mingw64/bin/../lib/gcc/avr/8.4.0/../../../../avr/lib/avr5/crtatmega32u4.o
 .debug_line    0x000000000000001d      0x32c .build/obj_handwired_stream_cheap_2x4_default/keyboards/handwired/stream_cheap/2x4/keymaps/default/keymap.o
 .debug_line    0x0000000000000349     0x1631 .build/obj_handwired_stream_cheap_2x4_default/quantum/quantum.o
 .debug_line    0x000000000000197a      0x2ee .build/obj_handwired_stream_cheap_2x4_default/quantum/led.o
 .debug_line    0x0000000000001c68      0x6f6 .build/obj_handwired_stream_cheap_2x4_default/quantum/keymap_common.o
 .debug_line    0x000000000000235e      0x598 .build/obj_handwired_stream_cheap_2x4_default/quantum/keycode_config.o
 .debug_line    0x00000000000028f6      0x50d .build/obj_handwired_stream_cheap_2x4_default/quantum/matrix_common.o
 .debug_line    0x0000000000002e03      0x4f8 .build/obj_handwired_stream_cheap_2x4_default/quantum/matrix.o
 .debug_line    0x00000000000032fb      0x354 .build/obj_handwired_stream_cheap_2x4_default/quantum/debounce/sym_defer_g.o
 .debug_line    0x000000000000364f      0x513 .build/obj_handwired_stream_cheap_2x4_default/quantum/process_keycode/process_space_cadet.o
 .debug_line    0x0000000000003b62      0x501 .build/obj_handwired_stream_cheap_2x4_default/quantum/process_keycode/process_magic.o
 .debug_line    0x0000000000004063      0x338 .build/obj_handwired_stream_cheap_2x4_default/quantum/process_keycode/process_grave_esc.o
 .debug_line    0x000000000000439b      0x447 .build/obj_handwired_stream_cheap_2x4_default/common/host.o
 .debug_line    0x00000000000047e2      0x5bf .build/obj_handwired_stream_cheap_2x4_default/common/keyboard.o
 .debug_line    0x0000000000004da1     0x15c9 .build/obj_handwired_stream_cheap_2x4_default/common/action.o
 .debug_line    0x000000000000636a      0xd40 .build/obj_handwired_stream_cheap_2x4_default/common/action_tapping.o
 .debug_line    0x00000000000070aa      0x4e1 .build/obj_handwired_stream_cheap_2x4_default/common/action_macro.o
 .debug_line    0x000000000000758b      0x93a .build/obj_handwired_stream_cheap_2x4_default/common/action_layer.o
 .debug_line    0x0000000000007ec5      0xa6f .build/obj_handwired_stream_cheap_2x4_default/common/action_util.o
 .debug_line    0x0000000000008934       0x7d .build/obj_handwired_stream_cheap_2x4_default/common/debug.o
 .debug_line    0x00000000000089b1      0x521 .build/obj_handwired_stream_cheap_2x4_default/common/eeconfig.o
 .debug_line    0x0000000000008ed2      0x736 .build/obj_handwired_stream_cheap_2x4_default/common/report.o
 .debug_line    0x0000000000009608      0x4ae .build/obj_handwired_stream_cheap_2x4_default/common/avr/suspend.o
 .debug_line    0x0000000000009ab6      0x4d1 .build/obj_handwired_stream_cheap_2x4_default/common/avr/timer.o
 .debug_line    0x0000000000009f87      0x274 .build/obj_handwired_stream_cheap_2x4_default/common/avr/bootloader.o
 .debug_line    0x000000000000a1fb      0x320 .build/obj_handwired_stream_cheap_2x4_default/common/bootmagic_lite.o
 .debug_line    0x000000000000a51b      0x20f .build/obj_handwired_stream_cheap_2x4_default/common/magic.o
 .debug_line    0x000000000000a72a     0x1076 .build/obj_handwired_stream_cheap_2x4_default/lufa.o
 .debug_line    0x000000000000b7a0      0x39a .build/obj_handwired_stream_cheap_2x4_default/usb_descriptor.o
 .debug_line    0x000000000000bb3a      0x25a .build/obj_handwired_stream_cheap_2x4_default/lib/lufa/LUFA/Drivers/USB/Core/AVR8/Device_AVR8.o
 .debug_line    0x000000000000bd94     0x33c9 .build/obj_handwired_stream_cheap_2x4_default/lib/lufa/LUFA/Drivers/USB/Core/AVR8/EndpointStream_AVR8.o
 .debug_line    0x000000000000f15d      0x9f8 .build/obj_handwired_stream_cheap_2x4_default/lib/lufa/LUFA/Drivers/USB/Core/AVR8/Endpoint_AVR8.o
 .debug_line    0x000000000000fb55      0x69d .build/obj_handwired_stream_cheap_2x4_default/lib/lufa/LUFA/Drivers/USB/Core/AVR8/USBController_AVR8.o
 .debug_line    0x00000000000101f2      0xd44 .build/obj_handwired_stream_cheap_2x4_default/lib/lufa/LUFA/Drivers/USB/Core/AVR8/USBInterrupt_AVR8.o
 .debug_line    0x0000000000010f36      0xd99 .build/obj_handwired_stream_cheap_2x4_default/lib/lufa/LUFA/Drivers/USB/Core/DeviceStandardReq.o
 .debug_line    0x0000000000011ccf       0xf2 .build/obj_handwired_stream_cheap_2x4_default/lib/lufa/LUFA/Drivers/USB/Core/Events.o
 .debug_line    0x0000000000011dc1      0x26c .build/obj_handwired_stream_cheap_2x4_default/lib/lufa/LUFA/Drivers/USB/Core/USBTask.o

.debug_frame    0x0000000000000000     0x1e10
 *(.debug_frame)
 .debug_frame   0x0000000000000000       0x24 .build/obj_handwired_stream_cheap_2x4_default/keyboards/handwired/stream_cheap/2x4/keymaps/default/keymap.o
 .debug_frame   0x0000000000000024      0x368 .build/obj_handwired_stream_cheap_2x4_default/quantum/quantum.o
 .debug_frame   0x000000000000038c       0x7c .build/obj_handwired_stream_cheap_2x4_default/quantum/led.o
 .debug_frame   0x0000000000000408       0x70 .build/obj_handwired_stream_cheap_2x4_default/quantum/keymap_common.o
 .debug_frame   0x0000000000000478       0x34 .build/obj_handwired_stream_cheap_2x4_default/quantum/keycode_config.o
 .debug_frame   0x00000000000004ac      0x13c .build/obj_handwired_stream_cheap_2x4_default/quantum/matrix_common.o
 .debug_frame   0x00000000000005e8       0x64 .build/obj_handwired_stream_cheap_2x4_default/quantum/matrix.o
 .debug_frame   0x000000000000064c       0x60 .build/obj_handwired_stream_cheap_2x4_default/quantum/debounce/sym_defer_g.o
 .debug_frame   0x00000000000006ac       0x50 .build/obj_handwired_stream_cheap_2x4_default/quantum/process_keycode/process_space_cadet.o
 .debug_frame   0x00000000000006fc       0x30 .build/obj_handwired_stream_cheap_2x4_default/quantum/process_keycode/process_magic.o
 .debug_frame   0x000000000000072c       0x30 .build/obj_handwired_stream_cheap_2x4_default/quantum/process_keycode/process_grave_esc.o