Archive member included to satisfy reference by file (symbol)

c:/program files/qmk_msys/mingw64/bin/../lib/gcc/avr/8.4.0/avr5\libgcc.a(_exit.o)
                              c:/program files/qmk_msys/mingw64/bin/../lib/gcc/avr/8.4.0/../../../../avr/lib/avr5/crtatmega32u4.o (exit)
c:/program files/qmk_msys/mingw64/bin/../lib/gcc/avr/8.4.0/../../../../avr/lib/avr5\libc.a(rand.o)
                              .build/obj_kb_default/quantum/rgblight.o (symbol from plugin) (rand)
c:/program files/qmk_msys/mingw64/bin/../lib/gcc/avr/8.4.0/../../../../avr/lib/avr5\libatmega32u4.a(eerd_byte.o)
                              .build/obj_kb_default/common/eeconfig.o (symbol from plugin) (eeprom_read_byte)
c:/program files/qmk_msys/mingw64/bin/../lib/gcc/avr/8.4.0/../../../../avr/lib/avr5\libatmega32u4.a(eerd_dword.o)
                              .build/obj_kb_default/quantum/rgblight.o (symbol from plugin) (eeprom_read_dword)
c:/program files/qmk_msys/mingw64/bin/../lib/gcc/avr/8.4.0/../../../../avr/lib/avr5\libatmega32u4.a(eerd_word.o)
                              .build/obj_kb_default/common/eeconfig.o (symbol from plugin) (eeprom_read_word)
c:/program files/qmk_msys/mingw64/bin/../lib/gcc/avr/8.4.0/../../../../avr/lib/avr5\libatmega32u4.a(eeupd_byte.o)
                              .build/obj_kb_default/common/eeconfig.o (symbol from plugin) (eeprom_update_byte)
c:/program files/qmk_msys/mingw64/bin/../lib/gcc/avr/8.4.0/../../../../avr/lib/avr5\libatmega32u4.a(eeupd_dword.o)
                              .build/obj_kb_default/quantum/rgblight.o (symbol from plugin) (eeprom_update_dword)
c:/program files/qmk_msys/mingw64/bin/../lib/gcc/avr/8.4.0/../../../../avr/lib/avr5\libatmega32u4.a(eeupd_word.o)
                              .build/obj_kb_default/common/eeconfig.o (symbol from plugin) (eeprom_update_word)
c:/program files/qmk_msys/mingw64/bin/../lib/gcc/avr/8.4.0/../../../../avr/lib/avr5\libatmega32u4.a(eerd_block.o)
                              c:/program files/qmk_msys/mingw64/bin/../lib/gcc/avr/8.4.0/../../../../avr/lib/avr5\libatmega32u4.a(eerd_dword.o) (eeprom_read_blraw)
c:/program files/qmk_msys/mingw64/bin/../lib/gcc/avr/8.4.0/avr5\libgcc.a(_divmodsi4.o)
                              c:/program files/qmk_msys/mingw64/bin/../lib/gcc/avr/8.4.0/../../../../avr/lib/avr5\libc.a(rand.o) (__divmodsi4)
c:/program files/qmk_msys/mingw64/bin/../lib/gcc/avr/8.4.0/avr5\libgcc.a(_negsi2.o)
                              c:/program files/qmk_msys/mingw64/bin/../lib/gcc/avr/8.4.0/avr5\libgcc.a(_divmodsi4.o) (__negsi2)
c:/program files/qmk_msys/mingw64/bin/../lib/gcc/avr/8.4.0/avr5\libgcc.a(_copy_data.o)
                              c:/program files/qmk_msys/mingw64/bin/../lib/gcc/avr/8.4.0/../../../../avr/lib/avr5\libc.a(rand.o) (__do_copy_data)
c:/program files/qmk_msys/mingw64/bin/../lib/gcc/avr/8.4.0/avr5\libgcc.a(_muluhisi3.o)
                              c:/program files/qmk_msys/mingw64/bin/../lib/gcc/avr/8.4.0/../../../../avr/lib/avr5\libc.a(rand.o) (__muluhisi3)
c:/program files/qmk_msys/mingw64/bin/../lib/gcc/avr/8.4.0/avr5\libgcc.a(_mulshisi3.o)
                              c:/program files/qmk_msys/mingw64/bin/../lib/gcc/avr/8.4.0/../../../../avr/lib/avr5\libc.a(rand.o) (__mulohisi3)
c:/program files/qmk_msys/mingw64/bin/../lib/gcc/avr/8.4.0/avr5\libgcc.a(_udivmodsi4.o)
                              c:/program files/qmk_msys/mingw64/bin/../lib/gcc/avr/8.4.0/avr5\libgcc.a(_divmodsi4.o) (__udivmodsi4)
c:/program files/qmk_msys/mingw64/bin/../lib/gcc/avr/8.4.0/avr5\libgcc.a(_umulhisi3.o)
                              c:/program files/qmk_msys/mingw64/bin/../lib/gcc/avr/8.4.0/avr5\libgcc.a(_muluhisi3.o) (__umulhisi3)
c:/program files/qmk_msys/mingw64/bin/../lib/gcc/avr/8.4.0/avr5\libgcc.a(_udivmodqi4.o)
                              C:\Users\gazed\AppData\Local\Temp\ccl3yrHN.ltrans0.ltrans.o (__udivmodqi4)
c:/program files/qmk_msys/mingw64/bin/../lib/gcc/avr/8.4.0/avr5\libgcc.a(_divmodqi4.o)
                              C:\Users\gazed\AppData\Local\Temp\ccl3yrHN.ltrans0.ltrans.o (__divmodqi4)
c:/program files/qmk_msys/mingw64/bin/../lib/gcc/avr/8.4.0/avr5\libgcc.a(_udivmodhi4.o)
                              C:\Users\gazed\AppData\Local\Temp\ccl3yrHN.ltrans0.ltrans.o (__udivmodhi4)
c:/program files/qmk_msys/mingw64/bin/../lib/gcc/avr/8.4.0/avr5\libgcc.a(_divmodhi4.o)
                              C:\Users\gazed\AppData\Local\Temp\ccl3yrHN.ltrans0.ltrans.o (__divmodhi4)
c:/program files/qmk_msys/mingw64/bin/../lib/gcc/avr/8.4.0/avr5\libgcc.a(_tablejump2.o)
                              C:\Users\gazed\AppData\Local\Temp\ccl3yrHN.ltrans0.ltrans.o (__tablejump2__)
c:/program files/qmk_msys/mingw64/bin/../lib/gcc/avr/8.4.0/avr5\libgcc.a(_clear_bss.o)
                              C:\Users\gazed\AppData\Local\Temp\ccl3yrHN.ltrans0.ltrans.o (__do_clear_bss)
c:/program files/qmk_msys/mingw64/bin/../lib/gcc/avr/8.4.0/avr5\libgcc.a(_mulhisi3.o)
[...]
Memory Configuration

Name             Origin             Length             Attributes
text             0x0000000000000000 0x0000000000020000 xr
data             0x0000000000800060 0x000000000000ffa0 rw !x
eeprom           0x0000000000810000 0x0000000000010000 rw !x
fuse             0x0000000000820000 0x0000000000000400 rw !x
lock             0x0000000000830000 0x0000000000000400 rw !x
signature        0x0000000000840000 0x0000000000000400 rw !x
user_signatures  0x0000000000850000 0x0000000000000400 rw !x
*default*        0x0000000000000000 0xffffffffffffffff

Linker script and memory map

Address of section .data set to 0x800100
LOAD c:/program files/qmk_msys/mingw64/bin/../lib/gcc/avr/8.4.0/../../../../avr/lib/avr5/crtatmega32u4.o
LOAD .build/obj_kb_default/keyboards/kb/kb.o
LOAD C:\Users\gazed\AppData\Local\Temp\ccH1ihXkdebugobj
LOAD C:\Users\gazed\AppData\Local\Temp\ccl3yrHN.ltrans0.ltrans.o
LOAD .build/obj_kb_default/keyboards/kb/keymaps/default/keymap.o
LOAD .build/obj_kb_default/quantum/quantum.o
LOAD .build/obj_kb_default/quantum/led.o
LOAD .build/obj_kb_default/quantum/keymap_common.o
LOAD .build/obj_kb_default/quantum/keycode_config.o
LOAD .build/obj_kb_default/quantum/matrix_common.o
LOAD .build/obj_kb_default/quantum/matrix.o
LOAD .build/obj_kb_default/quantum/debounce/sym_defer_g.o
LOAD .build/obj_kb_default/quantum/color.o
LOAD .build/obj_kb_default/quantum/rgblight.o
LOAD .build/obj_kb_default/quantum/process_keycode/process_rgb.o
LOAD .build/obj_kb_default/ws2812.o
LOAD .build/obj_kb_default/quantum/led_tables.o
LOAD .build/obj_kb_default/quantum/process_keycode/process_space_cadet.o
LOAD .build/obj_kb_default/quantum/process_keycode/process_magic.o
LOAD .build/obj_kb_default/quantum/process_keycode/process_grave_esc.o
LOAD .build/obj_kb_default/common/host.o
LOAD .build/obj_kb_default/common/keyboard.o
LOAD .build/obj_kb_default/common/action.o
LOAD .build/obj_kb_default/common/action_tapping.o
LOAD .build/obj_kb_default/common/action_macro.o
LOAD .build/obj_kb_default/common/action_layer.o
LOAD .build/obj_kb_default/common/action_util.o
LOAD .build/obj_kb_default/common/print.o
LOAD .build/obj_kb_default/common/debug.o
LOAD .build/obj_kb_default/common/sendchar_null.o
LOAD .build/obj_kb_default/common/util.o
LOAD .build/obj_kb_default/common/eeconfig.o
LOAD .build/obj_kb_default/common/report.o
LOAD .build/obj_kb_default/common/avr/suspend.o
LOAD .build/obj_kb_default/common/avr/timer.o
LOAD .build/obj_kb_default/common/avr/bootloader.o
LOAD .build/obj_kb_default/common/avr/xprintf.o
LOAD .build/obj_kb_default/common/bootmagic_lite.o
LOAD .build/obj_kb_default/common/magic.o
LOAD .build/obj_kb_default/common/mousekey.o
LOAD .build/obj_kb_default/common/command.o
LOAD .build/obj_kb_default/lufa.o
LOAD .build/obj_kb_default/usb_descriptor.o
LOAD .build/obj_kb_default/lib/lufa/LUFA/Drivers/USB/Class/Common/HIDParser.o
LOAD .build/obj_kb_default/lib/lufa/LUFA/Drivers/USB/Core/AVR8/Device_AVR8.o
LOAD .build/obj_kb_default/lib/lufa/LUFA/Drivers/USB/Core/AVR8/EndpointStream_AVR8.o
LOAD .build/obj_kb_default/lib/lufa/LUFA/Drivers/USB/Core/AVR8/Endpoint_AVR8.o
LOAD .build/obj_kb_default/lib/lufa/LUFA/Drivers/USB/Core/AVR8/Host_AVR8.o
LOAD .build/obj_kb_default/lib/lufa/LUFA/Drivers/USB/Core/AVR8/PipeStream_AVR8.o
LOAD .build/obj_kb_default/lib/lufa/LUFA/Drivers/USB/Core/AVR8/Pipe_AVR8.o
LOAD .build/obj_kb_default/lib/lufa/LUFA/Drivers/USB/Core/AVR8/USBController_AVR8.o
LOAD .build/obj_kb_default/lib/lufa/LUFA/Drivers/USB/Core/AVR8/USBInterrupt_AVR8.o
LOAD .build/obj_kb_default/lib/lufa/LUFA/Drivers/USB/Core/ConfigDescriptors.o
LOAD .build/obj_kb_default/lib/lufa/LUFA/Drivers/USB/Core/DeviceStandardReq.o
LOAD .build/obj_kb_default/lib/lufa/LUFA/Drivers/USB/Core/Events.o
LOAD .build/obj_kb_default/lib/lufa/LUFA/Drivers/USB/Core/HostStandardReq.o
LOAD .build/obj_kb_default/lib/lufa/LUFA/Drivers/USB/Core/USBTask.o
LOAD c:/program files/qmk_msys/mingw64/bin/../lib/gcc/avr/8.4.0/../../../../avr/lib/avr5\libm.a
START GROUP
LOAD c:/program files/qmk_msys/mingw64/bin/../lib/gcc/avr/8.4.0/avr5\libgcc.a
LOAD c:/program files/qmk_msys/mingw64/bin/../lib/gcc/avr/8.4.0/../../../../avr/lib/avr5\libm.a
LOAD c:/program files/qmk_msys/mingw64/bin/../lib/gcc/avr/8.4.0/../../../../avr/lib/avr5\libc.a
LOAD c:/program files/qmk_msys/mingw64/bin/../lib/gcc/avr/8.4.0/../../../../avr/lib/avr5\libatmega32u4.a
END GROUP
                0x0000000000020000                __TEXT_REGION_LENGTH__ = DEFINED (__TEXT_REGION_LENGTH__)?__TEXT_REGION_LENGTH__:0x20000
                0x000000000000ffa0                __DATA_REGION_LENGTH__ = DEFINED (__DATA_REGION_LENGTH__)?__DATA_REGION_LENGTH__:0xffa0
                0x0000000000010000                __EEPROM_REGION_LENGTH__ = DEFINED (__EEPROM_REGION_LENGTH__)?__EEPROM_REGION_LENGTH__:0x10000
                0x0000000000000400                __FUSE_REGION_LENGTH__ = DEFINED (__FUSE_REGION_LENGTH__)?__FUSE_REGION_LENGTH__:0x400
                0x0000000000000400                __LOCK_REGION_LENGTH__ = DEFINED (__LOCK_REGION_LENGTH__)?__LOCK_REGION_LENGTH__:0x400
                0x0000000000000400                __SIGNATURE_REGION_LENGTH__ = DEFINED (__SIGNATURE_REGION_LENGTH__)?__SIGNATURE_REGION_LENGTH__:0x400
                0x0000000000000400                __USER_SIGNATURE_REGION_LENGTH__ = DEFINED (__USER_SIGNATURE_REGION_LENGTH__)?__USER_SIGNATURE_REGION_LENGTH__:0x400

.hash
 *(.hash)

.dynsym
 *(.dynsym)

.dynstr
 *(.dynstr)

.gnu.version
 *(.gnu.version)

.gnu.version_d
 *(.gnu.version_d)

.gnu.version_r
 *(.gnu.version_r)

.rel.init
 *(.rel.init)

.rela.init
 *(.rela.init)

.rel.text
 *(.rel.text)
 *(.rel.text.*)
 *(.rel.gnu.linkonce.t*)

.rela.text
 *(.rela.text)
 *(.rela.text.*)
 *(.rela.gnu.linkonce.t*)

.rel.fini
 *(.rel.fini)

.rela.fini
 *(.rela.fini)

.rel.rodata
 *(.rel.rodata)
 *(.rel.rodata.*)
 *(.rel.gnu.linkonce.r*)

.rela.rodata
 *(.rela.rodata)
 *(.rela.rodata.*)
 *(.rela.gnu.linkonce.r*)

.rel.data
 *(.rel.data)
 *(.rel.data.*)
 *(.rel.gnu.linkonce.d*)

.rela.data
 *(.rela.data)
 *(.rela.data.*)
 *(.rela.gnu.linkonce.d*)

.rel.ctors
 *(.rel.ctors)

.rela.ctors
 *(.rela.ctors)

.rel.dtors
 *(.rel.dtors)

.rela.dtors
 *(.rela.dtors)

.rel.got
 *(.rel.got)

.rela.got
 *(.rela.got)

.rel.bss
 *(.rel.bss)

.rela.bss
 *(.rela.bss)

.rel.plt
 *(.rel.plt)

.rela.plt
 *(.rela.plt)

.text           0x0000000000000000     0x6736
 *(.vectors)
 .vectors       0x0000000000000000       0xac c:/program files/qmk_msys/mingw64/bin/../lib/gcc/avr/8.4.0/../../../../avr/lib/avr5/crtatmega32u4.o
                0x0000000000000000                __vector_default
                0x0000000000000000                __vectors
 *(.vectors)
 *(.progmem.gcc*)
                0x00000000000000ac                . = ALIGN (0x2)
                0x00000000000000ac                __trampolines_start = .
 *(.trampolines)
 .trampolines   0x00000000000000ac        0x0 linker stubs
 *(.trampolines*)
                0x00000000000000ac                __trampolines_end = .
 *libprintf_flt.a:*(.progmem.data)
 *libc.a:*(.progmem.data)
 *(.progmem.*)
 .progmem.data.ConsoleReport
                0x00000000000000ac       0x22 C:\Users\gazed\AppData\Local\Temp\ccl3yrHN.ltrans0.ltrans.o
 .progmem.data.SharedReport
                0x00000000000000ce       0xbc C:\Users\gazed\AppData\Local\Temp\ccl3yrHN.ltrans0.ltrans.o
 .progmem.data.KeyboardReport
                0x000000000000018a       0x40 C:\Users\gazed\AppData\Local\Temp\ccl3yrHN.ltrans0.ltrans.o
 .progmem.data.CIE1931_CURVE
                0x00000000000001ca      0x100 C:\Users\gazed\AppData\Local\Temp\ccl3yrHN.ltrans0.ltrans.o
 .progmem.data.__c.3153
                0x00000000000002ca       0x1e C:\Users\gazed\AppData\Local\Temp\ccl3yrHN.ltrans0.ltrans.o
 .progmem.data.__c.3151
                0x00000000000002e8       0x1c C:\Users\gazed\AppData\Local\Temp\ccl3yrHN.ltrans0.ltrans.o
 .progmem.data.__c.3300
                0x0000000000000304       0x27 C:\Users\gazed\AppData\Local\Temp\ccl3yrHN.ltrans0.ltrans.o
 .progmem.data.__c.3298
                0x000000000000032b       0x25 C:\Users\gazed\AppData\Local\Temp\ccl3yrHN.ltrans0.ltrans.o
 .progmem.data.__c.3293
                0x0000000000000350       0x27 C:\Users\gazed\AppData\Local\Temp\ccl3yrHN.ltrans0.ltrans.o
 .progmem.data.RGBLED_GRADIENT_RANGES
                0x0000000000000377        0x5 C:\Users\gazed\AppData\Local\Temp\ccl3yrHN.ltrans0.ltrans.o
 .progmem.data.__c.3438
                0x000000000000037c       0x19 C:\Users\gazed\AppData\Local\Temp\ccl3yrHN.ltrans0.ltrans.o
 .progmem.data.__c.3443
                0x0000000000000395       0x19 C:\Users\gazed\AppData\Local\Temp\ccl3yrHN.ltrans0.ltrans.o
 .progmem.data.rgblight_effect_breathe_table
                0x00000000000003ae      0x100 C:\Users\gazed\AppData\Local\Temp\ccl3yrHN.ltrans0.ltrans.o
 .progmem.data.__c.3184
                0x00000000000004ae       0x38 C:\Users\gazed\AppData\Local\Temp\ccl3yrHN.ltrans0.ltrans.o
 .progmem.data.__c.3174
                0x00000000000004e6       0x37 C:\Users\gazed\AppData\Local\Temp\ccl3yrHN.ltrans0.ltrans.o
 .progmem.data.__c.3164
                0x000000000000051d       0x37 C:\Users\gazed\AppData\Local\Temp\ccl3yrHN.ltrans0.ltrans.o
 .progmem.data.__c.6475
                0x0000000000000554       0x12 C:\Users\gazed\AppData\Local\Temp\ccl3yrHN.ltrans0.ltrans.o
 .progmem.data.__c.6473
                0x0000000000000566       0x11 C:\Users\gazed\AppData\Local\Temp\ccl3yrHN.ltrans0.ltrans.o
 .progmem.data.keymaps
                0x0000000000000577       0x30 C:\Users\gazed\AppData\Local\Temp\ccl3yrHN.ltrans0.ltrans.o
 .progmem.data.__c.6662
                0x00000000000005a7        0x2 C:\Users\gazed\AppData\Local\Temp\ccl3yrHN.ltrans0.ltrans.o
 .progmem.data.__c.6659
                0x00000000000005a9        0x4 C:\Users\gazed\AppData\Local\Temp\ccl3yrHN.ltrans0.ltrans.o
 .progmem.data.__c.6664
                0x00000000000005ad        0x4 C:\Users\gazed\AppData\Local\Temp\ccl3yrHN.ltrans0.ltrans.o
 .progmem.data.__c.6706
                0x00000000000005b1        0x2 C:\Users\gazed\AppData\Local\Temp\ccl3yrHN.ltrans0.ltrans.o
 .progmem.data.__c.6704
                0x00000000000005b3        0x3 C:\Users\gazed\AppData\Local\Temp\ccl3yrHN.ltrans0.ltrans.o
 .progmem.data.__c.6702
                0x00000000000005b6       0x17 C:\Users\gazed\AppData\Local\Temp\ccl3yrHN.ltrans0.ltrans.o
 .progmem.data.__c.6700
                0x00000000000005cd        0x2 C:\Users\gazed\AppData\Local\Temp\ccl3yrHN.ltrans0.ltrans.o
 .progmem.data.__c.6698
                0x00000000000005cf        0x3 C:\Users\gazed\AppData\Local\Temp\ccl3yrHN.ltrans0.ltrans.o
 .progmem.data.__c.6696
                0x00000000000005d2       0x15 C:\Users\gazed\AppData\Local\Temp\ccl3yrHN.ltrans0.ltrans.o
 .progmem.data.__c.6694
                0x00000000000005e7        0x2 C:\Users\gazed\AppData\Local\Temp\ccl3yrHN.ltrans0.ltrans.o
 .progmem.data.__c.6692
                0x00000000000005e9        0x3 C:\Users\gazed\AppData\Local\Temp\ccl3yrHN.ltrans0.ltrans.o
 .progmem.data.__c.6690
                0x00000000000005ec       0x11 C:\Users\gazed\AppData\Local\Temp\ccl3yrHN.ltrans0.ltrans.o
 .progmem.data.__c.6688
                0x00000000000005fd        0x2 C:\Users\gazed\AppData\Local\Temp\ccl3yrHN.ltrans0.ltrans.o
 .progmem.data.__c.6686
                0x00000000000005ff        0x3 C:\Users\gazed\AppData\Local\Temp\ccl3yrHN.ltrans0.ltrans.o
 .progmem.data.__c.6684
                0x0000000000000602        0xf C:\Users\gazed\AppData\Local\Temp\ccl3yrHN.ltrans0.ltrans.o
 .progmem.data.__c.6682
                0x0000000000000611        0x2 C:\Users\gazed\AppData\Local\Temp\ccl3yrHN.ltrans0.ltrans.o
 .progmem.data.__c.6680
                0x0000000000000613        0x3 C:\Users\gazed\AppData\Local\Temp\ccl3yrHN.ltrans0.ltrans.o
 .progmem.data.__c.6678
                0x0000000000000616       0x12 C:\Users\gazed\AppData\Local\Temp\ccl3yrHN.ltrans0.ltrans.o
 .progmem.data.__c.6676
                0x0000000000000628        0x2 C:\Users\gazed\AppData\Local\Temp\ccl3yrHN.ltrans0.ltrans.o
 .progmem.data.__c.6674
                0x000000000000062a        0x3 C:\Users\gazed\AppData\Local\Temp\ccl3yrHN.ltrans0.ltrans.o
 .progmem.data.__c.6672
                0x000000000000062d       0x12 C:\Users\gazed\AppData\Local\Temp\ccl3yrHN.ltrans0.ltrans.o
 .progmem.data.__c.6670
                0x000000000000063f        0xe C:\Users\gazed\AppData\Local\Temp\ccl3yrHN.ltrans0.ltrans.o
 .progmem.data.__c.6790
                0x000000000000064d        0x3 C:\Users\gazed\AppData\Local\Temp\ccl3yrHN.ltrans0.ltrans.o
 .progmem.data.__c.6788
                0x0000000000000650        0x6 C:\Users\gazed\AppData\Local\Temp\ccl3yrHN.ltrans0.ltrans.o
 .progmem.data.__c.6786
                0x0000000000000656        0x2 C:\Users\gazed\AppData\Local\Temp\ccl3yrHN.ltrans0.ltrans.o
 .progmem.data.__c.6783
                0x0000000000000658        0xd C:\Users\gazed\AppData\Local\Temp\ccl3yrHN.ltrans0.ltrans.o
 .progmem.data.__c.6769
                0x0000000000000665        0x4 C:\Users\gazed\AppData\Local\Temp\ccl3yrHN.ltrans0.ltrans.o
 .progmem.data.__c.5037
                0x0000000000000669        0x2 C:\Users\gazed\AppData\Local\Temp\ccl3yrHN.ltrans0.ltrans.o
 .progmem.data.__c.5032
                0x000000000000066b        0x6 C:\Users\gazed\AppData\Local\Temp\ccl3yrHN.ltrans0.ltrans.o
 .progmem.data.__c.5029
                0x0000000000000671       0x12 C:\Users\gazed\AppData\Local\Temp\ccl3yrHN.ltrans0.ltrans.o
 .progmem.data.__c.5054
                0x0000000000000683       0x1e C:\Users\gazed\AppData\Local\Temp\ccl3yrHN.ltrans0.ltrans.o
 .progmem.data.__c.5060
                0x00000000000006a1       0x1e C:\Users\gazed\AppData\Local\Temp\ccl3yrHN.ltrans0.ltrans.o
 .progmem.data.__c.4944
                0x00000000000006bf        0x3 C:\Users\gazed\AppData\Local\Temp\ccl3yrHN.ltrans0.ltrans.o
 .progmem.data.__c.4942
                0x00000000000006c2        0x3 C:\Users\gazed\AppData\Local\Temp\ccl3yrHN.ltrans0.ltrans.o
 .progmem.data.__c.4940
                0x00000000000006c5        0x2 C:\Users\gazed\AppData\Local\Temp\ccl3yrHN.ltrans0.ltrans.o
 .progmem.data.__c.4938
                0x00000000000006c7        0x3 C:\Users\gazed\AppData\Local\Temp\ccl3yrHN.ltrans0.ltrans.o
 .progmem.data.__c.4936
                0x00000000000006ca        0x3 C:\Users\gazed\AppData\Local\Temp\ccl3yrHN.ltrans0.ltrans.o
 .progmem.data.__c.4934
                0x00000000000006cd        0x3 C:\Users\gazed\AppData\Local\Temp\ccl3yrHN.ltrans0.ltrans.o
 .progmem.data.__c.4932
                0x00000000000006d0        0x2 C:\Users\gazed\AppData\Local\Temp\ccl3yrHN.ltrans0.ltrans.o
 .progmem.data.__c.4930
                0x00000000000006d2        0x3 C:\Users\gazed\AppData\Local\Temp\ccl3yrHN.ltrans0.ltrans.o
 .progmem.data.__c.4928
                0x00000000000006d5        0x2 C:\Users\gazed\AppData\Local\Temp\ccl3yrHN.ltrans0.ltrans.o
 .progmem.data.__c.4926
                0x00000000000006d7        0x3 C:\Users\gazed\AppData\Local\Temp\ccl3yrHN.ltrans0.ltrans.o
 .progmem.data.__c.4924
                0x00000000000006da        0x2 C:\Users\gazed\AppData\Local\Temp\ccl3yrHN.ltrans0.ltrans.o
 .progmem.data.__c.4922
                0x00000000000006dc        0x3 C:\Users\gazed\AppData\Local\Temp\ccl3yrHN.ltrans0.ltrans.o
 .progmem.data.__c.4920
                0x00000000000006df        0x2 C:\Users\gazed\AppData\Local\Temp\ccl3yrHN.ltrans0.ltrans.o
 .progmem.data.__c.4918
                0x00000000000006e1        0x5 C:\Users\gazed\AppData\Local\Temp\ccl3yrHN.ltrans0.ltrans.o
 .progmem.data.__c.4916
                0x00000000000006e6       0x23 C:\Users\gazed\AppData\Local\Temp\ccl3yrHN.ltrans0.ltrans.o
 .progmem.data.__c.6589
                0x0000000000000709        0x2 C:\Users\gazed\AppData\Local\Temp\ccl3yrHN.ltrans0.ltrans.o
 .progmem.data.__c.6587
                0x000000000000070b        0x3 C:\Users\gazed\AppData\Local\Temp\ccl3yrHN.ltrans0.ltrans.o
 .progmem.data.__c.6585
                0x000000000000070e        0x8 C:\Users\gazed\AppData\Local\Temp\ccl3yrHN.ltrans0.ltrans.o
 .progmem.data.__c.6583
                0x0000000000000716        0x2 C:\Users\gazed\AppData\Local\Temp\ccl3yrHN.ltrans0.ltrans.o
 .progmem.data.__c.6581
                0x0000000000000718        0x3 C:\Users\gazed\AppData\Local\Temp\ccl3yrHN.ltrans0.ltrans.o
 .progmem.data.__c.6579
                0x000000000000071b       0x1c C:\Users\gazed\AppData\Local\Temp\ccl3yrHN.ltrans0.ltrans.o
 .progmem.data.__c.6577
                0x0000000000000737        0x2 C:\Users\gazed\AppData\Local\Temp\ccl3yrHN.ltrans0.ltrans.o
 .progmem.data.__c.6575
                0x0000000000000739        0x3 C:\Users\gazed\AppData\Local\Temp\ccl3yrHN.ltrans0.ltrans.o
 .progmem.data.__c.6573
                0x000000000000073c       0x12 C:\Users\gazed\AppData\Local\Temp\ccl3yrHN.ltrans0.ltrans.o
 .progmem.data.__c.6571
                0x000000000000074e        0x2 C:\Users\gazed\AppData\Local\Temp\ccl3yrHN.ltrans0.ltrans.o
 .progmem.data.__c.6569
                0x0000000000000750        0x3 C:\Users\gazed\AppData\Local\Temp\ccl3yrHN.ltrans0.ltrans.o
 .progmem.data.__c.6567
                0x0000000000000753        0xa C:\Users\gazed\AppData\Local\Temp\ccl3yrHN.ltrans0.ltrans.o
 .progmem.data.__c.6565
                0x000000000000075d        0x2 C:\Users\gazed\AppData\Local\Temp\ccl3yrHN.ltrans0.ltrans.o
 .progmem.data.__c.6563
                0x000000000000075f        0x3 C:\Users\gazed\AppData\Local\Temp\ccl3yrHN.ltrans0.ltrans.o
 .progmem.data.__c.6561
                0x0000000000000762       0x12 C:\Users\gazed\AppData\Local\Temp\ccl3yrHN.ltrans0.ltrans.o
 .progmem.data.__c.6559
                0x0000000000000774        0x2 C:\Users\gazed\AppData\Local\Temp\ccl3yrHN.ltrans0.ltrans.o
 .progmem.data.__c.6557
                0x0000000000000776        0x3 C:\Users\gazed\AppData\Local\Temp\ccl3yrHN.ltrans0.ltrans.o
 .progmem.data.__c.6555
                0x0000000000000779       0x12 C:\Users\gazed\AppData\Local\Temp\ccl3yrHN.ltrans0.ltrans.o
 .progmem.data.__c.6553
                0x000000000000078b        0x2 C:\Users\gazed\AppData\Local\Temp\ccl3yrHN.ltrans0.ltrans.o
 .progmem.data.__c.6551
                0x000000000000078d        0x3 C:\Users\gazed\AppData\Local\Temp\ccl3yrHN.ltrans0.ltrans.o
 .progmem.data.__c.6549
                0x0000000000000790       0x12 C:\Users\gazed\AppData\Local\Temp\ccl3yrHN.ltrans0.ltrans.o
 .progmem.data.__c.6547
                0x00000000000007a2        0x2 C:\Users\gazed\AppData\Local\Temp\ccl3yrHN.ltrans0.ltrans.o
 .progmem.data.__c.6545
                0x00000000000007a4        0x3 C:\Users\gazed\AppData\Local\Temp\ccl3yrHN.ltrans0.ltrans.o
 .progmem.data.__c.6543
                0x00000000000007a7       0x12 C:\Users\gazed\AppData\Local\Temp\ccl3yrHN.ltrans0.ltrans.o
 .progmem.data.__c.6541
                0x00000000000007b9        0x2 C:\Users\gazed\AppData\Local\Temp\ccl3yrHN.ltrans0.ltrans.o
 .progmem.data.__c.6539
                0x00000000000007bb        0x3 C:\Users\gazed\AppData\Local\Temp\ccl3yrHN.ltrans0.ltrans.o
 .progmem.data.__c.6537
                0x00000000000007be       0x17 C:\Users\gazed\AppData\Local\Temp\ccl3yrHN.ltrans0.ltrans.o
 .progmem.data.__c.6535
                0x00000000000007d5        0x2 C:\Users\gazed\AppData\Local\Temp\ccl3yrHN.ltrans0.ltrans.o
 .progmem.data.__c.6533
                0x00000000000007d7        0x3 C:\Users\gazed\AppData\Local\Temp\ccl3yrHN.ltrans0.ltrans.o
 .progmem.data.__c.6531
                0x00000000000007da       0x19 C:\Users\gazed\AppData\Local\Temp\ccl3yrHN.ltrans0.ltrans.o
 .progmem.data.__c.6529
                0x00000000000007f3        0x2 C:\Users\gazed\AppData\Local\Temp\ccl3yrHN.ltrans0.ltrans.o
 .progmem.data.__c.6527
                0x00000000000007f5        0x5 C:\Users\gazed\AppData\Local\Temp\ccl3yrHN.ltrans0.ltrans.o
 .progmem.data.__c.6525
                0x00000000000007fa       0x14 C:\Users\gazed\AppData\Local\Temp\ccl3yrHN.ltrans0.ltrans.o
 .progmem.data.__c.6522
                0x000000000000080e        0x2 C:\Users\gazed\AppData\Local\Temp\ccl3yrHN.ltrans0.ltrans.o
 .progmem.data.__c.6520
                0x0000000000000810        0x3 C:\Users\gazed\AppData\Local\Temp\ccl3yrHN.ltrans0.ltrans.o
 .progmem.data.__c.6518
                0x0000000000000813        0x9 C:\Users\gazed\AppData\Local\Temp\ccl3yrHN.ltrans0.ltrans.o
 .progmem.data.__c.6516
                0x000000000000081c        0x2 C:\Users\gazed\AppData\Local\Temp\ccl3yrHN.ltrans0.ltrans.o
 .progmem.data.__c.6514
                0x000000000000081e        0x3 C:\Users\gazed\AppData\Local\Temp\ccl3yrHN.ltrans0.ltrans.o
 .progmem.data.__c.6512
                0x0000000000000821        0xc C:\Users\gazed\AppData\Local\Temp\ccl3yrHN.ltrans0.ltrans.o
 .progmem.data.__c.6510
                0x000000000000082d        0x2 C:\Users\gazed\AppData\Local\Temp\ccl3yrHN.ltrans0.ltrans.o
 .progmem.data.__c.6508
                0x000000000000082f        0x3 C:\Users\gazed\AppData\Local\Temp\ccl3yrHN.ltrans0.ltrans.o
 .progmem.data.__c.6506
                0x0000000000000832        0xa C:\Users\gazed\AppData\Local\Temp\ccl3yrHN.ltrans0.ltrans.o
 .progmem.data.__c.6504
                0x000000000000083c        0x2 C:\Users\gazed\AppData\Local\Temp\ccl3yrHN.ltrans0.ltrans.o
 .progmem.data.__c.6502
                0x000000000000083e        0x3 C:\Users\gazed\AppData\Local\Temp\ccl3yrHN.ltrans0.ltrans.o
 .progmem.data.__c.6500
                0x0000000000000841        0xa C:\Users\gazed\AppData\Local\Temp\ccl3yrHN.ltrans0.ltrans.o
 .progmem.data.__c.6498
                0x000000000000084b        0x2 C:\Users\gazed\AppData\Local\Temp\ccl3yrHN.ltrans0.ltrans.o
 .progmem.data.__c.6496
                0x000000000000084d        0x5 C:\Users\gazed\AppData\Local\Temp\ccl3yrHN.ltrans0.ltrans.o
 .progmem.data.__c.6494
                0x0000000000000852       0x13 C:\Users\gazed\AppData\Local\Temp\ccl3yrHN.ltrans0.ltrans.o
 .progmem.data.__c.6491
                0x0000000000000865        0x2 C:\Users\gazed\AppData\Local\Temp\ccl3yrHN.ltrans0.ltrans.o
 .progmem.data.__c.6489
                0x0000000000000867        0x3 C:\Users\gazed\AppData\Local\Temp\ccl3yrHN.ltrans0.ltrans.o
 .progmem.data.__c.6487
                0x000000000000086a       0x10 C:\Users\gazed\AppData\Local\Temp\ccl3yrHN.ltrans0.ltrans.o
 .progmem.data.__c.6454
                0x000000000000087a      0x1b2 C:\Users\gazed\AppData\Local\Temp\ccl3yrHN.ltrans0.ltrans.o
 .progmem.data.__c.6648
                0x0000000000000a2c       0x27 C:\Users\gazed\AppData\Local\Temp\ccl3yrHN.ltrans0.ltrans.o
 .progmem.data.__c.6467
                0x0000000000000a53       0x2b C:\Users\gazed\AppData\Local\Temp\ccl3yrHN.ltrans0.ltrans.o
 .progmem.data.__c.6465.lto_priv.40
                0x0000000000000a7e       0x3f C:\Users\gazed\AppData\Local\Temp\ccl3yrHN.ltrans0.ltrans.o
 .progmem.data.__c.6463
                0x0000000000000abd       0x17 C:\Users\gazed\AppData\Local\Temp\ccl3yrHN.ltrans0.ltrans.o
 .progmem.data.__c.6461
                0x0000000000000ad4       0x45 C:\Users\gazed\AppData\Local\Temp\ccl3yrHN.ltrans0.ltrans.o
 .progmem.data.__c.6459
                0x0000000000000b19        0xf C:\Users\gazed\AppData\Local\Temp\ccl3yrHN.ltrans0.ltrans.o
 .progmem.data.__c.6482
                0x0000000000000b28       0x17 C:\Users\gazed\AppData\Local\Temp\ccl3yrHN.ltrans0.ltrans.o
 .progmem.data.__c.6480
                0x0000000000000b3f       0x18 C:\Users\gazed\AppData\Local\Temp\ccl3yrHN.ltrans0.ltrans.o
 .progmem.data.__c.6478.lto_priv.36
                0x0000000000000b57       0x13 C:\Users\gazed\AppData\Local\Temp\ccl3yrHN.ltrans0.ltrans.o
 .progmem.data.__c.6476
                0x0000000000000b6a       0x17 C:\Users\gazed\AppData\Local\Temp\ccl3yrHN.ltrans0.ltrans.o
 .progmem.data.__c.6474.lto_priv.38
                0x0000000000000b81       0x1a C:\Users\gazed\AppData\Local\Temp\ccl3yrHN.ltrans0.ltrans.o
 .progmem.data.__c.6472
                0x0000000000000b9b        0xe C:\Users\gazed\AppData\Local\Temp\ccl3yrHN.ltrans0.ltrans.o
 .progmem.data.__c.6643
                0x0000000000000ba9        0x2 C:\Users\gazed\AppData\Local\Temp\ccl3yrHN.ltrans0.ltrans.o
 .progmem.data.__c.6635
                0x0000000000000bab        0xb C:\Users\gazed\AppData\Local\Temp\ccl3yrHN.ltrans0.ltrans.o
 .progmem.data.__c.6633
                0x0000000000000bb6        0xa C:\Users\gazed\AppData\Local\Temp\ccl3yrHN.ltrans0.ltrans.o
 .progmem.data.__c.6628
                0x0000000000000bc0        0xd C:\Users\gazed\AppData\Local\Temp\ccl3yrHN.ltrans0.ltrans.o
 .progmem.data.__c.6626
                0x0000000000000bcd        0xc C:\Users\gazed\AppData\Local\Temp\ccl3yrHN.ltrans0.ltrans.o
 .progmem.data.__c.6623
                0x0000000000000bd9       0x10 C:\Users\gazed\AppData\Local\Temp\ccl3yrHN.ltrans0.ltrans.o
 .progmem.data.__c.6621
                0x0000000000000be9        0xf C:\Users\gazed\AppData\Local\Temp\ccl3yrHN.ltrans0.ltrans.o
 .progmem.data.__c.6618
                0x0000000000000bf8        0xe C:\Users\gazed\AppData\Local\Temp\ccl3yrHN.ltrans0.ltrans.o
 .progmem.data.__c.6616
                0x0000000000000c06        0xd C:\Users\gazed\AppData\Local\Temp\ccl3yrHN.ltrans0.ltrans.o
 .progmem.data.__c.6613
                0x0000000000000c13        0xd C:\Users\gazed\AppData\Local\Temp\ccl3yrHN.ltrans0.ltrans.o
 .progmem.data.__c.6611
                0x0000000000000c20        0xc C:\Users\gazed\AppData\Local\Temp\ccl3yrHN.ltrans0.ltrans.o
 .progmem.data.__c.6608
                0x0000000000000c2c       0x1c C:\Users\gazed\AppData\Local\Temp\ccl3yrHN.ltrans0.ltrans.o
 .progmem.data.__c.6604
                0x0000000000000c48        0x4 C:\Users\gazed\AppData\Local\Temp\ccl3yrHN.ltrans0.ltrans.o
 .progmem.data.__c.6599
                0x0000000000000c4c       0x11 C:\Users\gazed\AppData\Local\Temp\ccl3yrHN.ltrans0.ltrans.o
 .progmem.data.__c.6595
                0x0000000000000c5d        0xb C:\Users\gazed\AppData\Local\Temp\ccl3yrHN.ltrans0.ltrans.o
 .progmem.data.__c.6729
                0x0000000000000c68       0x1b C:\Users\gazed\AppData\Local\Temp\ccl3yrHN.ltrans0.ltrans.o
 .progmem.data.__c.6726
                0x0000000000000c83       0x19 C:\Users\gazed\AppData\Local\Temp\ccl3yrHN.ltrans0.ltrans.o
 .progmem.data.__c.6723
                0x0000000000000c9c       0x15 C:\Users\gazed\AppData\Local\Temp\ccl3yrHN.ltrans0.ltrans.o
 .progmem.data.__c.6720
                0x0000000000000cb1       0x13 C:\Users\gazed\AppData\Local\Temp\ccl3yrHN.ltrans0.ltrans.o
 .progmem.data.__c.6717
                0x0000000000000cc4       0x12 C:\Users\gazed\AppData\Local\Temp\ccl3yrHN.ltrans0.ltrans.o
 .progmem.data.__c.6713
                0x0000000000000cd6        0xf C:\Users\gazed\AppData\Local\Temp\ccl3yrHN.ltrans0.ltrans.o
 .progmem.data.__c.6752
                0x0000000000000ce5       0x1b C:\Users\gazed\AppData\Local\Temp\ccl3yrHN.ltrans0.ltrans.o
 .progmem.data.__c.6749
                0x0000000000000d00       0x19 C:\Users\gazed\AppData\Local\Temp\ccl3yrHN.ltrans0.ltrans.o
 .progmem.data.__c.6746
                0x0000000000000d19       0x15 C:\Users\gazed\AppData\Local\Temp\ccl3yrHN.ltrans0.ltrans.o
 .progmem.data.__c.6743
                0x0000000000000d2e       0x13 C:\Users\gazed\AppData\Local\Temp\ccl3yrHN.ltrans0.ltrans.o
 .progmem.data.__c.6740
                0x0000000000000d41       0x12 C:\Users\gazed\AppData\Local\Temp\ccl3yrHN.ltrans0.ltrans.o
 .progmem.data.__c.6736
                0x0000000000000d53        0xf C:\Users\gazed\AppData\Local\Temp\ccl3yrHN.ltrans0.ltrans.o
 .progmem.data.__c.6759
                0x0000000000000d62       0x4e C:\Users\gazed\AppData\Local\Temp\ccl3yrHN.ltrans0.ltrans.o
 .progmem.data.__c.6757
                0x0000000000000db0       0xfb C:\Users\gazed\AppData\Local\Temp\ccl3yrHN.ltrans0.ltrans.o
 .progmem.data.__c.6808
                0x0000000000000eab        0x5 C:\Users\gazed\AppData\Local\Temp\ccl3yrHN.ltrans0.ltrans.o
 .progmem.data.__c.3094
                0x0000000000000eb0       0x1c C:\Users\gazed\AppData\Local\Temp\ccl3yrHN.ltrans0.ltrans.o
 .progmem.data.__c.3092
                0x0000000000000ecc       0x1a C:\Users\gazed\AppData\Local\Temp\ccl3yrHN.ltrans0.ltrans.o
 .progmem.data.__c.3090
                0x0000000000000ee6       0x1a C:\Users\gazed\AppData\Local\Temp\ccl3yrHN.ltrans0.ltrans.o
 .progmem.data.__c.3088
                0x0000000000000f00       0x1a C:\Users\gazed\AppData\Local\Temp\ccl3yrHN.ltrans0.ltrans.o
 .progmem.data.__c.3086
                0x0000000000000f1a       0x1b C:\Users\gazed\AppData\Local\Temp\ccl3yrHN.ltrans0.ltrans.o
 .progmem.data.__c.3084
                0x0000000000000f35       0x1d C:\Users\gazed\AppData\Local\Temp\ccl3yrHN.ltrans0.ltrans.o
 .progmem.data.__c.3082
                0x0000000000000f52       0x19 C:\Users\gazed\AppData\Local\Temp\ccl3yrHN.ltrans0.ltrans.o
 .progmem.data.__c.3105
                0x0000000000000f6b       0x49 C:\Users\gazed\AppData\Local\Temp\ccl3yrHN.ltrans0.ltrans.o
 .progmem.data.__c.3103
                0x0000000000000fb4       0x28 C:\Users\gazed\AppData\Local\Temp\ccl3yrHN.ltrans0.ltrans.o
 .progmem.data.__c.3101
                0x0000000000000fdc       0x16 C:\Users\gazed\AppData\Local\Temp\ccl3yrHN.ltrans0.ltrans.o
 .progmem.data.__c.3099
                0x0000000000000ff2       0x17 C:\Users\gazed\AppData\Local\Temp\ccl3yrHN.ltrans0.ltrans.o
 .progmem.data.__c.3189
                0x0000000000001009       0x3a C:\Users\gazed\AppData\Local\Temp\ccl3yrHN.ltrans0.ltrans.o
 .progmem.data.__c.1967
                0x0000000000001043        0x2 C:\Users\gazed\AppData\Local\Temp\ccl3yrHN.ltrans0.ltrans.o
 .progmem.data.__c.1965
                0x0000000000001045        0x6 C:\Users\gazed\AppData\Local\Temp\ccl3yrHN.ltrans0.ltrans.o
 .progmem.data.__c.1963
                0x000000000000104b        0x3 C:\Users\gazed\AppData\Local\Temp\ccl3yrHN.ltrans0.ltrans.o
 .progmem.data.__c.1961
                0x000000000000104e        0x5 C:\Users\gazed\AppData\Local\Temp\ccl3yrHN.ltrans0.ltrans.o
 .progmem.data.__c.1958
                0x0000000000001053       0x17 C:\Users\gazed\AppData\Local\Temp\ccl3yrHN.ltrans0.ltrans.o
 .progmem.data.RGBLED_TWINKLE_INTERVALS
                0x000000000000106a        0x3 C:\Users\gazed\AppData\Local\Temp\ccl3yrHN.ltrans0.ltrans.o
 .progmem.data.RGBLED_RGBTEST_INTERVALS
                0x000000000000106d        0x2 C:\Users\gazed\AppData\Local\Temp\ccl3yrHN.ltrans0.ltrans.o
 .progmem.data.RGBLED_KNIGHT_INTERVALS
                0x000000000000106f        0x3 C:\Users\gazed\AppData\Local\Temp\ccl3yrHN.ltrans0.ltrans.o
 .progmem.data.RGBLED_SNAKE_INTERVALS
                0x0000000000001072        0x3 C:\Users\gazed\AppData\Local\Temp\ccl3yrHN.ltrans0.ltrans.o
 .progmem.data.RGBLED_RAINBOW_SWIRL_INTERVALS
                0x0000000000001075        0x3 C:\Users\gazed\AppData\Local\Temp\ccl3yrHN.ltrans0.ltrans.o
 .progmem.data.RGBLED_RAINBOW_MOOD_INTERVALS
                0x0000000000001078        0x3 C:\Users\gazed\AppData\Local\Temp\ccl3yrHN.ltrans0.ltrans.o
 .progmem.data.RGBLED_BREATHING_INTERVALS
                0x000000000000107b        0x4 C:\Users\gazed\AppData\Local\Temp\ccl3yrHN.ltrans0.ltrans.o
 .progmem.data.__c.6062
                0x000000000000107f        0x2 C:\Users\gazed\AppData\Local\Temp\ccl3yrHN.ltrans0.ltrans.o
 .progmem.data.__c.6060
                0x0000000000001081        0x5 C:\Users\gazed\AppData\Local\Temp\ccl3yrHN.ltrans0.ltrans.o
 .progmem.data.__c.6058
                0x0000000000001086       0x13 C:\Users\gazed\AppData\Local\Temp\ccl3yrHN.ltrans0.ltrans.o
 .progmem.data.__c.6586
                0x0000000000001099        0x4 C:\Users\gazed\AppData\Local\Temp\ccl3yrHN.ltrans0.ltrans.o
 .progmem.data.__c.6584
                0x000000000000109d       0x11 C:\Users\gazed\AppData\Local\Temp\ccl3yrHN.ltrans0.ltrans.o
 .progmem.data.__c.6460
                0x00000000000010ae        0x4 C:\Users\gazed\AppData\Local\Temp\ccl3yrHN.ltrans0.ltrans.o
 .progmem.data.__c.6465.lto_priv.41
                0x00000000000010b2        0x4 C:\Users\gazed\AppData\Local\Temp\ccl3yrHN.ltrans0.ltrans.o
 .progmem.data.__c.6474.lto_priv.39
                0x00000000000010b6        0x4 C:\Users\gazed\AppData\Local\Temp\ccl3yrHN.ltrans0.ltrans.o
 .progmem.data.__c.3179
                0x00000000000010ba       0x39 C:\Users\gazed\AppData\Local\Temp\ccl3yrHN.ltrans0.ltrans.o
 .progmem.data.__c.6478.lto_priv.37
                0x00000000000010f3        0x4 C:\Users\gazed\AppData\Local\Temp\ccl3yrHN.ltrans0.ltrans.o
 .progmem.data.__c.6470
                0x00000000000010f7        0x4 C:\Users\gazed\AppData\Local\Temp\ccl3yrHN.ltrans0.ltrans.o
 .progmem.data.ConfigurationDescriptor
                0x00000000000010fb       0x5b C:\Users\gazed\AppData\Local\Temp\ccl3yrHN.ltrans0.ltrans.o
 .progmem.data.DeviceDescriptor
                0x0000000000001156       0x12 C:\Users\gazed\AppData\Local\Temp\ccl3yrHN.ltrans0.ltrans.o
 .progmem.data.ProductString
                0x0000000000001168       0x24 C:\Users\gazed\AppData\Local\Temp\ccl3yrHN.ltrans0.ltrans.o
 .progmem.data.ManufacturerString
                0x000000000000118c       0x1c C:\Users\gazed\AppData\Local\Temp\ccl3yrHN.ltrans0.ltrans.o
 .progmem.data.LanguageString
                0x00000000000011a8        0x4 C:\Users\gazed\AppData\Local\Temp\ccl3yrHN.ltrans0.ltrans.o
                0x00000000000011ac                . = ALIGN (0x2)
 *(.lowtext)
 *(.lowtext*)
                0x00000000000011ac                __ctors_start = .
 *(.ctors)
                0x00000000000011ac                __ctors_end = .
                0x00000000000011ac                __dtors_start = .
 *(.dtors)
                0x00000000000011ac                __dtors_end = .
 SORT_BY_NAME(*)(.ctors)
 SORT_BY_NAME(*)(.dtors)
 *(.init0)
 .init0         0x00000000000011ac        0x0 c:/program files/qmk_msys/mingw64/bin/../lib/gcc/avr/8.4.0/../../../../avr/lib/avr5/crtatmega32u4.o
                0x00000000000011ac                __init
 *(.init0)
 *(.init1)
 *(.init1)
 *(.init2)
 .init2         0x00000000000011ac        0xc c:/program files/qmk_msys/mingw64/bin/../lib/gcc/avr/8.4.0/../../../../avr/lib/avr5/crtatmega32u4.o
 *(.init2)
 *(.init3)
 .init3         0x00000000000011b8       0x54 C:\Users\gazed\AppData\Local\Temp\ccl3yrHN.ltrans0.ltrans.o
                0x00000000000011b8                bootloader_jump_after_watchdog_reset
 *(.init3)
 *(.init4)
 .init4         0x000000000000120c       0x10 c:/program files/qmk_msys/mingw64/bin/../lib/gcc/avr/8.4.0/avr5\libgcc.a(_clear_bss.o)
                0x000000000000120c                __do_clear_bss
 .init4         0x000000000000121c       0x16 c:/program files/qmk_msys/mingw64/bin/../lib/gcc/avr/8.4.0/avr5\libgcc.a(_copy_data.o)
                0x000000000000121c                __do_copy_data
 *(.init4)
 *(.init5)
 *(.init5)
 *(.init6)
 *(.init6)
 *(.init7)
 *(.init7)
 *(.init8)
 *(.init8)
 *(.init9)
 .init9         0x0000000000001232        0x8 c:/program files/qmk_msys/mingw64/bin/../lib/gcc/avr/8.4.0/../../../../avr/lib/avr5/crtatmega32u4.o
 *(.init9)
 *(.text)
 .text          0x000000000000123a        0x4 c:/program files/qmk_msys/mingw64/bin/../lib/gcc/avr/8.4.0/../../../../avr/lib/avr5/crtatmega32u4.o
                0x000000000000123a                __vector_38
                0x000000000000123a                __vector_22
                0x000000000000123a                __vector_28
                0x000000000000123a                __vector_1
                0x000000000000123a                __vector_32
                0x000000000000123a                __vector_34
                0x000000000000123a                __vector_24
                0x000000000000123a                __bad_interrupt
                0x000000000000123a                __vector_6
                0x000000000000123a                __vector_31
                0x000000000000123a                __vector_35
                0x000000000000123a                __vector_39
                0x000000000000123a                __vector_3
                0x000000000000123a                __vector_23
                0x000000000000123a                __vector_30
                0x000000000000123a                __vector_25
                0x000000000000123a                __vector_13
                0x000000000000123a                __vector_17
                0x000000000000123a                __vector_19
                0x000000000000123a                __vector_7
                0x000000000000123a                __vector_41
                0x000000000000123a                __vector_27
                0x000000000000123a                __vector_5
                0x000000000000123a                __vector_33
                0x000000000000123a                __vector_37
                0x000000000000123a                __vector_4
                0x000000000000123a                __vector_9
                0x000000000000123a                __vector_2
                0x000000000000123a                __vector_15
                0x000000000000123a                __vector_36
                0x000000000000123a                __vector_29
                0x000000000000123a                __vector_40
                0x000000000000123a                __vector_8
                0x000000000000123a                __vector_26
                0x000000000000123a                __vector_14
                0x000000000000123a                __vector_16
                0x000000000000123a                __vector_18
                0x000000000000123a                __vector_20
                0x000000000000123a                __vector_42
 .text          0x000000000000123e      0x15c .build/obj_kb_default/common/avr/xprintf.o
                0x000000000000123e                xputc
                0x0000000000001256                xputs
                0x0000000000001264                xitoa
                0x0000000000001388                __xprintf
                0x000000000000139a                . = ALIGN (0x2)
 *(.text.*)
 .text.USB_Disable
                0x000000000000139a       0x3e C:\Users\gazed\AppData\Local\Temp\ccl3yrHN.ltrans0.ltrans.o
 .text.Endpoint_WaitUntilReady
                0x00000000000013d8       0x62 C:\Users\gazed\AppData\Local\Temp\ccl3yrHN.ltrans0.ltrans.o
 .text.Endpoint_Write_Stream_LE.constprop.0
                0x000000000000143a       0x54 C:\Users\gazed\AppData\Local\Temp\ccl3yrHN.ltrans0.ltrans.o
 .text.Endpoint_ClearStatusStage
                0x000000000000148e       0x3e C:\Users\gazed\AppData\Local\Temp\ccl3yrHN.ltrans0.ltrans.o
 .text.Endpoint_ConfigureEndpoint_Prv
                0x00000000000014cc       0x64 C:\Users\gazed\AppData\Local\Temp\ccl3yrHN.ltrans0.ltrans.o
 .text.USB_Init
                0x0000000000001530       0xc2 C:\Users\gazed\AppData\Local\Temp\ccl3yrHN.ltrans0.ltrans.o
 .text.Endpoint_Write_Control_Stream_LE
                0x00000000000015f2       0xbc C:\Users\gazed\AppData\Local\Temp\ccl3yrHN.ltrans0.ltrans.o
 .text.rgblight_effect_dummy
                0x00000000000016ae        0x2 C:\Users\gazed\AppData\Local\Temp\ccl3yrHN.ltrans0.ltrans.o
 .text.keyboard_leds
                0x00000000000016b0        0x6 C:\Users\gazed\AppData\Local\Temp\ccl3yrHN.ltrans0.ltrans.o
 .text.mousekey_off
                0x00000000000016b6      0x106 C:\Users\gazed\AppData\Local\Temp\ccl3yrHN.ltrans0.ltrans.o
 .text.wheel_unit
                0x00000000000017bc       0x72 C:\Users\gazed\AppData\Local\Temp\ccl3yrHN.ltrans0.ltrans.o
 .text.move_unit
                0x000000000000182e       0x94 C:\Users\gazed\AppData\Local\Temp\ccl3yrHN.ltrans0.ltrans.o
 .text.mousekey_on
                0x00000000000018c2       0xd0 C:\Users\gazed\AppData\Local\Temp\ccl3yrHN.ltrans0.ltrans.o
 .text.timer_elapsed
                0x0000000000001992       0x1e C:\Users\gazed\AppData\Local\Temp\ccl3yrHN.ltrans0.ltrans.o
 .text.timer_read
                0x00000000000019b0       0x18 C:\Users\gazed\AppData\Local\Temp\ccl3yrHN.ltrans0.ltrans.o
 .text.bitrev   0x00000000000019c8       0x30 C:\Users\gazed\AppData\Local\Temp\ccl3yrHN.ltrans0.ltrans.o
 .text.clear_oneshot_mods
                0x00000000000019f8        0xc C:\Users\gazed\AppData\Local\Temp\ccl3yrHN.ltrans0.ltrans.o
 .text.read_source_layers_cache
                0x0000000000001a04       0x50 C:\Users\gazed\AppData\Local\Temp\ccl3yrHN.ltrans0.ltrans.o
 .text.update_source_layers_cache
                0x0000000000001a54       0x58 C:\Users\gazed\AppData\Local\Temp\ccl3yrHN.ltrans0.ltrans.o
 .text.debug_waiting_buffer
                0x0000000000001aac       0x14 C:\Users\gazed\AppData\Local\Temp\ccl3yrHN.ltrans0.ltrans.o
 .text.host_consumer_send
                0x0000000000001ac0       0x2c C:\Users\gazed\AppData\Local\Temp\ccl3yrHN.ltrans0.ltrans.o
 .text.host_system_send
                0x0000000000001aec       0x2c C:\Users\gazed\AppData\Local\Temp\ccl3yrHN.ltrans0.ltrans.o
 .text.host_keyboard_leds
                0x0000000000001b18       0x18 C:\Users\gazed\AppData\Local\Temp\ccl3yrHN.ltrans0.ltrans.o
 .text.handleKeycodeRGB
                0x0000000000001b30        0xa C:\Users\gazed\AppData\Local\Temp\ccl3yrHN.ltrans0.ltrans.o
 .text.rgblight_check_config
                0x0000000000001b3a       0x1e C:\Users\gazed\AppData\Local\Temp\ccl3yrHN.ltrans0.ltrans.o
 .text.sethsv_raw
                0x0000000000001b58      0x12c C:\Users\gazed\AppData\Local\Temp\ccl3yrHN.ltrans0.ltrans.o
 .text.setPinInputHigh_atomic
                0x0000000000001c84       0x2e C:\Users\gazed\AppData\Local\Temp\ccl3yrHN.ltrans0.ltrans.o
 .text.mod_config
                0x0000000000001cb2       0x86 C:\Users\gazed\AppData\Local\Temp\ccl3yrHN.ltrans0.ltrans.o
 .text.action_for_key
                0x0000000000001d38      0x338 C:\Users\gazed\AppData\Local\Temp\ccl3yrHN.ltrans0.ltrans.o
 .text.layer_switch_get_layer
                0x0000000000002070       0x84 C:\Users\gazed\AppData\Local\Temp\ccl3yrHN.ltrans0.ltrans.o
 .text.layer_switch_get_action
                0x00000000000020f4       0x14 C:\Users\gazed\AppData\Local\Temp\ccl3yrHN.ltrans0.ltrans.o
 .text.is_tap_key
                0x0000000000002108       0x48 C:\Users\gazed\AppData\Local\Temp\ccl3yrHN.ltrans0.ltrans.o
 .text.sendchar
                0x0000000000002150       0xc4 C:\Users\gazed\AppData\Local\Temp\ccl3yrHN.ltrans0.ltrans.o
 .text.send_extra
                0x0000000000002214       0x66 C:\Users\gazed\AppData\Local\Temp\ccl3yrHN.ltrans0.ltrans.o
 .text.send_consumer
                0x000000000000227a        0x8 C:\Users\gazed\AppData\Local\Temp\ccl3yrHN.ltrans0.ltrans.o
 .text.send_system
                0x0000000000002282        0x8 C:\Users\gazed\AppData\Local\Temp\ccl3yrHN.ltrans0.ltrans.o
 .text.send_mouse
                0x000000000000228a       0x42 C:\Users\gazed\AppData\Local\Temp\ccl3yrHN.ltrans0.ltrans.o
 .text.send_keyboard
                0x00000000000022cc       0x80 C:\Users\gazed\AppData\Local\Temp\ccl3yrHN.ltrans0.ltrans.o
 .text.bootloader_jump
                0x000000000000234c       0x48 C:\Users\gazed\AppData\Local\Temp\ccl3yrHN.ltrans0.ltrans.o
 .text.rgblight_set
                0x0000000000002394       0x80 C:\Users\gazed\AppData\Local\Temp\ccl3yrHN.ltrans0.ltrans.o
 .text.rgblight_effect_rainbow_swirl
                0x0000000000002414       0x54 C:\Users\gazed\AppData\Local\Temp\ccl3yrHN.ltrans0.ltrans.o
 .text.rgblight_effect_snake
                0x0000000000002468       0xdc C:\Users\gazed\AppData\Local\Temp\ccl3yrHN.ltrans0.ltrans.o
 .text.rgblight_effect_knight
                0x0000000000002544       0x9c C:\Users\gazed\AppData\Local\Temp\ccl3yrHN.ltrans0.ltrans.o
 .text.rgblight_effect_christmas
                0x00000000000025e0      0x112 C:\Users\gazed\AppData\Local\Temp\ccl3yrHN.ltrans0.ltrans.o
 .text.rgblight_effect_alternating
                0x00000000000026f2       0x72 C:\Users\gazed\AppData\Local\Temp\ccl3yrHN.ltrans0.ltrans.o
 .text.rgblight_setrgb
                0x0000000000002764       0x22 C:\Users\gazed\AppData\Local\Temp\ccl3yrHN.ltrans0.ltrans.o
 .text.rgblight_effect_rgbtest
                0x0000000000002786       0x7e C:\Users\gazed\AppData\Local\Temp\ccl3yrHN.ltrans0.ltrans.o
 .text.rgblight_sethsv_noeeprom_old
                0x0000000000002804       0x34 C:\Users\gazed\AppData\Local\Temp\ccl3yrHN.ltrans0.ltrans.o
 .text.rgblight_effect_breathing
                0x0000000000002838       0x28 C:\Users\gazed\AppData\Local\Temp\ccl3yrHN.ltrans0.ltrans.o
 .text.rgblight_effect_rainbow_mood
                0x0000000000002860       0x20 C:\Users\gazed\AppData\Local\Temp\ccl3yrHN.ltrans0.ltrans.o
 .text.matrix_scan
                0x0000000000002880      0x13e C:\Users\gazed\AppData\Local\Temp\ccl3yrHN.ltrans0.ltrans.o
 .text.mousekey_console_help
                0x00000000000029be       0x2e C:\Users\gazed\AppData\Local\Temp\ccl3yrHN.ltrans0.ltrans.o
 .text.mousekey_param_dec
                0x00000000000029ec       0xfe C:\Users\gazed\AppData\Local\Temp\ccl3yrHN.ltrans0.ltrans.o
 .text.mousekey_param_inc
                0x0000000000002aea      0x148 C:\Users\gazed\AppData\Local\Temp\ccl3yrHN.ltrans0.ltrans.o
 .text.mousekey_send
                0x0000000000002c32      0x152 C:\Users\gazed\AppData\Local\Temp\ccl3yrHN.ltrans0.ltrans.o
 .text.del_key_from_report
                0x0000000000002d84       0x76 C:\Users\gazed\AppData\Local\Temp\ccl3yrHN.ltrans0.ltrans.o
 .text.add_key_to_report
                0x0000000000002dfa       0x8c C:\Users\gazed\AppData\Local\Temp\ccl3yrHN.ltrans0.ltrans.o
 .text.send_keyboard_report
                0x0000000000002e86      0x110 C:\Users\gazed\AppData\Local\Temp\ccl3yrHN.ltrans0.ltrans.o
 .text.clear_keyboard_but_mods_and_keys
                0x0000000000002f96       0x3a C:\Users\gazed\AppData\Local\Temp\ccl3yrHN.ltrans0.ltrans.o
 .text.layer_state_set
                0x0000000000002fd0       0x14 C:\Users\gazed\AppData\Local\Temp\ccl3yrHN.ltrans0.ltrans.o
 .text.layer_off
                0x0000000000002fe4       0x46 C:\Users\gazed\AppData\Local\Temp\ccl3yrHN.ltrans0.ltrans.o
 .text.clear_oneshot_layer_state
                0x000000000000302a       0x30 C:\Users\gazed\AppData\Local\Temp\ccl3yrHN.ltrans0.ltrans.o
 .text.layer_on
                0x000000000000305a       0x42 C:\Users\gazed\AppData\Local\Temp\ccl3yrHN.ltrans0.ltrans.o
 .text.default_layer_state_set
                0x000000000000309c       0x14 C:\Users\gazed\AppData\Local\Temp\ccl3yrHN.ltrans0.ltrans.o
 .text.unregister_mods
                0x00000000000030b0       0x16 C:\Users\gazed\AppData\Local\Temp\ccl3yrHN.ltrans0.ltrans.o
 .text.register_mods
                0x00000000000030c6       0x14 C:\Users\gazed\AppData\Local\Temp\ccl3yrHN.ltrans0.ltrans.o
 .text.unregister_code
                0x00000000000030da       0x72 C:\Users\gazed\AppData\Local\Temp\ccl3yrHN.ltrans0.ltrans.o
 .text.rgblight_timer_disable
                0x000000000000314c       0x1e C:\Users\gazed\AppData\Local\Temp\ccl3yrHN.ltrans0.ltrans.o
 .text.rgblight_effect_twinkle
                0x000000000000316a      0x112 C:\Users\gazed\AppData\Local\Temp\ccl3yrHN.ltrans0.ltrans.o
 .text.eeconfig_read_keymap
                0x000000000000327c       0x1c C:\Users\gazed\AppData\Local\Temp\ccl3yrHN.ltrans0.ltrans.o
 .text.eeconfig_update_rgblight
                0x0000000000003298       0x24 C:\Users\gazed\AppData\Local\Temp\ccl3yrHN.ltrans0.ltrans.o
 .text.rgblight_sethsv_eeprom_helper
                0x00000000000032bc      0x1da C:\Users\gazed\AppData\Local\Temp\ccl3yrHN.ltrans0.ltrans.o
 .text.rgblight_decrease_val
                0x0000000000003496       0x18 C:\Users\gazed\AppData\Local\Temp\ccl3yrHN.ltrans0.ltrans.o
 .text.rgblight_increase_val
                0x00000000000034ae       0x18 C:\Users\gazed\AppData\Local\Temp\ccl3yrHN.ltrans0.ltrans.o
 .text.rgblight_decrease_sat
                0x00000000000034c6       0x18 C:\Users\gazed\AppData\Local\Temp\ccl3yrHN.ltrans0.ltrans.o
 .text.rgblight_increase_sat
                0x00000000000034de       0x18 C:\Users\gazed\AppData\Local\Temp\ccl3yrHN.ltrans0.ltrans.o
 .text.rgblight_decrease_hue
                0x00000000000034f6       0x12 C:\Users\gazed\AppData\Local\Temp\ccl3yrHN.ltrans0.ltrans.o
 .text.rgblight_increase_hue
                0x0000000000003508       0x12 C:\Users\gazed\AppData\Local\Temp\ccl3yrHN.ltrans0.ltrans.o
 .text.rgblight_decrease_speed
                0x000000000000351a       0x22 C:\Users\gazed\AppData\Local\Temp\ccl3yrHN.ltrans0.ltrans.o
 .text.rgblight_increase_speed
                0x000000000000353c       0x22 C:\Users\gazed\AppData\Local\Temp\ccl3yrHN.ltrans0.ltrans.o
 .text.eeconfig_update_rgblight_default
                0x000000000000355e       0x1e C:\Users\gazed\AppData\Local\Temp\ccl3yrHN.ltrans0.ltrans.o
 .text.eeconfig_init_quantum
                0x000000000000357c       0xd4 C:\Users\gazed\AppData\Local\Temp\ccl3yrHN.ltrans0.ltrans.o
 .text.clear_keyboard
                0x0000000000003650       0x2a C:\Users\gazed\AppData\Local\Temp\ccl3yrHN.ltrans0.ltrans.o
 .text.USB_Device_ProcessControlRequest
                0x000000000000367a      0x580 C:\Users\gazed\AppData\Local\Temp\ccl3yrHN.ltrans0.ltrans.o
 .text.switch_default_layer
                0x0000000000003bfa       0x3c C:\Users\gazed\AppData\Local\Temp\ccl3yrHN.ltrans0.ltrans.o
 .text.command_common
                0x0000000000003c36      0x4c8 C:\Users\gazed\AppData\Local\Temp\ccl3yrHN.ltrans0.ltrans.o
 .text.register_code
                0x00000000000040fe      0x35e C:\Users\gazed\AppData\Local\Temp\ccl3yrHN.ltrans0.ltrans.o
 .text.perform_space_cadet.constprop.19
                0x000000000000445c       0xce C:\Users\gazed\AppData\Local\Temp\ccl3yrHN.ltrans0.ltrans.o
 .text.rgblight_timer_enable
                0x000000000000452a       0x44 C:\Users\gazed\AppData\Local\Temp\ccl3yrHN.ltrans0.ltrans.o
 .text.rgblight_mode_eeprom_helper
                0x000000000000456e       0xb4 C:\Users\gazed\AppData\Local\Temp\ccl3yrHN.ltrans0.ltrans.o
 .text.rgblight_step_reverse
                0x0000000000004622       0x12 C:\Users\gazed\AppData\Local\Temp\ccl3yrHN.ltrans0.ltrans.o
 .text.rgblight_step
                0x0000000000004634       0x14 C:\Users\gazed\AppData\Local\Temp\ccl3yrHN.ltrans0.ltrans.o
 .text.handleKeycodeRGBMode
                0x0000000000004648       0x1c C:\Users\gazed\AppData\Local\Temp\ccl3yrHN.ltrans0.ltrans.o
 .text.process_record
                0x0000000000004664      0xb3a C:\Users\gazed\AppData\Local\Temp\ccl3yrHN.ltrans0.ltrans.o
 .text.waiting_buffer_scan_tap
                0x000000000000519e       0xac C:\Users\gazed\AppData\Local\Temp\ccl3yrHN.ltrans0.ltrans.o
 .text.process_tapping
                0x000000000000524a      0x314 C:\Users\gazed\AppData\Local\Temp\ccl3yrHN.ltrans0.ltrans.o
 .text.action_exec
                0x000000000000555e      0x11a C:\Users\gazed\AppData\Local\Temp\ccl3yrHN.ltrans0.ltrans.o
 .text.__vector_11
                0x0000000000005678       0x88 C:\Users\gazed\AppData\Local\Temp\ccl3yrHN.ltrans0.ltrans.o
                0x0000000000005678                __vector_11
 .text.__vector_10
                0x0000000000005700      0x2a4 C:\Users\gazed\AppData\Local\Temp\ccl3yrHN.ltrans0.ltrans.o
                0x0000000000005700                __vector_10
 .text.startup.main
                0x00000000000059a4      0x934 C:\Users\gazed\AppData\Local\Temp\ccl3yrHN.ltrans0.ltrans.o
                0x00000000000059a4                main
 .text.__vector_21
                0x00000000000062d8       0x48 C:\Users\gazed\AppData\Local\Temp\ccl3yrHN.ltrans0.ltrans.o
                0x00000000000062d8                __vector_21
 .text.__vector_12
                0x0000000000006320       0x4e C:\Users\gazed\AppData\Local\Temp\ccl3yrHN.ltrans0.ltrans.o
                0x0000000000006320                __vector_12
 .text.libgcc.div
                0x000000000000636e       0x18 c:/program files/qmk_msys/mingw64/bin/../lib/gcc/avr/8.4.0/avr5\libgcc.a(_udivmodqi4.o)
                0x000000000000636e                __udivmodqi4
 .text.libgcc.div
                0x0000000000006386       0x1c c:/program files/qmk_msys/mingw64/bin/../lib/gcc/avr/8.4.0/avr5\libgcc.a(_divmodqi4.o)
                0x0000000000006386                __divmodqi4
 .text.libgcc.div
                0x00000000000063a2       0x28 c:/program files/qmk_msys/mingw64/bin/../lib/gcc/avr/8.4.0/avr5\libgcc.a(_udivmodhi4.o)
                0x00000000000063a2                __udivmodhi4
 .text.libgcc.div
                0x00000000000063ca       0x28 c:/program files/qmk_msys/mingw64/bin/../lib/gcc/avr/8.4.0/avr5\libgcc.a(_divmodhi4.o)
                0x00000000000063ca                _div
                0x00000000000063ca                __divmodhi4
 .text.libgcc   0x00000000000063f2        0xc c:/program files/qmk_msys/mingw64/bin/../lib/gcc/avr/8.4.0/avr5\libgcc.a(_tablejump2.o)
                0x00000000000063f2                __tablejump2__
 .text.libgcc.mul
                0x00000000000063fe       0x10 c:/program files/qmk_msys/mingw64/bin/../lib/gcc/avr/8.4.0/avr5\libgcc.a(_mulhisi3.o)
                0x00000000000063fe                __mulhisi3
 .text.libgcc.mul
                0x000000000000640e        0xe c:/program files/qmk_msys/mingw64/bin/../lib/gcc/avr/8.4.0/avr5\libgcc.a(_usmulhisi3.o)
                0x000000000000640e                __usmulhisi3
                0x0000000000006412                __usmulhisi3_tail
 .text.avr-libc
                0x000000000000641c       0xb8 c:/program files/qmk_msys/mingw64/bin/../lib/gcc/avr/8.4.0/../../../../avr/lib/avr5\libc.a(rand.o)
                0x00000000000064ae                rand_r
                0x00000000000064b4                rand
                0x00000000000064be                srand
 .text.avr-libc
                0x00000000000064d4       0x1a c:/program files/qmk_msys/mingw64/bin/../lib/gcc/avr/8.4.0/../../../../avr/lib/avr5\libc.a(memchr.o)
                0x00000000000064d4                memchr
 .text.avr-libc
                0x00000000000064ee       0x10 c:/program files/qmk_msys/mingw64/bin/../lib/gcc/avr/8.4.0/../../../../avr/lib/avr5\libatmega32u4.a(eerd_byte.o)
                0x00000000000064ee                eeprom_read_byte
 .text.avr-libc
                0x00000000000064fe        0xc c:/program files/qmk_msys/mingw64/bin/../lib/gcc/avr/8.4.0/../../../../avr/lib/avr5\libatmega32u4.a(eerd_dword.o)
                0x00000000000064fe                eeprom_read_float
                0x00000000000064fe                eeprom_read_dword
 .text.avr-libc
                0x000000000000650a        0xc c:/program files/qmk_msys/mingw64/bin/../lib/gcc/avr/8.4.0/../../../../avr/lib/avr5\libatmega32u4.a(eerd_word.o)
                0x000000000000650a                eeprom_read_word
 .text.avr-libc
                0x0000000000006516       0x24 c:/program files/qmk_msys/mingw64/bin/../lib/gcc/avr/8.4.0/../../../../avr/lib/avr5\libatmega32u4.a(eeupd_byte.o)
                0x0000000000006516                eeprom_update_byte
                0x0000000000006518                eeprom_update_r18
 .text.avr-libc
                0x000000000000653a       0x18 c:/program files/qmk_msys/mingw64/bin/../lib/gcc/avr/8.4.0/../../../../avr/lib/avr5\libatmega32u4.a(eeupd_dword.o)
                0x000000000000653a                eeprom_update_float
                0x000000000000653a                eeprom_update_dword
 .text.avr-libc
                0x0000000000006552        0xc c:/program files/qmk_msys/mingw64/bin/../lib/gcc/avr/8.4.0/../../../../avr/lib/avr5\libatmega32u4.a(eeupd_word.o)
                0x0000000000006552                eeprom_update_word
 .text.avr-libc
                0x000000000000655e       0x20 c:/program files/qmk_msys/mingw64/bin/../lib/gcc/avr/8.4.0/../../../../avr/lib/avr5\libatmega32u4.a(eerd_block.o)
                0x000000000000655e                eeprom_read_block
                0x0000000000006562                eeprom_read_blraw
 .text.libgcc.div
                0x000000000000657e       0x2e c:/program files/qmk_msys/mingw64/bin/../lib/gcc/avr/8.4.0/avr5\libgcc.a(_divmodsi4.o)
                0x000000000000657e                __divmodsi4
 .text.libgcc.div
                0x00000000000065ac       0x10 c:/program files/qmk_msys/mingw64/bin/../lib/gcc/avr/8.4.0/avr5\libgcc.a(_negsi2.o)
                0x00000000000065ac                __negsi2
 .text.libgcc.mul
                0x00000000000065bc       0x16 c:/program files/qmk_msys/mingw64/bin/../lib/gcc/avr/8.4.0/avr5\libgcc.a(_muluhisi3.o)
                0x00000000000065bc                __muluhisi3
 .text.libgcc.mul
                0x00000000000065d2       0x10 c:/program files/qmk_msys/mingw64/bin/../lib/gcc/avr/8.4.0/avr5\libgcc.a(_mulshisi3.o)
                0x00000000000065d2                __mulshisi3
                0x00000000000065d8                __mulohisi3
 .text.libgcc.div
                0x00000000000065e2       0x44 c:/program files/qmk_msys/mingw64/bin/../lib/gcc/avr/8.4.0/avr5\libgcc.a(_udivmodsi4.o)
                0x00000000000065e2                __udivmodsi4
 .text.libgcc.mul
                0x0000000000006626       0x1e c:/program files/qmk_msys/mingw64/bin/../lib/gcc/avr/8.4.0/avr5\libgcc.a(_umulhisi3.o)
                0x0000000000006626                __umulhisi3
                0x0000000000006644                . = ALIGN (0x2)
 *(.fini9)
 .fini9         0x0000000000006644        0x0 c:/program files/qmk_msys/mingw64/bin/../lib/gcc/avr/8.4.0/avr5\libgcc.a(_exit.o)
                0x0000000000006644                _exit
                0x0000000000006644                exit
 *(.fini9)
 *(.fini8)
 *(.fini8)
 *(.fini7)
 *(.fini7)
 *(.fini6)
 *(.fini6)
 *(.fini5)
 *(.fini5)
 *(.fini4)
 *(.fini4)
 *(.fini3)
 *(.fini3)
 *(.fini2)
 *(.fini2)
 *(.fini1)
 *(.fini1)
 *(.fini0)
 .fini0         0x0000000000006644        0x4 c:/program files/qmk_msys/mingw64/bin/../lib/gcc/avr/8.4.0/avr5\libgcc.a(_exit.o)
 *(.fini0)
 *(.hightext)
 *(.hightext*)
 *(.progmemx.*)
                0x0000000000006648                . = ALIGN (0x2)
 *(.jumptables)
 *(.jumptables*)
 .jumptables.gcc.is_tap_key
                0x0000000000006648       0x1c C:\Users\gazed\AppData\Local\Temp\ccl3yrHN.ltrans0.ltrans.o
 .jumptables.gcc.USB_Device_ProcessControlRequest
                0x0000000000006664       0x14 C:\Users\gazed\AppData\Local\Temp\ccl3yrHN.ltrans0.ltrans.o
 .jumptables.gcc.command_common
                0x0000000000006678       0x7e C:\Users\gazed\AppData\Local\Temp\ccl3yrHN.ltrans0.ltrans.o
 .jumptables.gcc.process_record
                0x00000000000066f6       0x40 C:\Users\gazed\AppData\Local\Temp\ccl3yrHN.ltrans0.ltrans.o
                0x0000000000006736                _etext = .

.data           0x0000000000800100       0xa6 load address 0x0000000000006736
                0x0000000000800100                PROVIDE (__data_start = .)
 *(.data)
 .data          0x0000000000800100        0x4 c:/program files/qmk_msys/mingw64/bin/../lib/gcc/avr/8.4.0/../../../../avr/lib/avr5\libc.a(rand.o)
 *(.data*)
 .data.static_effect_table
                0x0000000000800104        0xb C:\Users\gazed\AppData\Local\Temp\ccl3yrHN.ltrans0.ltrans.o
 .data.increment.3512
                0x000000000080010f        0x1 C:\Users\gazed\AppData\Local\Temp\ccl3yrHN.ltrans0.ltrans.o
 .data.high_bound.3511
                0x0000000000800110        0x1 C:\Users\gazed\AppData\Local\Temp\ccl3yrHN.ltrans0.ltrans.o
 .data.increment.3524
                0x0000000000800111        0x1 C:\Users\gazed\AppData\Local\Temp\ccl3yrHN.ltrans0.ltrans.o
 .data.mk_wheel_time_to_max
                0x0000000000800112        0x1 C:\Users\gazed\AppData\Local\Temp\ccl3yrHN.ltrans0.ltrans.o
 .data.mk_wheel_max_speed
                0x0000000000800113        0x1 C:\Users\gazed\AppData\Local\Temp\ccl3yrHN.ltrans0.ltrans.o
 .data.mk_time_to_max
                0x0000000000800114        0x1 C:\Users\gazed\AppData\Local\Temp\ccl3yrHN.ltrans0.ltrans.o
 .data.mk_max_speed
                0x0000000000800115        0x1 C:\Users\gazed\AppData\Local\Temp\ccl3yrHN.ltrans0.ltrans.o
 .data.mk_delay
                0x0000000000800116        0x1 C:\Users\gazed\AppData\Local\Temp\ccl3yrHN.ltrans0.ltrans.o
 .data.mk_interval
                0x0000000000800117        0x1 C:\Users\gazed\AppData\Local\Temp\ccl3yrHN.ltrans0.ltrans.o
 .data.lufa_driver
                0x0000000000800118        0xa C:\Users\gazed\AppData\Local\Temp\ccl3yrHN.ltrans0.ltrans.o
 .data.keyboard_protocol
                0x0000000000800122        0x1 C:\Users\gazed\AppData\Local\Temp\ccl3yrHN.ltrans0.ltrans.o
 *(.gnu.linkonce.d*)
 *(.rodata)
 *(.rodata*)
 .rodata.mode_base_table
                0x0000000000800123       0x2b C:\Users\gazed\AppData\Local\Temp\ccl3yrHN.ltrans0.ltrans.o
 .rodata.CSWTCH.55
                0x000000000080014e        0xa C:\Users\gazed\AppData\Local\Temp\ccl3yrHN.ltrans0.ltrans.o
 .rodata.CSWTCH.0.lto_priv.32
                0x0000000000800158        0x3 C:\Users\gazed\AppData\Local\Temp\ccl3yrHN.ltrans0.ltrans.o
 .rodata.CSWTCH.1.lto_priv.34
                0x000000000080015b       0x2e C:\Users\gazed\AppData\Local\Temp\ccl3yrHN.ltrans0.ltrans.o
 .rodata.row_pins
                0x0000000000800189        0x2 C:\Users\gazed\AppData\Local\Temp\ccl3yrHN.ltrans0.ltrans.o
 .rodata.col_pins
                0x000000000080018b        0xc C:\Users\gazed\AppData\Local\Temp\ccl3yrHN.ltrans0.ltrans.o
 .rodata.CSWTCH.2
                0x0000000000800197        0x3 C:\Users\gazed\AppData\Local\Temp\ccl3yrHN.ltrans0.ltrans.o
 .rodata.CSWTCH.1.lto_priv.35
                0x000000000080019a        0x6 C:\Users\gazed\AppData\Local\Temp\ccl3yrHN.ltrans0.ltrans.o
 .rodata.CSWTCH.0.lto_priv.33
                0x00000000008001a0        0x6 C:\Users\gazed\AppData\Local\Temp\ccl3yrHN.ltrans0.ltrans.o
 *(.gnu.linkonce.r*)
                0x00000000008001a6                . = ALIGN (0x2)
                0x00000000008001a6                _edata = .
                0x00000000008001a6                PROVIDE (__data_end = .)

.bss            0x00000000008001a6      0x11c
                0x00000000008001a6                PROVIDE (__bss_start = .)
 *(.bss)
 .bss           0x00000000008001a6        0x2 .build/obj_kb_default/common/avr/xprintf.o
                0x00000000008001a6                xfunc_out
 *(.bss*)
 .bss.__compound_literal.0
                0x00000000008001a8       0x20 C:\Users\gazed\AppData\Local\Temp\ccl3yrHN.ltrans0.ltrans.o
 .bss.debouncing_time
                0x00000000008001c8        0x2 C:\Users\gazed\AppData\Local\Temp\ccl3yrHN.ltrans0.ltrans.o
 .bss.debouncing
                0x00000000008001ca        0x1 C:\Users\gazed\AppData\Local\Temp\ccl3yrHN.ltrans0.ltrans.o
 .bss.pos.3494  0x00000000008001cb        0x1 C:\Users\gazed\AppData\Local\Temp\ccl3yrHN.ltrans0.ltrans.o
 .bss.low_bound.3510
                0x00000000008001cc        0x1 C:\Users\gazed\AppData\Local\Temp\ccl3yrHN.ltrans0.ltrans.o
 .bss.maxval.3539
                0x00000000008001cd        0x1 C:\Users\gazed\AppData\Local\Temp\ccl3yrHN.ltrans0.ltrans.o
 .bss.led       0x00000000008001ce       0x12 C:\Users\gazed\AppData\Local\Temp\ccl3yrHN.ltrans0.ltrans.o
 .bss.led_twinkle_state
                0x00000000008001e0       0x1e C:\Users\gazed\AppData\Local\Temp\ccl3yrHN.ltrans0.ltrans.o
 .bss.last_system_report
                0x00000000008001fe        0x2 C:\Users\gazed\AppData\Local\Temp\ccl3yrHN.ltrans0.ltrans.o
 .bss.last_consumer_report
                0x0000000000800200        0x2 C:\Users\gazed\AppData\Local\Temp\ccl3yrHN.ltrans0.ltrans.o
 .bss.grave_esc_was_shifted
                0x0000000000800202        0x1 C:\Users\gazed\AppData\Local\Temp\ccl3yrHN.ltrans0.ltrans.o
 .bss.mousekey_param
                0x0000000000800203        0x1 C:\Users\gazed\AppData\Local\Temp\ccl3yrHN.ltrans0.ltrans.o
 .bss.tapping_key
                0x0000000000800204        0x6 C:\Users\gazed\AppData\Local\Temp\ccl3yrHN.ltrans0.ltrans.o
 .bss.waiting_buffer_head
                0x000000000080020a        0x1 C:\Users\gazed\AppData\Local\Temp\ccl3yrHN.ltrans0.ltrans.o
 .bss.waiting_buffer
                0x000000000080020b       0x30 C:\Users\gazed\AppData\Local\Temp\ccl3yrHN.ltrans0.ltrans.o
 .bss.waiting_buffer_tail
                0x000000000080023b        0x1 C:\Users\gazed\AppData\Local\Temp\ccl3yrHN.ltrans0.ltrans.o
 .bss.source_layers_cache
                0x000000000080023c        0xf C:\Users\gazed\AppData\Local\Temp\ccl3yrHN.ltrans0.ltrans.o
 .bss.oneshot_layer_data
                0x000000000080024b        0x1 C:\Users\gazed\AppData\Local\Temp\ccl3yrHN.ltrans0.ltrans.o
 .bss.macro_mods
                0x000000000080024c        0x1 C:\Users\gazed\AppData\Local\Temp\ccl3yrHN.ltrans0.ltrans.o
 .bss.weak_mods
                0x000000000080024d        0x1 C:\Users\gazed\AppData\Local\Temp\ccl3yrHN.ltrans0.ltrans.o
 .bss.real_mods
                0x000000000080024e        0x1 C:\Users\gazed\AppData\Local\Temp\ccl3yrHN.ltrans0.ltrans.o
 .bss.oneshot_mods
                0x000000000080024f        0x1 C:\Users\gazed\AppData\Local\Temp\ccl3yrHN.ltrans0.ltrans.o
 .bss.default_layer_state
                0x0000000000800250        0x4 C:\Users\gazed\AppData\Local\Temp\ccl3yrHN.ltrans0.ltrans.o
 .bss.mousekey_accel
                0x0000000000800254        0x1 C:\Users\gazed\AppData\Local\Temp\ccl3yrHN.ltrans0.ltrans.o
 .bss.timer_count
                0x0000000000800255        0x4 C:\Users\gazed\AppData\Local\Temp\ccl3yrHN.ltrans0.ltrans.o
 .bss.command_state
                0x0000000000800259        0x1 C:\Users\gazed\AppData\Local\Temp\ccl3yrHN.ltrans0.ltrans.o
 .bss.timeouted.6553
                0x000000000080025a        0x1 C:\Users\gazed\AppData\Local\Temp\ccl3yrHN.ltrans0.ltrans.o
 .bss.raw_matrix
                0x000000000080025b        0x4 C:\Users\gazed\AppData\Local\Temp\ccl3yrHN.ltrans0.ltrans.o
 .bss.layer_state
                0x000000000080025f        0x4 C:\Users\gazed\AppData\Local\Temp\ccl3yrHN.ltrans0.ltrans.o
 .bss.keymap_config
                0x0000000000800263        0x2 C:\Users\gazed\AppData\Local\Temp\ccl3yrHN.ltrans0.ltrans.o
 .bss.is_rgblight_initialized
                0x0000000000800265        0x1 C:\Users\gazed\AppData\Local\Temp\ccl3yrHN.ltrans0.ltrans.o
 .bss.driver    0x0000000000800266        0x2 C:\Users\gazed\AppData\Local\Temp\ccl3yrHN.ltrans0.ltrans.o
 .bss.wdt_timeout
                0x0000000000800268        0x1 C:\Users\gazed\AppData\Local\Temp\ccl3yrHN.ltrans0.ltrans.o
 .bss.matrix    0x0000000000800269        0x4 C:\Users\gazed\AppData\Local\Temp\ccl3yrHN.ltrans0.ltrans.o
 .bss.animation_status
                0x000000000080026d        0x6 C:\Users\gazed\AppData\Local\Temp\ccl3yrHN.ltrans0.ltrans.o
 .bss.rgblight_status
                0x0000000000800273        0x2 C:\Users\gazed\AppData\Local\Temp\ccl3yrHN.ltrans0.ltrans.o
 .bss.mousekey_wheel_repeat
                0x0000000000800275        0x1 C:\Users\gazed\AppData\Local\Temp\ccl3yrHN.ltrans0.ltrans.o
 .bss.last_timer_w
                0x0000000000800276        0x2 C:\Users\gazed\AppData\Local\Temp\ccl3yrHN.ltrans0.ltrans.o
 .bss.mousekey_repeat
                0x0000000000800278        0x1 C:\Users\gazed\AppData\Local\Temp\ccl3yrHN.ltrans0.ltrans.o
 .bss.last_timer_c
                0x0000000000800279        0x2 C:\Users\gazed\AppData\Local\Temp\ccl3yrHN.ltrans0.ltrans.o
 .bss.mouse_report
                0x000000000080027b        0x6 C:\Users\gazed\AppData\Local\Temp\ccl3yrHN.ltrans0.ltrans.o
 .bss.led_status.6038
                0x0000000000800281        0x1 C:\Users\gazed\AppData\Local\Temp\ccl3yrHN.ltrans0.ltrans.o
 .bss.matrix_prev.6037
                0x0000000000800282        0x4 C:\Users\gazed\AppData\Local\Temp\ccl3yrHN.ltrans0.ltrans.o
 .bss.console_flush
                0x0000000000800286        0x1 C:\Users\gazed\AppData\Local\Temp\ccl3yrHN.ltrans0.ltrans.o
 .bss.count.6484
                0x0000000000800287        0x1 C:\Users\gazed\AppData\Local\Temp\ccl3yrHN.ltrans0.ltrans.o
 .bss.USB_IsInitialized
                0x0000000000800288        0x1 C:\Users\gazed\AppData\Local\Temp\ccl3yrHN.ltrans0.ltrans.o
 .bss.debug_config
                0x0000000000800289        0x1 C:\Users\gazed\AppData\Local\Temp\ccl3yrHN.ltrans0.ltrans.o
 .bss.rgblight_config
                0x000000000080028a        0x5 C:\Users\gazed\AppData\Local\Temp\ccl3yrHN.ltrans0.ltrans.o
 .bss.pre_suspend_enabled
                0x000000000080028f        0x1 C:\Users\gazed\AppData\Local\Temp\ccl3yrHN.ltrans0.ltrans.o
 .bss.is_suspended
                0x0000000000800290        0x1 C:\Users\gazed\AppData\Local\Temp\ccl3yrHN.ltrans0.ltrans.o
 .bss.keyboard_idle
                0x0000000000800291        0x1 C:\Users\gazed\AppData\Local\Temp\ccl3yrHN.ltrans0.ltrans.o
 .bss.keyboard_led_state
                0x0000000000800292        0x1 C:\Users\gazed\AppData\Local\Temp\ccl3yrHN.ltrans0.ltrans.o
 .bss.keyboard_report_sent
                0x0000000000800293       0x20 C:\Users\gazed\AppData\Local\Temp\ccl3yrHN.ltrans0.ltrans.o
 .bss.USB_Device_CurrentlySelfPowered
                0x00000000008002b3        0x1 C:\Users\gazed\AppData\Local\Temp\ccl3yrHN.ltrans0.ltrans.o
 .bss.USB_Device_RemoteWakeupEnabled
                0x00000000008002b4        0x1 C:\Users\gazed\AppData\Local\Temp\ccl3yrHN.ltrans0.ltrans.o
 .bss.USB_DeviceState
                0x00000000008002b5        0x1 C:\Users\gazed\AppData\Local\Temp\ccl3yrHN.ltrans0.ltrans.o
 .bss.USB_Device_ConfigurationNumber
                0x00000000008002b6        0x1 C:\Users\gazed\AppData\Local\Temp\ccl3yrHN.ltrans0.ltrans.o
 .bss.USB_ControlRequest
                0x00000000008002b7        0x8 C:\Users\gazed\AppData\Local\Temp\ccl3yrHN.ltrans0.ltrans.o
 .bss.sc_timer  0x00000000008002bf        0x2 C:\Users\gazed\AppData\Local\Temp\ccl3yrHN.ltrans0.ltrans.o
 .bss.sc_last   0x00000000008002c1        0x1 C:\Users\gazed\AppData\Local\Temp\ccl3yrHN.ltrans0.ltrans.o
 *(COMMON)
                0x00000000008002c2                PROVIDE (__bss_end = .)
                0x0000000000006736                __data_load_start = LOADADDR (.data)
                0x00000000000067dc                __data_load_end = (__data_load_start + SIZEOF (.data))

.noinit         0x00000000008002c2        0x4
                [!provide]                        PROVIDE (__noinit_start = .)
 *(.noinit*)
 .noinit        0x00000000008002c2        0x4 C:\Users\gazed\AppData\Local\Temp\ccl3yrHN.ltrans0.ltrans.o
                [!provide]                        PROVIDE (__noinit_end = .)
                0x00000000008002c6                _end = .
                [!provide]                        PROVIDE (__heap_start = .)

.eeprom         0x0000000000810000        0x0
 *(.eeprom*)
                0x0000000000810000                __eeprom_end = .

.fuse
 *(.fuse)
 *(.lfuse)
 *(.hfuse)
 *(.efuse)

.lock
 *(.lock*)

.signature
 *(.signature*)

.stab           0x0000000000000000      0x8b8
 *(.stab)
 .stab          0x0000000000000000      0x8b8 .build/obj_kb_default/common/avr/xprintf.o

.stabstr        0x0000000000000000       0x8a
 *(.stabstr)
 .stabstr       0x0000000000000000       0x8a .build/obj_kb_default/common/avr/xprintf.o

.stab.excl
 *(.stab.excl)

.stab.exclstr
 *(.stab.exclstr)

.stab.index
 *(.stab.index)

.stab.indexstr
 *(.stab.indexstr)

.comment        0x0000000000000000       0x11
 *(.comment)
 .comment       0x0000000000000000       0x12 C:\Users\gazed\AppData\Local\Temp\ccl3yrHN.ltrans0.ltrans.o
 .comment       0x0000000000000000       0x11 c:/program files/qmk_msys/mingw64/bin/../lib/gcc/avr/8.4.0/../../../../avr/lib/avr5\libc.a(rand.o)
                                         0x12 (size before relaxing)

.note.gnu.avr.deviceinfo
                0x0000000000000000       0x40
 .note.gnu.avr.deviceinfo
                0x0000000000000000       0x40 c:/program files/qmk_msys/mingw64/bin/../lib/gcc/avr/8.4.0/../../../../avr/lib/avr5/crtatmega32u4.o

.note.gnu.build-id
 *(.note.gnu.build-id)

.debug
 *(.debug)

.line
 *(.line)

.debug_srcinfo
 *(.debug_srcinfo)

.debug_sfnames
 *(.debug_sfnames)

.debug_aranges  0x0000000000000000      0x358
 *(.debug_aranges)
 .debug_aranges
                0x0000000000000000      0x358 C:\Users\gazed\AppData\Local\Temp\ccl3yrHN.ltrans0.ltrans.o

.debug_pubnames
 *(.debug_pubnames)

.debug_info     0x0000000000000000    0x27553
 *(.debug_info .gnu.linkonce.wi.*)
 .debug_info    0x0000000000000000      0x9f4 c:/program files/qmk_msys/mingw64/bin/../lib/gcc/avr/8.4.0/../../../../avr/lib/avr5/crtatmega32u4.o
 .debug_info    0x00000000000009f4    0x1d5b9 C:\Users\gazed\AppData\Local\Temp\ccH1ihXkdebugobj
                0x00000000000009f4                kb.c.45447764
                0x0000000000001248                keymap.c.0373ef49
                0x0000000000001ec5                quantum.c.7d286504
                0x0000000000003e49                led.c.abc449ae
                0x00000000000047db                keymap_common.c.cd5d042e
                0x0000000000006864                keycode_config.c.9fbb5b42
                0x0000000000006e6a                matrix_common.c.810f931f
                0x0000000000007280                matrix.c.8a051c18
                0x0000000000007cfc                sym_defer_g.c.a36d853c
                0x00000000000085ea                color.c.3e4e72a5
                0x0000000000008809                rgblight.c.fcf4b2a3
                0x000000000000a294                process_rgb.c.94b64940
                0x000000000000bcd0                ws2812.c.927752a2
                0x000000000000be8d                led_tables.c.73181575
                0x000000000000bf1a                process_space_cadet.c.19d456d1
                0x000000000000d7a8                process_magic.c.bfc81945
                0x000000000000ebb6                process_grave_esc.c.4bb64c1f
                0x000000000001043d                host.c.7f6eee3c
                0x0000000000010c71                keyboard.c.8c381a74
                0x000000000001160a                action.c.04492dd5
                0x0000000000012b99                action_tapping.c.ce283866
                0x000000000001371c                action_macro.c.9e7337a1
                0x0000000000013af9                action_layer.c.6fe9db29
                0x0000000000014334                action_util.c.0868bab5
                0x0000000000014c73                print.c.ffd6a331
                0x0000000000014d32                debug.c.39a0a231
                0x0000000000014e5c                sendchar_null.c.3094c1d4
                0x0000000000014ee3                util.c.cd644d3f
                0x00000000000150ac                eeconfig.c.5fddc0c6
                0x000000000001532c                report.c.626b80a7
                0x0000000000015e2c                suspend.c.e04815c1
                0x000000000001660f                timer.c.d84c4219
                0x0000000000016818                bootloader.c.9757163b
                0x0000000000016b0b                bootmagic_lite.c.5a8d60e6
                0x00000000000173da                magic.c.3531c6cb
                0x000000000001787d                mousekey.c.637d9602
                0x0000000000017ff1                command.c.0d6a070a
                0x0000000000019a0c                lufa.c.f0702ece
                0x000000000001ab7f                usb_descriptor.c.1cfb979d
                0x000000000001b507                HIDParser.c.1e283240
                0x000000000001bb76                Device_AVR8.c.b995ccf0
                0x000000000001bcd6                EndpointStream_AVR8.c.6c4be154
                0x000000000001c7e9                Endpoint_AVR8.c.6cb0242b
                0x000000000001cc19                Host_AVR8.c.111fe126
                0x000000000001cc6f                PipeStream_AVR8.c.2396fcef
                0x000000000001ccc5                Pipe_AVR8.c.160d2c9d
                0x000000000001cd1b                USBController_AVR8.c.22e7ccad
                0x000000000001d038                USBInterrupt_AVR8.c.30ec3551
                0x000000000001d3c1                ConfigDescriptors.c.5e00032a
                0x000000000001d71b                DeviceStandardReq.c.238a2e39
                0x000000000001dcb7                Events.c.373295e8
                0x000000000001dd67                HostStandardReq.c.11f99cc6
                0x000000000001ddbd                USBTask.c.98e2b469
 .debug_info    0x000000000001dfad     0x95a6 C:\Users\gazed\AppData\Local\Temp\ccl3yrHN.ltrans0.ltrans.o

.debug_abbrev   0x0000000000000000     0x6326
 *(.debug_abbrev)
 .debug_abbrev  0x0000000000000000      0x96a c:/program files/qmk_msys/mingw64/bin/../lib/gcc/avr/8.4.0/../../../../avr/lib/avr5/crtatmega32u4.o
 .debug_abbrev  0x000000000000096a     0x55e7 C:\Users\gazed\AppData\Local\Temp\ccH1ihXkdebugobj
 .debug_abbrev  0x0000000000005f51      0x3d5 C:\Users\gazed\AppData\Local\Temp\ccl3yrHN.ltrans0.ltrans.o

.debug_line     0x0000000000000000    0x13529
 *(.debug_line .debug_line.* .debug_line_end)
 .debug_line    0x0000000000000000       0x1d c:/program files/qmk_msys/mingw64/bin/../lib/gcc/avr/8.4.0/../../../../avr/lib/avr5/crtatmega32u4.o
 .debug_line    0x000000000000001d     0x530e C:\Users\gazed\AppData\Local\Temp\ccH1ihXkdebugobj
 .debug_line    0x000000000000532b     0xe1fe C:\Users\gazed\AppData\Local\Temp\ccl3yrHN.ltrans0.ltrans.o

.debug_frame    0x0000000000000000      0xe24
 *(.debug_frame)
 .debug_frame   0x0000000000000000      0xe24 C:\Users\gazed\AppData\Local\Temp\ccl3yrHN.ltrans0.ltrans.o

.debug_str      0x0000000000000000     0x7acb
 *(.debug_str)
 .debug_str     0x0000000000000000      0x371 c:/program files/qmk_msys/mingw64/bin/../lib/gcc/avr/8.4.0/../../../../avr/lib/avr5/crtatmega32u4.o
 .debug_str     0x0000000000000371     0x764e C:\Users\gazed\AppData\Local\Temp\ccH1ihXkdebugobj
                                      0x1e68d (size before relaxing)
 .debug_str     0x00000000000079bf      0x10c C:\Users\gazed\AppData\Local\Temp\ccl3yrHN.ltrans0.ltrans.o
                                        0x13c (size before relaxing)

.debug_loc      0x0000000000000000     0x919a
 *(.debug_loc)
 .debug_loc     0x0000000000000000     0x919a C:\Users\gazed\AppData\Local\Temp\ccl3yrHN.ltrans0.ltrans.o

.debug_macinfo
 *(.debug_macinfo)

.debug_weaknames
 *(.debug_weaknames)

.debug_funcnames
 *(.debug_funcnames)

.debug_typenames
 *(.debug_typenames)

.debug_varnames
 *(.debug_varnames)

.debug_pubtypes
 *(.debug_pubtypes)

.debug_ranges   0x0000000000000000     0x2318
 *(.debug_ranges)
 .debug_ranges  0x0000000000000000     0x2318 C:\Users\gazed\AppData\Local\Temp\ccl3yrHN.ltrans0.ltrans.o

.debug_macro
 *(.debug_macro)

.debug_addr
 *(.debug_addr)
OUTPUT(.build/kb_default.elf elf32-avr)
LOAD linker stubs

Cross Reference Table

Symbol                                            File
CALLBACK_HIDParser_FilterHIDReportItem            .build/obj_kb_default/lib/lufa/LUFA/Drivers/USB/Class/Common/HIDParser.o (symbol from plugin)
CALLBACK_USB_GetDescriptor                        .build/obj_kb_default/lufa.o (symbol from plugin)
                                                  .build/obj_kb_default/lib/lufa/LUFA/Drivers/USB/Core/DeviceStandardReq.o (symbol from plugin)
CIE1931_CURVE                                     .build/obj_kb_default/quantum/led_tables.o (symbol from plugin)
                                                  .build/obj_kb_default/quantum/color.o (symbol from plugin)
ConfigDescriptors.c.5e00032a                      C:\Users\gazed\AppData\Local\Temp\ccH1ihXkdebugobj
ConfigurationDescriptor                           .build/obj_kb_default/usb_descriptor.o (symbol from plugin)
ConsoleReport                                     .build/obj_kb_default/usb_descriptor.o (symbol from plugin)
DeviceDescriptor                                  .build/obj_kb_default/usb_descriptor.o (symbol from plugin)
DeviceStandardReq.c.238a2e39                      C:\Users\gazed\AppData\Local\Temp\ccH1ihXkdebugobj
                                                  C:\Users\gazed\AppData\Local\Temp\ccl3yrHN.ltrans0.ltrans.o
Device_AVR8.c.b995ccf0                            C:\Users\gazed\AppData\Local\Temp\ccH1ihXkdebugobj
                                                  C:\Users\gazed\AppData\Local\Temp\ccl3yrHN.ltrans0.ltrans.o
EVENT_USB_Device_ConfigurationChanged             .build/obj_kb_default/lufa.o (symbol from plugin)
                                                  .build/obj_kb_default/lib/lufa/LUFA/Drivers/USB/Core/DeviceStandardReq.o (symbol from plugin)
EVENT_USB_Device_Connect                          .build/obj_kb_default/lufa.o (symbol from plugin)
                                                  .build/obj_kb_default/lib/lufa/LUFA/Drivers/USB/Core/AVR8/USBInterrupt_AVR8.o (symbol from plugin)
EVENT_USB_Device_ControlRequest                   .build/obj_kb_default/lufa.o (symbol from plugin)
                                                  .build/obj_kb_default/lib/lufa/LUFA/Drivers/USB/Core/DeviceStandardReq.o (symbol from plugin)
EVENT_USB_Device_Disconnect                       .build/obj_kb_default/lufa.o (symbol from plugin)
                                                  .build/obj_kb_default/lib/lufa/LUFA/Drivers/USB/Core/AVR8/USBInterrupt_AVR8.o (symbol from plugin)
EVENT_USB_Device_Reset                            .build/obj_kb_default/lufa.o (symbol from plugin)
                                                  .build/obj_kb_default/lib/lufa/LUFA/Drivers/USB/Core/AVR8/USBInterrupt_AVR8.o (symbol from plugin)
EVENT_USB_Device_StartOfFrame                     .build/obj_kb_default/lufa.o (symbol from plugin)
                                                  .build/obj_kb_default/lib/lufa/LUFA/Drivers/USB/Core/AVR8/USBInterrupt_AVR8.o (symbol from plugin)
EVENT_USB_Device_Suspend                          .build/obj_kb_default/lufa.o (symbol from plugin)
                                                  .build/obj_kb_default/lib/lufa/LUFA/Drivers/USB/Core/AVR8/USBInterrupt_AVR8.o (symbol from plugin)
EVENT_USB_Device_WakeUp                           .build/obj_kb_default/lufa.o (symbol from plugin)
                                                  .build/obj_kb_default/lib/lufa/LUFA/Drivers/USB/Core/AVR8/USBInterrupt_AVR8.o (symbol from plugin)
EndpointStream_AVR8.c.6c4be154                    C:\Users\gazed\AppData\Local\Temp\ccH1ihXkdebugobj
                                                  C:\Users\gazed\AppData\Local\Temp\ccl3yrHN.ltrans0.ltrans.o
Endpoint_AVR8.c.6cb0242b                          C:\Users\gazed\AppData\Local\Temp\ccH1ihXkdebugobj
                                                  C:\Users\gazed\AppData\Local\Temp\ccl3yrHN.ltrans0.ltrans.o
Endpoint_ClearEndpoints                           .build/obj_kb_default/lib/lufa/LUFA/Drivers/USB/Core/AVR8/Endpoint_AVR8.o (symbol from plugin)
Endpoint_ClearStatusStage                         .build/obj_kb_default/lib/lufa/LUFA/Drivers/USB/Core/AVR8/Endpoint_AVR8.o (symbol from plugin)
                                                  .build/obj_kb_default/lib/lufa/LUFA/Drivers/USB/Core/DeviceStandardReq.o (symbol from plugin)
                                                  .build/obj_kb_default/lufa.o (symbol from plugin)
Endpoint_ConfigureEndpointTable                   .build/obj_kb_default/lib/lufa/LUFA/Drivers/USB/Core/AVR8/Endpoint_AVR8.o (symbol from plugin)
Endpoint_ConfigureEndpoint_Prv                    .build/obj_kb_default/lib/lufa/LUFA/Drivers/USB/Core/AVR8/Endpoint_AVR8.o (symbol from plugin)
                                                  .build/obj_kb_default/lib/lufa/LUFA/Drivers/USB/Core/AVR8/USBInterrupt_AVR8.o (symbol from plugin)
                                                  .build/obj_kb_default/lib/lufa/LUFA/Drivers/USB/Core/AVR8/USBController_AVR8.o (symbol from plugin)
                                                  .build/obj_kb_default/lufa.o (symbol from plugin)
Endpoint_Discard_Stream                           .build/obj_kb_default/lib/lufa/LUFA/Drivers/USB/Core/AVR8/EndpointStream_AVR8.o (symbol from plugin)
Endpoint_Null_Stream                              .build/obj_kb_default/lib/lufa/LUFA/Drivers/USB/Core/AVR8/EndpointStream_AVR8.o (symbol from plugin)
Endpoint_Read_Control_EStream_BE                  .build/obj_kb_default/lib/lufa/LUFA/Drivers/USB/Core/AVR8/EndpointStream_AVR8.o (symbol from plugin)
Endpoint_Read_Control_EStream_LE                  .build/obj_kb_default/lib/lufa/LUFA/Drivers/USB/Core/AVR8/EndpointStream_AVR8.o (symbol from plugin)
Endpoint_Read_Control_Stream_BE                   .build/obj_kb_default/lib/lufa/LUFA/Drivers/USB/Core/AVR8/EndpointStream_AVR8.o (symbol from plugin)
Endpoint_Read_Control_Stream_LE                   .build/obj_kb_default/lib/lufa/LUFA/Drivers/USB/Core/AVR8/EndpointStream_AVR8.o (symbol from plugin)
Endpoint_Read_EStream_BE                          .build/obj_kb_default/lib/lufa/LUFA/Drivers/USB/Core/AVR8/EndpointStream_AVR8.o (symbol from plugin)
Endpoint_Read_EStream_LE                          .build/obj_kb_default/lib/lufa/LUFA/Drivers/USB/Core/AVR8/EndpointStream_AVR8.o (symbol from plugin)
Endpoint_Read_Stream_BE                           .build/obj_kb_default/lib/lufa/LUFA/Drivers/USB/Core/AVR8/EndpointStream_AVR8.o (symbol from plugin)
Endpoint_Read_Stream_LE                           .build/obj_kb_default/lib/lufa/LUFA/Drivers/USB/Core/AVR8/EndpointStream_AVR8.o (symbol from plugin)
Endpoint_WaitUntilReady                           .build/obj_kb_default/lib/lufa/LUFA/Drivers/USB/Core/AVR8/Endpoint_AVR8.o (symbol from plugin)
                                                  .build/obj_kb_default/lib/lufa/LUFA/Drivers/USB/Core/AVR8/EndpointStream_AVR8.o (symbol from plugin)
Endpoint_Write_Control_EStream_BE                 .build/obj_kb_default/lib/lufa/LUFA/Drivers/USB/Core/AVR8/EndpointStream_AVR8.o (symbol from plugin)
Endpoint_Write_Control_EStream_LE                 .build/obj_kb_default/lib/lufa/LUFA/Drivers/USB/Core/AVR8/EndpointStream_AVR8.o (symbol from plugin)
Endpoint_Write_Control_PStream_BE                 .build/obj_kb_default/lib/lufa/LUFA/Drivers/USB/Core/AVR8/EndpointStream_AVR8.o (symbol from plugin)
Endpoint_Write_Control_PStream_LE                 .build/obj_kb_default/lib/lufa/LUFA/Drivers/USB/Core/AVR8/EndpointStream_AVR8.o (symbol from plugin)
                                                  .build/obj_kb_default/lib/lufa/LUFA/Drivers/USB/Core/DeviceStandardReq.o (symbol from plugin)
Endpoint_Write_Control_Stream_BE                  .build/obj_kb_default/lib/lufa/LUFA/Drivers/USB/Core/AVR8/EndpointStream_AVR8.o (symbol from plugin)
Endpoint_Write_Control_Stream_LE                  .build/obj_kb_default/lib/lufa/LUFA/Drivers/USB/Core/AVR8/EndpointStream_AVR8.o (symbol from plugin)
                                                  .build/obj_kb_default/lib/lufa/LUFA/Drivers/USB/Core/DeviceStandardReq.o (symbol from plugin)
                                                  .build/obj_kb_default/lufa.o (symbol from plugin)
Endpoint_Write_EStream_BE                         .build/obj_kb_default/lib/lufa/LUFA/Drivers/USB/Core/AVR8/EndpointStream_AVR8.o (symbol from plugin)
Endpoint_Write_EStream_LE                         .build/obj_kb_default/lib/lufa/LUFA/Drivers/USB/Core/AVR8/EndpointStream_AVR8.o (symbol from plugin)
Endpoint_Write_PStream_BE                         .build/obj_kb_default/lib/lufa/LUFA/Drivers/USB/Core/AVR8/EndpointStream_AVR8.o (symbol from plugin)
Endpoint_Write_PStream_LE                         .build/obj_kb_default/lib/lufa/LUFA/Drivers/USB/Core/AVR8/EndpointStream_AVR8.o (symbol from plugin)
Endpoint_Write_Stream_BE                          .build/obj_kb_default/lib/lufa/LUFA/Drivers/USB/Core/AVR8/EndpointStream_AVR8.o (symbol from plugin)
Endpoint_Write_Stream_LE                          .build/obj_kb_default/lib/lufa/LUFA/Drivers/USB/Core/AVR8/EndpointStream_AVR8.o (symbol from plugin)
                                                  .build/obj_kb_default/lufa.o (symbol from plugin)
Events.c.373295e8                                 C:\Users\gazed\AppData\Local\Temp\ccH1ihXkdebugobj
HIDParser.c.1e283240                              C:\Users\gazed\AppData\Local\Temp\ccH1ihXkdebugobj
HostStandardReq.c.11f99cc6                        C:\Users\gazed\AppData\Local\Temp\ccH1ihXkdebugobj
Host_AVR8.c.111fe126                              C:\Users\gazed\AppData\Local\Temp\ccH1ihXkdebugobj
KeyboardReport                                    .build/obj_kb_default/usb_descriptor.o (symbol from plugin)
LanguageString                                    .build/obj_kb_default/usb_descriptor.o (symbol from plugin)
ManufacturerString                                .build/obj_kb_default/usb_descriptor.o (symbol from plugin)
PipeStream_AVR8.c.2396fcef                        C:\Users\gazed\AppData\Local\Temp\ccH1ihXkdebugobj
Pipe_AVR8.c.160d2c9d                              C:\Users\gazed\AppData\Local\Temp\ccH1ihXkdebugobj
ProductString                                     .build/obj_kb_default/usb_descriptor.o (symbol from plugin)
RGBLED_BREATHING_INTERVALS                        .build/obj_kb_default/quantum/rgblight.o (symbol from plugin)
RGBLED_GRADIENT_RANGES                            .build/obj_kb_default/quantum/rgblight.o (symbol from plugin)
RGBLED_KNIGHT_INTERVALS                           .build/obj_kb_default/quantum/rgblight.o (symbol from plugin)
RGBLED_RAINBOW_MOOD_INTERVALS                     .build/obj_kb_default/quantum/rgblight.o (symbol from plugin)
RGBLED_RAINBOW_SWIRL_INTERVALS                    .build/obj_kb_default/quantum/rgblight.o (symbol from plugin)
RGBLED_RGBTEST_INTERVALS                          .build/obj_kb_default/quantum/rgblight.o (symbol from plugin)
RGBLED_SNAKE_INTERVALS                            .build/obj_kb_default/quantum/rgblight.o (symbol from plugin)
RGBLED_TWINKLE_INTERVALS                          .build/obj_kb_default/quantum/rgblight.o (symbol from plugin)
SharedReport                                      .build/obj_kb_default/usb_descriptor.o (symbol from plugin)
USBController_AVR8.c.22e7ccad                     C:\Users\gazed\AppData\Local\Temp\ccH1ihXkdebugobj
                                                  C:\Users\gazed\AppData\Local\Temp\ccl3yrHN.ltrans0.ltrans.o
USBInterrupt_AVR8.c.30ec3551                      C:\Users\gazed\AppData\Local\Temp\ccH1ihXkdebugobj
                                                  C:\Users\gazed\AppData\Local\Temp\ccl3yrHN.ltrans0.ltrans.o
USBTask.c.98e2b469                                C:\Users\gazed\AppData\Local\Temp\ccH1ihXkdebugobj
                                                  C:\Users\gazed\AppData\Local\Temp\ccl3yrHN.ltrans0.ltrans.o
USB_ControlRequest                                .build/obj_kb_default/lib/lufa/LUFA/Drivers/USB/Core/USBTask.o (symbol from plugin)
                                                  .build/obj_kb_default/lib/lufa/LUFA/Drivers/USB/Core/DeviceStandardReq.o (symbol from plugin)
                                                  .build/obj_kb_default/lib/lufa/LUFA/Drivers/USB/Core/AVR8/Endpoint_AVR8.o (symbol from plugin)
                                                  .build/obj_kb_default/lib/lufa/LUFA/Drivers/USB/Core/AVR8/EndpointStream_AVR8.o (symbol from plugin)
                                                  .build/obj_kb_default/lufa.o (symbol from plugin)
USB_DeviceState                                   .build/obj_kb_default/lib/lufa/LUFA/Drivers/USB/Core/USBTask.o (symbol from plugin)
                                                  .build/obj_kb_default/lib/lufa/LUFA/Drivers/USB/Core/DeviceStandardReq.o (symbol from plugin)
                                                  .build/obj_kb_default/lib/lufa/LUFA/Drivers/USB/Core/AVR8/USBInterrupt_AVR8.o (symbol from plugin)
                                                  .build/obj_kb_default/lib/lufa/LUFA/Drivers/USB/Core/AVR8/USBController_AVR8.o (symbol from plugin)
                                                  .build/obj_kb_default/lib/lufa/LUFA/Drivers/USB/Core/AVR8/Endpoint_AVR8.o (symbol from plugin)
                                                  .build/obj_kb_default/lib/lufa/LUFA/Drivers/USB/Core/AVR8/EndpointStream_AVR8.o (symbol from plugin)
                                                  .build/obj_kb_default/lufa.o (symbol from plugin)
                                                  .build/obj_kb_default/common/avr/suspend.o (symbol from plugin)
USB_Device_ConfigurationNumber                    .build/obj_kb_default/lib/lufa/LUFA/Drivers/USB/Core/DeviceStandardReq.o (symbol from plugin)
                                                  .build/obj_kb_default/lib/lufa/LUFA/Drivers/USB/Core/AVR8/USBInterrupt_AVR8.o (symbol from plugin)
                                                  .build/obj_kb_default/lib/lufa/LUFA/Drivers/USB/Core/AVR8/USBController_AVR8.o (symbol from plugin)
USB_Device_CurrentlySelfPowered                   .build/obj_kb_default/lib/lufa/LUFA/Drivers/USB/Core/DeviceStandardReq.o (symbol from plugin)
                                                  .build/obj_kb_default/lib/lufa/LUFA/Drivers/USB/Core/AVR8/USBController_AVR8.o (symbol from plugin)
USB_Device_ProcessControlRequest                  .build/obj_kb_default/lib/lufa/LUFA/Drivers/USB/Core/DeviceStandardReq.o (symbol from plugin)
                                                  .build/obj_kb_default/lib/lufa/LUFA/Drivers/USB/Core/USBTask.o (symbol from plugin)
                                                  .build/obj_kb_default/lib/lufa/LUFA/Drivers/USB/Core/AVR8/USBInterrupt_AVR8.o (symbol from plugin)
USB_Device_RemoteWakeupEnabled                    .build/obj_kb_default/lib/lufa/LUFA/Drivers/USB/Core/DeviceStandardReq.o (symbol from plugin)
                                                  .build/obj_kb_default/lib/lufa/LUFA/Drivers/USB/Core/AVR8/USBController_AVR8.o (symbol from plugin)
                                                  .build/obj_kb_default/lufa.o (symbol from plugin)
USB_Device_SendRemoteWakeup                       .build/obj_kb_default/lib/lufa/LUFA/Drivers/USB/Core/AVR8/Device_AVR8.o (symbol from plugin)
                                                  .build/obj_kb_default/lufa.o (symbol from plugin)
USB_Disable                                       .build/obj_kb_default/lib/lufa/LUFA/Drivers/USB/Core/AVR8/USBController_AVR8.o (symbol from plugin)
                                                  .build/obj_kb_default/lufa.o (symbol from plugin)
USB_Event_Stub                                    .build/obj_kb_default/lib/lufa/LUFA/Drivers/USB/Core/Events.o (symbol from plugin)
USB_Event_Stub_2                                  .build/obj_kb_default/lib/lufa/LUFA/Drivers/USB/Core/Events.o (symbol from plugin)
USB_Event_Stub_3                                  .build/obj_kb_default/lib/lufa/LUFA/Drivers/USB/Core/Events.o (symbol from plugin)