Archive member included to satisfy reference by file (symbol)

c:/program files/qmk_msys/mingw64/bin/../lib/gcc/avr/8.4.0/avr5\libgcc.a(_exit.o)
                              c:/program files/qmk_msys/mingw64/bin/../lib/gcc/avr/8.4.0/../../../../avr/lib/avr5/crtatmega32u4.o (exit)
c:/program files/qmk_msys/mingw64/bin/../lib/gcc/avr/8.4.0/../../../../avr/lib/avr5\libatmega32u4.a(eerd_byte.o)
                              .build/obj_kb_via/quantum/via.o (symbol from plugin) (eeprom_read_byte)
c:/program files/qmk_msys/mingw64/bin/../lib/gcc/avr/8.4.0/../../../../avr/lib/avr5\libatmega32u4.a(eerd_dword.o)
                              .build/obj_kb_via/quantum/rgblight.o (symbol from plugin) (eeprom_read_dword)
c:/program files/qmk_msys/mingw64/bin/../lib/gcc/avr/8.4.0/../../../../avr/lib/avr5\libatmega32u4.a(eerd_word.o)
                              .build/obj_kb_via/common/eeconfig.o (symbol from plugin) (eeprom_read_word)
c:/program files/qmk_msys/mingw64/bin/../lib/gcc/avr/8.4.0/../../../../avr/lib/avr5\libatmega32u4.a(eeupd_byte.o)
                              .build/obj_kb_via/quantum/via.o (symbol from plugin) (eeprom_update_byte)
c:/program files/qmk_msys/mingw64/bin/../lib/gcc/avr/8.4.0/../../../../avr/lib/avr5\libatmega32u4.a(eeupd_dword.o)
                              .build/obj_kb_via/quantum/rgblight.o (symbol from plugin) (eeprom_update_dword)
c:/program files/qmk_msys/mingw64/bin/../lib/gcc/avr/8.4.0/../../../../avr/lib/avr5\libatmega32u4.a(eeupd_word.o)
                              .build/obj_kb_via/common/eeconfig.o (symbol from plugin) (eeprom_update_word)
c:/program files/qmk_msys/mingw64/bin/../lib/gcc/avr/8.4.0/../../../../avr/lib/avr5\libatmega32u4.a(eerd_block.o)
                              c:/program files/qmk_msys/mingw64/bin/../lib/gcc/avr/8.4.0/../../../../avr/lib/avr5\libatmega32u4.a(eerd_dword.o) (eeprom_read_blraw)
c:/program files/qmk_msys/mingw64/bin/../lib/gcc/avr/8.4.0/avr5\libgcc.a(_udivmodhi4.o)
                              C:\Users\gazed\AppData\Local\Temp\cc0wSOOF.ltrans0.ltrans.o (__udivmodhi4)
c:/program files/qmk_msys/mingw64/bin/../lib/gcc/avr/8.4.0/avr5\libgcc.a(_tablejump2.o)
                              C:\Users\gazed\AppData\Local\Temp\cc0wSOOF.ltrans0.ltrans.o (__tablejump2__)
c:/program files/qmk_msys/mingw64/bin/../lib/gcc/avr/8.4.0/avr5\libgcc.a(_copy_data.o)
                              C:\Users\gazed\AppData\Local\Temp\cc0wSOOF.ltrans0.ltrans.o (__do_copy_data)
c:/program files/qmk_msys/mingw64/bin/../lib/gcc/avr/8.4.0/avr5\libgcc.a(_clear_bss.o)
                              C:\Users\gazed\AppData\Local\Temp\cc0wSOOF.ltrans0.ltrans.o (__do_clear_bss)
c:/program files/qmk_msys/mingw64/bin/../lib/gcc/avr/8.4.0/avr5\libgcc.a(_bswapsi2.o)
                              C:\Users\gazed\AppData\Local\Temp\cc0wSOOF.ltrans0.ltrans.o (__bswapsi2)
c:/program files/qmk_msys/mingw64/bin/../lib/gcc/avr/8.4.0/../../../../avr/lib/avr5\libc.a(memchr.o)
                              C:\Users\gazed\AppData\Local\Temp\cc0wSOOF.ltrans0.ltrans.o (memchr)

Allocating common symbols
Common symbol       size              file

rgblight_config     0x5               .build/obj_kb_via/quantum/rgblight.o (symbol from plugin)
USB_IsInitialized   0x1               .build/obj_kb_via/lib/lufa/LUFA/Drivers/USB/Core/USBTask.o (symbol from plugin)
keymap_config       0x2               .build/obj_kb_via/common/magic.o (symbol from plugin)
USB_DeviceState     0x1               .build/obj_kb_via/lib/lufa/LUFA/Drivers/USB/Core/USBTask.o (symbol from plugin)
USB_Device_ConfigurationNumber
                    0x1               .build/obj_kb_via/lib/lufa/LUFA/Drivers/USB/Core/DeviceStandardReq.o (symbol from plugin)
led                 0x12              .build/obj_kb_via/quantum/rgblight.o (symbol from plugin)
raw_matrix          0x4               .build/obj_kb_via/quantum/matrix_common.o (symbol from plugin)
USB_Device_CurrentlySelfPowered
                    0x1               .build/obj_kb_via/lib/lufa/LUFA/Drivers/USB/Core/DeviceStandardReq.o (symbol from plugin)
matrix              0x4               .build/obj_kb_via/quantum/matrix_common.o (symbol from plugin)
USB_ControlRequest  0x8               .build/obj_kb_via/lib/lufa/LUFA/Drivers/USB/Core/USBTask.o (symbol from plugin)
tp_buttons          0x2               .build/obj_kb_via/common/action.o (symbol from plugin)
USB_Device_RemoteWakeupEnabled
                    0x1               .build/obj_kb_via/lib/lufa/LUFA/Drivers/USB/Core/DeviceStandardReq.o (symbol from plugin)
timer_count         0x4               .build/obj_kb_via/common/avr/timer.o (symbol from plugin)

Discarded input sections

 .data          0x0000000000000000        0x0 c:/program files/qmk_msys/mingw64/bin/../lib/gcc/avr/8.4.0/../../../../avr/lib/avr5/crtatmega32u4.o
 .bss           0x0000000000000000        0x0 c:/program files/qmk_msys/mingw64/bin/../lib/gcc/avr/8.4.0/../../../../avr/lib/avr5/crtatmega32u4.o
[...]
Memory Configuration

Name             Origin             Length             Attributes
text             0x0000000000000000 0x0000000000020000 xr
data             0x0000000000800060 0x000000000000ffa0 rw !x
eeprom           0x0000000000810000 0x0000000000010000 rw !x
fuse             0x0000000000820000 0x0000000000000400 rw !x
lock             0x0000000000830000 0x0000000000000400 rw !x
signature        0x0000000000840000 0x0000000000000400 rw !x
user_signatures  0x0000000000850000 0x0000000000000400 rw !x
*default*        0x0000000000000000 0xffffffffffffffff

Linker script and memory map

Address of section .data set to 0x800100
LOAD c:/program files/qmk_msys/mingw64/bin/../lib/gcc/avr/8.4.0/../../../../avr/lib/avr5/crtatmega32u4.o
LOAD .build/obj_kb_via/keyboards/kb/kb.o
LOAD C:\Users\gazed\AppData\Local\Temp\cc4CoYIQdebugobj
LOAD C:\Users\gazed\AppData\Local\Temp\cc0wSOOF.ltrans0.ltrans.o
LOAD .build/obj_kb_via/keyboards/kb/keymaps/via/keymap.o
LOAD .build/obj_kb_via/quantum/quantum.o
LOAD .build/obj_kb_via/quantum/led.o
LOAD .build/obj_kb_via/quantum/keymap_common.o
LOAD .build/obj_kb_via/quantum/keycode_config.o
LOAD .build/obj_kb_via/quantum/matrix_common.o
LOAD .build/obj_kb_via/quantum/matrix.o
LOAD .build/obj_kb_via/quantum/debounce/sym_defer_g.o
LOAD .build/obj_kb_via/quantum/color.o
LOAD .build/obj_kb_via/quantum/rgblight.o
LOAD .build/obj_kb_via/quantum/process_keycode/process_rgb.o
LOAD .build/obj_kb_via/ws2812.o
LOAD .build/obj_kb_via/quantum/led_tables.o
LOAD .build/obj_kb_via/quantum/via.o
LOAD .build/obj_kb_via/quantum/dynamic_keymap.o
LOAD .build/obj_kb_via/quantum/process_keycode/process_space_cadet.o
LOAD .build/obj_kb_via/quantum/process_keycode/process_magic.o
LOAD .build/obj_kb_via/quantum/process_keycode/process_grave_esc.o
LOAD .build/obj_kb_via/common/host.o
LOAD .build/obj_kb_via/common/keyboard.o
LOAD .build/obj_kb_via/common/action.o
LOAD .build/obj_kb_via/common/action_tapping.o
LOAD .build/obj_kb_via/common/action_macro.o
LOAD .build/obj_kb_via/common/action_layer.o
LOAD .build/obj_kb_via/common/action_util.o
LOAD .build/obj_kb_via/common/print.o
LOAD .build/obj_kb_via/common/debug.o
LOAD .build/obj_kb_via/common/sendchar_null.o
LOAD .build/obj_kb_via/common/util.o
LOAD .build/obj_kb_via/common/eeconfig.o
LOAD .build/obj_kb_via/common/report.o
LOAD .build/obj_kb_via/common/avr/suspend.o
LOAD .build/obj_kb_via/common/avr/timer.o
LOAD .build/obj_kb_via/common/avr/bootloader.o
LOAD .build/obj_kb_via/common/avr/xprintf.o
LOAD .build/obj_kb_via/common/bootmagic_lite.o
LOAD .build/obj_kb_via/common/magic.o
LOAD .build/obj_kb_via/common/command.o
LOAD .build/obj_kb_via/lufa.o
LOAD .build/obj_kb_via/usb_descriptor.o
LOAD .build/obj_kb_via/lib/lufa/LUFA/Drivers/USB/Class/Common/HIDParser.o
LOAD .build/obj_kb_via/lib/lufa/LUFA/Drivers/USB/Core/AVR8/Device_AVR8.o
LOAD .build/obj_kb_via/lib/lufa/LUFA/Drivers/USB/Core/AVR8/EndpointStream_AVR8.o
LOAD .build/obj_kb_via/lib/lufa/LUFA/Drivers/USB/Core/AVR8/Endpoint_AVR8.o
LOAD .build/obj_kb_via/lib/lufa/LUFA/Drivers/USB/Core/AVR8/Host_AVR8.o
LOAD .build/obj_kb_via/lib/lufa/LUFA/Drivers/USB/Core/AVR8/PipeStream_AVR8.o
LOAD .build/obj_kb_via/lib/lufa/LUFA/Drivers/USB/Core/AVR8/Pipe_AVR8.o
LOAD .build/obj_kb_via/lib/lufa/LUFA/Drivers/USB/Core/AVR8/USBController_AVR8.o
LOAD .build/obj_kb_via/lib/lufa/LUFA/Drivers/USB/Core/AVR8/USBInterrupt_AVR8.o
LOAD .build/obj_kb_via/lib/lufa/LUFA/Drivers/USB/Core/ConfigDescriptors.o
LOAD .build/obj_kb_via/lib/lufa/LUFA/Drivers/USB/Core/DeviceStandardReq.o
LOAD .build/obj_kb_via/lib/lufa/LUFA/Drivers/USB/Core/Events.o
LOAD .build/obj_kb_via/lib/lufa/LUFA/Drivers/USB/Core/HostStandardReq.o
LOAD .build/obj_kb_via/lib/lufa/LUFA/Drivers/USB/Core/USBTask.o
LOAD c:/program files/qmk_msys/mingw64/bin/../lib/gcc/avr/8.4.0/../../../../avr/lib/avr5\libm.a
START GROUP
LOAD c:/program files/qmk_msys/mingw64/bin/../lib/gcc/avr/8.4.0/avr5\libgcc.a
LOAD c:/program files/qmk_msys/mingw64/bin/../lib/gcc/avr/8.4.0/../../../../avr/lib/avr5\libm.a
LOAD c:/program files/qmk_msys/mingw64/bin/../lib/gcc/avr/8.4.0/../../../../avr/lib/avr5\libc.a
LOAD c:/program files/qmk_msys/mingw64/bin/../lib/gcc/avr/8.4.0/../../../../avr/lib/avr5\libatmega32u4.a
END GROUP
                0x0000000000020000                __TEXT_REGION_LENGTH__ = DEFINED (__TEXT_REGION_LENGTH__)?__TEXT_REGION_LENGTH__:0x20000
                0x000000000000ffa0                __DATA_REGION_LENGTH__ = DEFINED (__DATA_REGION_LENGTH__)?__DATA_REGION_LENGTH__:0xffa0
                0x0000000000010000                __EEPROM_REGION_LENGTH__ = DEFINED (__EEPROM_REGION_LENGTH__)?__EEPROM_REGION_LENGTH__:0x10000
                0x0000000000000400                __FUSE_REGION_LENGTH__ = DEFINED (__FUSE_REGION_LENGTH__)?__FUSE_REGION_LENGTH__:0x400
                0x0000000000000400                __LOCK_REGION_LENGTH__ = DEFINED (__LOCK_REGION_LENGTH__)?__LOCK_REGION_LENGTH__:0x400
                0x0000000000000400                __SIGNATURE_REGION_LENGTH__ = DEFINED (__SIGNATURE_REGION_LENGTH__)?__SIGNATURE_REGION_LENGTH__:0x400
                0x0000000000000400                __USER_SIGNATURE_REGION_LENGTH__ = DEFINED (__USER_SIGNATURE_REGION_LENGTH__)?__USER_SIGNATURE_REGION_LENGTH__:0x400

.hash
 *(.hash)

.dynsym
 *(.dynsym)

.dynstr
 *(.dynstr)

.gnu.version
 *(.gnu.version)

.gnu.version_d
 *(.gnu.version_d)

.gnu.version_r
 *(.gnu.version_r)

.rel.init
 *(.rel.init)

.rela.init
 *(.rela.init)

.rel.text
 *(.rel.text)
 *(.rel.text.*)
 *(.rel.gnu.linkonce.t*)

.rela.text
 *(.rela.text)
 *(.rela.text.*)
 *(.rela.gnu.linkonce.t*)

.rel.fini
 *(.rel.fini)

.rela.fini
 *(.rela.fini)

.rel.rodata
 *(.rel.rodata)
 *(.rel.rodata.*)
 *(.rel.gnu.linkonce.r*)

.rela.rodata
 *(.rela.rodata)
 *(.rela.rodata.*)
 *(.rela.gnu.linkonce.r*)

.rel.data
 *(.rel.data)
 *(.rel.data.*)
 *(.rel.gnu.linkonce.d*)

.rela.data
 *(.rela.data)
 *(.rela.data.*)
 *(.rela.gnu.linkonce.d*)

.rel.ctors
 *(.rel.ctors)

.rela.ctors
 *(.rela.ctors)

.rel.dtors
 *(.rel.dtors)

.rela.dtors
 *(.rela.dtors)

.rel.got
 *(.rel.got)

.rela.got
 *(.rela.got)

.rel.bss
 *(.rel.bss)

.rela.bss
 *(.rela.bss)

.rel.plt
 *(.rel.plt)

.rela.plt
 *(.rela.plt)

.text           0x0000000000000000     0x4320
 *(.vectors)
 .vectors       0x0000000000000000       0xac c:/program files/qmk_msys/mingw64/bin/../lib/gcc/avr/8.4.0/../../../../avr/lib/avr5/crtatmega32u4.o
                0x0000000000000000                __vector_default
                0x0000000000000000                __vectors
 *(.vectors)
 *(.progmem.gcc*)
                0x00000000000000ac                . = ALIGN (0x2)
                0x00000000000000ac                __trampolines_start = .
 *(.trampolines)
 .trampolines   0x00000000000000ac        0x0 linker stubs
 *(.trampolines*)
                0x00000000000000ac                __trampolines_end = .
 *libprintf_flt.a:*(.progmem.data)
 *libc.a:*(.progmem.data)
 *(.progmem.*)
 .progmem.data.SharedReport
                0x00000000000000ac       0x6d C:\Users\gazed\AppData\Local\Temp\cc0wSOOF.ltrans0.ltrans.o
 .progmem.data.RawReport
                0x0000000000000119       0x22 C:\Users\gazed\AppData\Local\Temp\cc0wSOOF.ltrans0.ltrans.o
 .progmem.data.KeyboardReport
                0x000000000000013b       0x40 C:\Users\gazed\AppData\Local\Temp\cc0wSOOF.ltrans0.ltrans.o
 .progmem.data.CIE1931_CURVE
                0x000000000000017b      0x100 C:\Users\gazed\AppData\Local\Temp\cc0wSOOF.ltrans0.ltrans.o
 .progmem.data.rgblight_effect_breathe_table
                0x000000000000027b      0x100 C:\Users\gazed\AppData\Local\Temp\cc0wSOOF.ltrans0.ltrans.o
 .progmem.data.keymaps
                0x000000000000037b       0x90 C:\Users\gazed\AppData\Local\Temp\cc0wSOOF.ltrans0.ltrans.o
 .progmem.data.ascii_to_altgr_lut
                0x000000000000040b       0x10 C:\Users\gazed\AppData\Local\Temp\cc0wSOOF.ltrans0.ltrans.o
 .progmem.data.ascii_to_shift_lut
                0x000000000000041b       0x10 C:\Users\gazed\AppData\Local\Temp\cc0wSOOF.ltrans0.ltrans.o
 .progmem.data.ascii_to_keycode_lut
                0x000000000000042b       0x80 C:\Users\gazed\AppData\Local\Temp\cc0wSOOF.ltrans0.ltrans.o
 .progmem.data.RGBLED_BREATHING_INTERVALS
                0x00000000000004ab        0x4 C:\Users\gazed\AppData\Local\Temp\cc0wSOOF.ltrans0.ltrans.o
 .progmem.data.ConfigurationDescriptor
                0x00000000000004af       0x5b C:\Users\gazed\AppData\Local\Temp\cc0wSOOF.ltrans0.ltrans.o
 .progmem.data.DeviceDescriptor
                0x000000000000050a       0x12 C:\Users\gazed\AppData\Local\Temp\cc0wSOOF.ltrans0.ltrans.o
 .progmem.data.ProductString
                0x000000000000051c       0x24 C:\Users\gazed\AppData\Local\Temp\cc0wSOOF.ltrans0.ltrans.o
 .progmem.data.ManufacturerString
                0x0000000000000540       0x1c C:\Users\gazed\AppData\Local\Temp\cc0wSOOF.ltrans0.ltrans.o
 .progmem.data.LanguageString
                0x000000000000055c        0x4 C:\Users\gazed\AppData\Local\Temp\cc0wSOOF.ltrans0.ltrans.o
                0x0000000000000560                . = ALIGN (0x2)
 *(.lowtext)
 *(.lowtext*)
                0x0000000000000560                __ctors_start = .
 *(.ctors)
                0x0000000000000560                __ctors_end = .
                0x0000000000000560                __dtors_start = .
 *(.dtors)
                0x0000000000000560                __dtors_end = .
 SORT_BY_NAME(*)(.ctors)
 SORT_BY_NAME(*)(.dtors)
 *(.init0)
 .init0         0x0000000000000560        0x0 c:/program files/qmk_msys/mingw64/bin/../lib/gcc/avr/8.4.0/../../../../avr/lib/avr5/crtatmega32u4.o
                0x0000000000000560                __init
 *(.init0)
 *(.init1)
 *(.init1)
 *(.init2)
 .init2         0x0000000000000560        0xc c:/program files/qmk_msys/mingw64/bin/../lib/gcc/avr/8.4.0/../../../../avr/lib/avr5/crtatmega32u4.o
 *(.init2)
 *(.init3)
 .init3         0x000000000000056c       0x54 C:\Users\gazed\AppData\Local\Temp\cc0wSOOF.ltrans0.ltrans.o
                0x000000000000056c                bootloader_jump_after_watchdog_reset
 *(.init3)
 *(.init4)
 .init4         0x00000000000005c0       0x16 c:/program files/qmk_msys/mingw64/bin/../lib/gcc/avr/8.4.0/avr5\libgcc.a(_copy_data.o)
                0x00000000000005c0                __do_copy_data
 .init4         0x00000000000005d6       0x10 c:/program files/qmk_msys/mingw64/bin/../lib/gcc/avr/8.4.0/avr5\libgcc.a(_clear_bss.o)
                0x00000000000005d6                __do_clear_bss
 *(.init4)
 *(.init5)
 *(.init5)
 *(.init6)
 *(.init6)
 *(.init7)
 *(.init7)
 *(.init8)
 *(.init8)
 *(.init9)
 .init9         0x00000000000005e6        0x8 c:/program files/qmk_msys/mingw64/bin/../lib/gcc/avr/8.4.0/../../../../avr/lib/avr5/crtatmega32u4.o
 *(.init9)
 *(.text)
 .text          0x00000000000005ee        0x4 c:/program files/qmk_msys/mingw64/bin/../lib/gcc/avr/8.4.0/../../../../avr/lib/avr5/crtatmega32u4.o
                0x00000000000005ee                __vector_38
                0x00000000000005ee                __vector_22
                0x00000000000005ee                __vector_28
                0x00000000000005ee                __vector_1
                0x00000000000005ee                __vector_32
                0x00000000000005ee                __vector_34
                0x00000000000005ee                __vector_24
                0x00000000000005ee                __bad_interrupt
                0x00000000000005ee                __vector_6
                0x00000000000005ee                __vector_31
                0x00000000000005ee                __vector_35
                0x00000000000005ee                __vector_39
                0x00000000000005ee                __vector_3
                0x00000000000005ee                __vector_23
                0x00000000000005ee                __vector_30
                0x00000000000005ee                __vector_25
                0x00000000000005ee                __vector_13
                0x00000000000005ee                __vector_17
                0x00000000000005ee                __vector_19
                0x00000000000005ee                __vector_7
                0x00000000000005ee                __vector_41
                0x00000000000005ee                __vector_27
                0x00000000000005ee                __vector_5
                0x00000000000005ee                __vector_33
                0x00000000000005ee                __vector_37
                0x00000000000005ee                __vector_4
                0x00000000000005ee                __vector_9
                0x00000000000005ee                __vector_2
                0x00000000000005ee                __vector_15
                0x00000000000005ee                __vector_36
                0x00000000000005ee                __vector_29
                0x00000000000005ee                __vector_40
                0x00000000000005ee                __vector_8
                0x00000000000005ee                __vector_26
                0x00000000000005ee                __vector_14
                0x00000000000005ee                __vector_16
                0x00000000000005ee                __vector_18
                0x00000000000005ee                __vector_20
                0x00000000000005ee                __vector_42
                0x00000000000005f2                . = ALIGN (0x2)
 *(.text.*)
 .text.USB_Disable
                0x00000000000005f2       0x3e C:\Users\gazed\AppData\Local\Temp\cc0wSOOF.ltrans0.ltrans.o
 .text.Endpoint_WaitUntilReady
                0x0000000000000630       0x62 C:\Users\gazed\AppData\Local\Temp\cc0wSOOF.ltrans0.ltrans.o
 .text.Endpoint_Write_Stream_LE.constprop.9
                0x0000000000000692       0x54 C:\Users\gazed\AppData\Local\Temp\cc0wSOOF.ltrans0.ltrans.o
 .text.raw_hid_send.constprop.8
                0x00000000000006e6       0x50 C:\Users\gazed\AppData\Local\Temp\cc0wSOOF.ltrans0.ltrans.o
 .text.Endpoint_ClearStatusStage
                0x0000000000000736       0x3e C:\Users\gazed\AppData\Local\Temp\cc0wSOOF.ltrans0.ltrans.o
 .text.Endpoint_ConfigureEndpoint_Prv
                0x0000000000000774       0x64 C:\Users\gazed\AppData\Local\Temp\cc0wSOOF.ltrans0.ltrans.o
 .text.USB_Init
                0x00000000000007d8       0xc2 C:\Users\gazed\AppData\Local\Temp\cc0wSOOF.ltrans0.ltrans.o
 .text.Endpoint_Write_Control_Stream_LE
                0x000000000000089a       0xbc C:\Users\gazed\AppData\Local\Temp\cc0wSOOF.ltrans0.ltrans.o
 .text.rgblight_effect_dummy
                0x0000000000000956        0x2 C:\Users\gazed\AppData\Local\Temp\cc0wSOOF.ltrans0.ltrans.o
 .text.send_mouse
                0x0000000000000958        0x2 C:\Users\gazed\AppData\Local\Temp\cc0wSOOF.ltrans0.ltrans.o
 .text.keyboard_leds
                0x000000000000095a        0x6 C:\Users\gazed\AppData\Local\Temp\cc0wSOOF.ltrans0.ltrans.o
 .text.timer_elapsed
                0x0000000000000960       0x1e C:\Users\gazed\AppData\Local\Temp\cc0wSOOF.ltrans0.ltrans.o
 .text.timer_read
                0x000000000000097e       0x18 C:\Users\gazed\AppData\Local\Temp\cc0wSOOF.ltrans0.ltrans.o
 .text.del_key_from_report
                0x0000000000000996       0x54 C:\Users\gazed\AppData\Local\Temp\cc0wSOOF.ltrans0.ltrans.o
 .text.add_key_to_report
                0x00000000000009ea       0x6a C:\Users\gazed\AppData\Local\Temp\cc0wSOOF.ltrans0.ltrans.o
 .text.clear_oneshot_mods
                0x0000000000000a54        0xc C:\Users\gazed\AppData\Local\Temp\cc0wSOOF.ltrans0.ltrans.o
 .text.send_keyboard_report
                0x0000000000000a60       0x8a C:\Users\gazed\AppData\Local\Temp\cc0wSOOF.ltrans0.ltrans.o
 .text.read_source_layers_cache
                0x0000000000000aea       0x50 C:\Users\gazed\AppData\Local\Temp\cc0wSOOF.ltrans0.ltrans.o
 .text.update_source_layers_cache
                0x0000000000000b3a       0x58 C:\Users\gazed\AppData\Local\Temp\cc0wSOOF.ltrans0.ltrans.o
 .text.debug_waiting_buffer
                0x0000000000000b92       0x14 C:\Users\gazed\AppData\Local\Temp\cc0wSOOF.ltrans0.ltrans.o
 .text.unregister_mods
                0x0000000000000ba6       0x16 C:\Users\gazed\AppData\Local\Temp\cc0wSOOF.ltrans0.ltrans.o
 .text.register_mods
                0x0000000000000bbc       0x14 C:\Users\gazed\AppData\Local\Temp\cc0wSOOF.ltrans0.ltrans.o
 .text.host_consumer_send
                0x0000000000000bd0       0x2c C:\Users\gazed\AppData\Local\Temp\cc0wSOOF.ltrans0.ltrans.o
 .text.host_system_send
                0x0000000000000bfc       0x2c C:\Users\gazed\AppData\Local\Temp\cc0wSOOF.ltrans0.ltrans.o
 .text.clear_keyboard_but_mods_and_keys
                0x0000000000000c28       0x1c C:\Users\gazed\AppData\Local\Temp\cc0wSOOF.ltrans0.ltrans.o
 .text.layer_state_set
                0x0000000000000c44       0x14 C:\Users\gazed\AppData\Local\Temp\cc0wSOOF.ltrans0.ltrans.o
 .text.update_tri_layer.constprop.29
                0x0000000000000c58       0x38 C:\Users\gazed\AppData\Local\Temp\cc0wSOOF.ltrans0.ltrans.o
 .text.layer_off
                0x0000000000000c90       0x46 C:\Users\gazed\AppData\Local\Temp\cc0wSOOF.ltrans0.ltrans.o
 .text.clear_oneshot_layer_state
                0x0000000000000cd6       0x30 C:\Users\gazed\AppData\Local\Temp\cc0wSOOF.ltrans0.ltrans.o
 .text.layer_on
                0x0000000000000d06       0x42 C:\Users\gazed\AppData\Local\Temp\cc0wSOOF.ltrans0.ltrans.o
 .text.default_layer_state_set
                0x0000000000000d48       0x14 C:\Users\gazed\AppData\Local\Temp\cc0wSOOF.ltrans0.ltrans.o
 .text.unregister_code
                0x0000000000000d5c       0x64 C:\Users\gazed\AppData\Local\Temp\cc0wSOOF.ltrans0.ltrans.o
 .text.host_keyboard_leds
                0x0000000000000dc0       0x18 C:\Users\gazed\AppData\Local\Temp\cc0wSOOF.ltrans0.ltrans.o
 .text.handleKeycodeRGB
                0x0000000000000dd8        0xa C:\Users\gazed\AppData\Local\Temp\cc0wSOOF.ltrans0.ltrans.o
 .text.rgblight_check_config
                0x0000000000000de2       0x1e C:\Users\gazed\AppData\Local\Temp\cc0wSOOF.ltrans0.ltrans.o
 .text.sethsv_raw
                0x0000000000000e00      0x12c C:\Users\gazed\AppData\Local\Temp\cc0wSOOF.ltrans0.ltrans.o
 .text.setPinInputHigh_atomic
                0x0000000000000f2c       0x2e C:\Users\gazed\AppData\Local\Temp\cc0wSOOF.ltrans0.ltrans.o
 .text.mod_config
                0x0000000000000f5a       0x86 C:\Users\gazed\AppData\Local\Temp\cc0wSOOF.ltrans0.ltrans.o
 .text.send_extra
                0x0000000000000fe0       0x64 C:\Users\gazed\AppData\Local\Temp\cc0wSOOF.ltrans0.ltrans.o
 .text.send_consumer
                0x0000000000001044        0x8 C:\Users\gazed\AppData\Local\Temp\cc0wSOOF.ltrans0.ltrans.o
 .text.send_system
                0x000000000000104c        0x8 C:\Users\gazed\AppData\Local\Temp\cc0wSOOF.ltrans0.ltrans.o
 .text.send_keyboard
                0x0000000000001054       0x80 C:\Users\gazed\AppData\Local\Temp\cc0wSOOF.ltrans0.ltrans.o
 .text.bootloader_jump
                0x00000000000010d4       0x48 C:\Users\gazed\AppData\Local\Temp\cc0wSOOF.ltrans0.ltrans.o
 .text.rgblight_set
                0x000000000000111c       0x80 C:\Users\gazed\AppData\Local\Temp\cc0wSOOF.ltrans0.ltrans.o
 .text.rgblight_setrgb
                0x000000000000119c       0x22 C:\Users\gazed\AppData\Local\Temp\cc0wSOOF.ltrans0.ltrans.o
 .text.rgblight_effect_breathing
                0x00000000000011be       0x5c C:\Users\gazed\AppData\Local\Temp\cc0wSOOF.ltrans0.ltrans.o
 .text.matrix_scan
                0x000000000000121a      0x13e C:\Users\gazed\AppData\Local\Temp\cc0wSOOF.ltrans0.ltrans.o
 .text.eeconfig_read_keymap
                0x0000000000001358       0x1c C:\Users\gazed\AppData\Local\Temp\cc0wSOOF.ltrans0.ltrans.o
 .text.dynamic_keymap_get_keycode
                0x0000000000001374       0x4c C:\Users\gazed\AppData\Local\Temp\cc0wSOOF.ltrans0.ltrans.o
 .text.keymap_key_to_keycode
                0x00000000000013c0       0x1a C:\Users\gazed\AppData\Local\Temp\cc0wSOOF.ltrans0.ltrans.o
 .text.action_for_key
                0x00000000000013da      0x2fe C:\Users\gazed\AppData\Local\Temp\cc0wSOOF.ltrans0.ltrans.o
 .text.layer_switch_get_layer
                0x00000000000016d8       0x84 C:\Users\gazed\AppData\Local\Temp\cc0wSOOF.ltrans0.ltrans.o
 .text.layer_switch_get_action
                0x000000000000175c       0x14 C:\Users\gazed\AppData\Local\Temp\cc0wSOOF.ltrans0.ltrans.o
 .text.is_tap_key
                0x0000000000001770       0x48 C:\Users\gazed\AppData\Local\Temp\cc0wSOOF.ltrans0.ltrans.o
 .text.dynamic_keymap_reset
                0x00000000000017b8       0xa8 C:\Users\gazed\AppData\Local\Temp\cc0wSOOF.ltrans0.ltrans.o
 .text.dynamic_keymap_macro_reset
                0x0000000000001860       0x20 C:\Users\gazed\AppData\Local\Temp\cc0wSOOF.ltrans0.ltrans.o
 .text.via_eeprom_set_valid
                0x0000000000001880       0x30 C:\Users\gazed\AppData\Local\Temp\cc0wSOOF.ltrans0.ltrans.o
 .text.eeconfig_init_quantum
                0x00000000000018b0       0xd4 C:\Users\gazed\AppData\Local\Temp\cc0wSOOF.ltrans0.ltrans.o
 .text.eeconfig_update_rgblight
                0x0000000000001984       0x24 C:\Users\gazed\AppData\Local\Temp\cc0wSOOF.ltrans0.ltrans.o
 .text.rgblight_sethsv_eeprom_helper
                0x00000000000019a8       0x92 C:\Users\gazed\AppData\Local\Temp\cc0wSOOF.ltrans0.ltrans.o
 .text.rgblight_decrease_val
                0x0000000000001a3a       0x18 C:\Users\gazed\AppData\Local\Temp\cc0wSOOF.ltrans0.ltrans.o
 .text.rgblight_increase_val
                0x0000000000001a52       0x18 C:\Users\gazed\AppData\Local\Temp\cc0wSOOF.ltrans0.ltrans.o
 .text.rgblight_decrease_sat
                0x0000000000001a6a       0x18 C:\Users\gazed\AppData\Local\Temp\cc0wSOOF.ltrans0.ltrans.o
 .text.rgblight_increase_sat
                0x0000000000001a82       0x18 C:\Users\gazed\AppData\Local\Temp\cc0wSOOF.ltrans0.ltrans.o
 .text.rgblight_decrease_hue
                0x0000000000001a9a       0x12 C:\Users\gazed\AppData\Local\Temp\cc0wSOOF.ltrans0.ltrans.o
 .text.rgblight_increase_hue
                0x0000000000001aac       0x12 C:\Users\gazed\AppData\Local\Temp\cc0wSOOF.ltrans0.ltrans.o
 .text.rgblight_decrease_speed
                0x0000000000001abe       0x22 C:\Users\gazed\AppData\Local\Temp\cc0wSOOF.ltrans0.ltrans.o
 .text.rgblight_increase_speed
                0x0000000000001ae0       0x22 C:\Users\gazed\AppData\Local\Temp\cc0wSOOF.ltrans0.ltrans.o
 .text.eeconfig_update_rgblight_default
                0x0000000000001b02       0x1e C:\Users\gazed\AppData\Local\Temp\cc0wSOOF.ltrans0.ltrans.o
 .text.clear_keyboard
                0x0000000000001b20       0x2a C:\Users\gazed\AppData\Local\Temp\cc0wSOOF.ltrans0.ltrans.o
 .text.USB_Device_ProcessControlRequest
                0x0000000000001b4a      0x58e C:\Users\gazed\AppData\Local\Temp\cc0wSOOF.ltrans0.ltrans.o
 .text.switch_default_layer
                0x00000000000020d8       0x2e C:\Users\gazed\AppData\Local\Temp\cc0wSOOF.ltrans0.ltrans.o
 .text.command_common
                0x0000000000002106       0xd6 C:\Users\gazed\AppData\Local\Temp\cc0wSOOF.ltrans0.ltrans.o
 .text.register_code
                0x00000000000021dc      0x12a C:\Users\gazed\AppData\Local\Temp\cc0wSOOF.ltrans0.ltrans.o
 .text.tap_code
                0x0000000000002306       0x26 C:\Users\gazed\AppData\Local\Temp\cc0wSOOF.ltrans0.ltrans.o
 .text.perform_space_cadet.constprop.23
                0x000000000000232c       0xc8 C:\Users\gazed\AppData\Local\Temp\cc0wSOOF.ltrans0.ltrans.o
 .text.rgblight_timer_enable
                0x00000000000023f4       0x2c C:\Users\gazed\AppData\Local\Temp\cc0wSOOF.ltrans0.ltrans.o
 .text.rgblight_mode_eeprom_helper
                0x0000000000002420       0x76 C:\Users\gazed\AppData\Local\Temp\cc0wSOOF.ltrans0.ltrans.o
 .text.rgblight_step_reverse
                0x0000000000002496       0x12 C:\Users\gazed\AppData\Local\Temp\cc0wSOOF.ltrans0.ltrans.o
 .text.rgblight_step
                0x00000000000024a8       0x14 C:\Users\gazed\AppData\Local\Temp\cc0wSOOF.ltrans0.ltrans.o
 .text.handleKeycodeRGBMode.constprop.24
                0x00000000000024bc       0x1e C:\Users\gazed\AppData\Local\Temp\cc0wSOOF.ltrans0.ltrans.o
 .text.process_record
                0x00000000000024da      0xc16 C:\Users\gazed\AppData\Local\Temp\cc0wSOOF.ltrans0.ltrans.o
 .text.waiting_buffer_scan_tap
                0x00000000000030f0       0xac C:\Users\gazed\AppData\Local\Temp\cc0wSOOF.ltrans0.ltrans.o
 .text.process_tapping
                0x000000000000319c      0x314 C:\Users\gazed\AppData\Local\Temp\cc0wSOOF.ltrans0.ltrans.o
 .text.action_exec
                0x00000000000034b0      0x11a C:\Users\gazed\AppData\Local\Temp\cc0wSOOF.ltrans0.ltrans.o
 .text.__vector_11
                0x00000000000035ca       0x88 C:\Users\gazed\AppData\Local\Temp\cc0wSOOF.ltrans0.ltrans.o
                0x00000000000035ca                __vector_11
 .text.__vector_10
                0x0000000000003652      0x1d2 C:\Users\gazed\AppData\Local\Temp\cc0wSOOF.ltrans0.ltrans.o
                0x0000000000003652                __vector_10
 .text.startup.main
                0x0000000000003824      0x862 C:\Users\gazed\AppData\Local\Temp\cc0wSOOF.ltrans0.ltrans.o
                0x0000000000003824                main
 .text.__vector_21
                0x0000000000004086       0x48 C:\Users\gazed\AppData\Local\Temp\cc0wSOOF.ltrans0.ltrans.o
                0x0000000000004086                __vector_21
 .text.__vector_12
                0x00000000000040ce       0x4e C:\Users\gazed\AppData\Local\Temp\cc0wSOOF.ltrans0.ltrans.o
                0x00000000000040ce                __vector_12
 .text.libgcc.div
                0x000000000000411c       0x28 c:/program files/qmk_msys/mingw64/bin/../lib/gcc/avr/8.4.0/avr5\libgcc.a(_udivmodhi4.o)
                0x000000000000411c                __udivmodhi4
 .text.libgcc   0x0000000000004144        0xc c:/program files/qmk_msys/mingw64/bin/../lib/gcc/avr/8.4.0/avr5\libgcc.a(_tablejump2.o)
                0x0000000000004144                __tablejump2__
 .text.libgcc.builtins
                0x0000000000004150        0xe c:/program files/qmk_msys/mingw64/bin/../lib/gcc/avr/8.4.0/avr5\libgcc.a(_bswapsi2.o)
                0x0000000000004150                __bswapsi2
 .text.avr-libc
                0x000000000000415e       0x10 c:/program files/qmk_msys/mingw64/bin/../lib/gcc/avr/8.4.0/../../../../avr/lib/avr5\libatmega32u4.a(eerd_byte.o)
                0x000000000000415e                eeprom_read_byte
 .text.avr-libc
                0x000000000000416e        0xc c:/program files/qmk_msys/mingw64/bin/../lib/gcc/avr/8.4.0/../../../../avr/lib/avr5\libatmega32u4.a(eerd_dword.o)
                0x000000000000416e                eeprom_read_float
                0x000000000000416e                eeprom_read_dword
 .text.avr-libc
                0x000000000000417a        0xc c:/program files/qmk_msys/mingw64/bin/../lib/gcc/avr/8.4.0/../../../../avr/lib/avr5\libatmega32u4.a(eerd_word.o)
                0x000000000000417a                eeprom_read_word
 .text.avr-libc
                0x0000000000004186       0x24 c:/program files/qmk_msys/mingw64/bin/../lib/gcc/avr/8.4.0/../../../../avr/lib/avr5\libatmega32u4.a(eeupd_byte.o)
                0x0000000000004186                eeprom_update_byte
                0x0000000000004188                eeprom_update_r18
 .text.avr-libc
                0x00000000000041aa       0x18 c:/program files/qmk_msys/mingw64/bin/../lib/gcc/avr/8.4.0/../../../../avr/lib/avr5\libatmega32u4.a(eeupd_dword.o)
                0x00000000000041aa                eeprom_update_float
                0x00000000000041aa                eeprom_update_dword
 .text.avr-libc
                0x00000000000041c2        0xc c:/program files/qmk_msys/mingw64/bin/../lib/gcc/avr/8.4.0/../../../../avr/lib/avr5\libatmega32u4.a(eeupd_word.o)
                0x00000000000041c2                eeprom_update_word
 .text.avr-libc
                0x00000000000041ce       0x20 c:/program files/qmk_msys/mingw64/bin/../lib/gcc/avr/8.4.0/../../../../avr/lib/avr5\libatmega32u4.a(eerd_block.o)
                0x00000000000041ce                eeprom_read_block
                0x00000000000041d2                eeprom_read_blraw
 .text.avr-libc
                0x00000000000041ee       0x1a c:/program files/qmk_msys/mingw64/bin/../lib/gcc/avr/8.4.0/../../../../avr/lib/avr5\libc.a(memchr.o)
                0x00000000000041ee                memchr
                0x0000000000004208                . = ALIGN (0x2)
 *(.fini9)
 .fini9         0x0000000000004208        0x0 c:/program files/qmk_msys/mingw64/bin/../lib/gcc/avr/8.4.0/avr5\libgcc.a(_exit.o)
                0x0000000000004208                _exit
                0x0000000000004208                exit
 *(.fini9)
 *(.fini8)
 *(.fini8)
 *(.fini7)
 *(.fini7)
 *(.fini6)
 *(.fini6)
 *(.fini5)
 *(.fini5)
 *(.fini4)
 *(.fini4)
 *(.fini3)
 *(.fini3)
 *(.fini2)
 *(.fini2)
 *(.fini1)
 *(.fini1)
 *(.fini0)
 .fini0         0x0000000000004208        0x4 c:/program files/qmk_msys/mingw64/bin/../lib/gcc/avr/8.4.0/avr5\libgcc.a(_exit.o)
 *(.fini0)
 *(.hightext)
 *(.hightext*)
 *(.progmemx.*)
                0x000000000000420c                . = ALIGN (0x2)
 *(.jumptables)
 *(.jumptables*)
 .jumptables.gcc.is_tap_key
                0x000000000000420c       0x1c C:\Users\gazed\AppData\Local\Temp\cc0wSOOF.ltrans0.ltrans.o
 .jumptables.gcc.USB_Device_ProcessControlRequest
                0x0000000000004228       0x14 C:\Users\gazed\AppData\Local\Temp\cc0wSOOF.ltrans0.ltrans.o
 .jumptables.gcc.command_common
                0x000000000000423c       0x7e C:\Users\gazed\AppData\Local\Temp\cc0wSOOF.ltrans0.ltrans.o
 .jumptables.gcc.process_record
                0x00000000000042ba       0x40 C:\Users\gazed\AppData\Local\Temp\cc0wSOOF.ltrans0.ltrans.o
 .jumptables.gcc.main
                0x00000000000042fa       0x26 C:\Users\gazed\AppData\Local\Temp\cc0wSOOF.ltrans0.ltrans.o
                0x0000000000004320                _etext = .

.data           0x0000000000800100       0x60 load address 0x0000000000004320
                0x0000000000800100                PROVIDE (__data_start = .)
 *(.data)
 *(.data*)
 .data.static_effect_table
                0x0000000000800100        0x1 C:\Users\gazed\AppData\Local\Temp\cc0wSOOF.ltrans0.ltrans.o
 .data.lufa_driver
                0x0000000000800101        0xa C:\Users\gazed\AppData\Local\Temp\cc0wSOOF.ltrans0.ltrans.o
 .data.keyboard_protocol
                0x000000000080010b        0x1 C:\Users\gazed\AppData\Local\Temp\cc0wSOOF.ltrans0.ltrans.o
 *(.gnu.linkonce.d*)
 *(.rodata)
 *(.rodata*)
 .rodata.mode_base_table
                0x000000000080010c        0x6 C:\Users\gazed\AppData\Local\Temp\cc0wSOOF.ltrans0.ltrans.o
 .rodata.CSWTCH.0.lto_priv.39
                0x0000000000800112        0x3 C:\Users\gazed\AppData\Local\Temp\cc0wSOOF.ltrans0.ltrans.o
 .rodata.CSWTCH.1.lto_priv.41
                0x0000000000800115       0x2e C:\Users\gazed\AppData\Local\Temp\cc0wSOOF.ltrans0.ltrans.o
 .rodata.row_pins
                0x0000000000800143        0x2 C:\Users\gazed\AppData\Local\Temp\cc0wSOOF.ltrans0.ltrans.o
 .rodata.col_pins
                0x0000000000800145        0xc C:\Users\gazed\AppData\Local\Temp\cc0wSOOF.ltrans0.ltrans.o
 .rodata.CSWTCH.2
                0x0000000000800151        0x3 C:\Users\gazed\AppData\Local\Temp\cc0wSOOF.ltrans0.ltrans.o
 .rodata.CSWTCH.1.lto_priv.42
                0x0000000000800154        0x6 C:\Users\gazed\AppData\Local\Temp\cc0wSOOF.ltrans0.ltrans.o
 .rodata.CSWTCH.0.lto_priv.40
                0x000000000080015a        0x6 C:\Users\gazed\AppData\Local\Temp\cc0wSOOF.ltrans0.ltrans.o
 *(.gnu.linkonce.r*)
                0x0000000000800160                . = ALIGN (0x2)
                0x0000000000800160                _edata = .
                0x0000000000800160                PROVIDE (__data_end = .)

.bss            0x0000000000800160       0xe8
                0x0000000000800160                PROVIDE (__bss_start = .)
 *(.bss)
 *(.bss*)
 .bss.__compound_literal.0
                0x0000000000800160       0x20 C:\Users\gazed\AppData\Local\Temp\cc0wSOOF.ltrans0.ltrans.o
 .bss.debouncing_time
                0x0000000000800180        0x2 C:\Users\gazed\AppData\Local\Temp\cc0wSOOF.ltrans0.ltrans.o
 .bss.debouncing
                0x0000000000800182        0x1 C:\Users\gazed\AppData\Local\Temp\cc0wSOOF.ltrans0.ltrans.o
 .bss.led       0x0000000000800183       0x12 C:\Users\gazed\AppData\Local\Temp\cc0wSOOF.ltrans0.ltrans.o
 .bss.last_system_report
                0x0000000000800195        0x2 C:\Users\gazed\AppData\Local\Temp\cc0wSOOF.ltrans0.ltrans.o
 .bss.last_consumer_report
                0x0000000000800197        0x2 C:\Users\gazed\AppData\Local\Temp\cc0wSOOF.ltrans0.ltrans.o
 .bss.grave_esc_was_shifted
                0x0000000000800199        0x1 C:\Users\gazed\AppData\Local\Temp\cc0wSOOF.ltrans0.ltrans.o
 .bss.tapping_key
                0x000000000080019a        0x6 C:\Users\gazed\AppData\Local\Temp\cc0wSOOF.ltrans0.ltrans.o
 .bss.waiting_buffer_head
                0x00000000008001a0        0x1 C:\Users\gazed\AppData\Local\Temp\cc0wSOOF.ltrans0.ltrans.o
 .bss.waiting_buffer
                0x00000000008001a1       0x30 C:\Users\gazed\AppData\Local\Temp\cc0wSOOF.ltrans0.ltrans.o
 .bss.waiting_buffer_tail
                0x00000000008001d1        0x1 C:\Users\gazed\AppData\Local\Temp\cc0wSOOF.ltrans0.ltrans.o
 .bss.source_layers_cache
                0x00000000008001d2        0xf C:\Users\gazed\AppData\Local\Temp\cc0wSOOF.ltrans0.ltrans.o
 .bss.oneshot_layer_data
                0x00000000008001e1        0x1 C:\Users\gazed\AppData\Local\Temp\cc0wSOOF.ltrans0.ltrans.o
 .bss.macro_mods
                0x00000000008001e2        0x1 C:\Users\gazed\AppData\Local\Temp\cc0wSOOF.ltrans0.ltrans.o
 .bss.weak_mods
                0x00000000008001e3        0x1 C:\Users\gazed\AppData\Local\Temp\cc0wSOOF.ltrans0.ltrans.o
 .bss.real_mods
                0x00000000008001e4        0x1 C:\Users\gazed\AppData\Local\Temp\cc0wSOOF.ltrans0.ltrans.o
 .bss.oneshot_mods
                0x00000000008001e5        0x1 C:\Users\gazed\AppData\Local\Temp\cc0wSOOF.ltrans0.ltrans.o
 .bss.default_layer_state
                0x00000000008001e6        0x4 C:\Users\gazed\AppData\Local\Temp\cc0wSOOF.ltrans0.ltrans.o
 .bss.command_state
                0x00000000008001ea        0x1 C:\Users\gazed\AppData\Local\Temp\cc0wSOOF.ltrans0.ltrans.o
 .bss.raw_matrix
                0x00000000008001eb        0x4 C:\Users\gazed\AppData\Local\Temp\cc0wSOOF.ltrans0.ltrans.o
 .bss.keymap_config
                0x00000000008001ef        0x2 C:\Users\gazed\AppData\Local\Temp\cc0wSOOF.ltrans0.ltrans.o
 .bss.is_rgblight_initialized
                0x00000000008001f1        0x1 C:\Users\gazed\AppData\Local\Temp\cc0wSOOF.ltrans0.ltrans.o
 .bss.driver    0x00000000008001f2        0x2 C:\Users\gazed\AppData\Local\Temp\cc0wSOOF.ltrans0.ltrans.o
 .bss.wdt_timeout
                0x00000000008001f4        0x1 C:\Users\gazed\AppData\Local\Temp\cc0wSOOF.ltrans0.ltrans.o
 .bss.animation_status
                0x00000000008001f5        0x6 C:\Users\gazed\AppData\Local\Temp\cc0wSOOF.ltrans0.ltrans.o
 .bss.led_status.6050
                0x00000000008001fb        0x1 C:\Users\gazed\AppData\Local\Temp\cc0wSOOF.ltrans0.ltrans.o
 .bss.debug_config
                0x00000000008001fc        0x1 C:\Users\gazed\AppData\Local\Temp\cc0wSOOF.ltrans0.ltrans.o
 .bss.matrix_prev.6049
                0x00000000008001fd        0x4 C:\Users\gazed\AppData\Local\Temp\cc0wSOOF.ltrans0.ltrans.o
 .bss.rgblight_status
                0x0000000000800201        0x2 C:\Users\gazed\AppData\Local\Temp\cc0wSOOF.ltrans0.ltrans.o
 .bss.matrix    0x0000000000800203        0x4 C:\Users\gazed\AppData\Local\Temp\cc0wSOOF.ltrans0.ltrans.o
 .bss.timer_count
                0x0000000000800207        0x4 C:\Users\gazed\AppData\Local\Temp\cc0wSOOF.ltrans0.ltrans.o
 .bss.USB_IsInitialized
                0x000000000080020b        0x1 C:\Users\gazed\AppData\Local\Temp\cc0wSOOF.ltrans0.ltrans.o
 .bss.pre_suspend_enabled
                0x000000000080020c        0x1 C:\Users\gazed\AppData\Local\Temp\cc0wSOOF.ltrans0.ltrans.o
 .bss.is_suspended
                0x000000000080020d        0x1 C:\Users\gazed\AppData\Local\Temp\cc0wSOOF.ltrans0.ltrans.o
 .bss.keyboard_idle
                0x000000000080020e        0x1 C:\Users\gazed\AppData\Local\Temp\cc0wSOOF.ltrans0.ltrans.o
 .bss.keyboard_led_state
                0x000000000080020f        0x1 C:\Users\gazed\AppData\Local\Temp\cc0wSOOF.ltrans0.ltrans.o
 .bss.keyboard_report_sent
                0x0000000000800210       0x20 C:\Users\gazed\AppData\Local\Temp\cc0wSOOF.ltrans0.ltrans.o
 .bss.USB_Device_CurrentlySelfPowered
                0x0000000000800230        0x1 C:\Users\gazed\AppData\Local\Temp\cc0wSOOF.ltrans0.ltrans.o
 .bss.USB_Device_RemoteWakeupEnabled
                0x0000000000800231        0x1 C:\Users\gazed\AppData\Local\Temp\cc0wSOOF.ltrans0.ltrans.o
 .bss.USB_Device_ConfigurationNumber
                0x0000000000800232        0x1 C:\Users\gazed\AppData\Local\Temp\cc0wSOOF.ltrans0.ltrans.o
 .bss.USB_ControlRequest
                0x0000000000800233        0x8 C:\Users\gazed\AppData\Local\Temp\cc0wSOOF.ltrans0.ltrans.o
 .bss.USB_DeviceState
                0x000000000080023b        0x1 C:\Users\gazed\AppData\Local\Temp\cc0wSOOF.ltrans0.ltrans.o
 .bss.sc_timer  0x000000000080023c        0x2 C:\Users\gazed\AppData\Local\Temp\cc0wSOOF.ltrans0.ltrans.o
 .bss.sc_last   0x000000000080023e        0x1 C:\Users\gazed\AppData\Local\Temp\cc0wSOOF.ltrans0.ltrans.o
 .bss.rgblight_config
                0x000000000080023f        0x5 C:\Users\gazed\AppData\Local\Temp\cc0wSOOF.ltrans0.ltrans.o
 .bss.layer_state
                0x0000000000800244        0x4 C:\Users\gazed\AppData\Local\Temp\cc0wSOOF.ltrans0.ltrans.o
 *(COMMON)
                0x0000000000800248                PROVIDE (__bss_end = .)
                0x0000000000004320                __data_load_start = LOADADDR (.data)
                0x0000000000004380                __data_load_end = (__data_load_start + SIZEOF (.data))

.noinit         0x0000000000800248        0x4
                [!provide]                        PROVIDE (__noinit_start = .)
 *(.noinit*)
 .noinit        0x0000000000800248        0x4 C:\Users\gazed\AppData\Local\Temp\cc0wSOOF.ltrans0.ltrans.o
                [!provide]                        PROVIDE (__noinit_end = .)
                0x000000000080024c                _end = .
                [!provide]                        PROVIDE (__heap_start = .)

.eeprom         0x0000000000810000        0x0
 *(.eeprom*)
                0x0000000000810000                __eeprom_end = .

.fuse
 *(.fuse)
 *(.lfuse)
 *(.hfuse)
 *(.efuse)

.lock
 *(.lock*)

.signature
 *(.signature*)

.stab
 *(.stab)

.stabstr        0x0000000000000000       0x8a
 *(.stabstr)
 .stabstr       0x0000000000000000       0x8a .build/obj_kb_via/common/avr/xprintf.o

.stab.excl
 *(.stab.excl)

.stab.exclstr
 *(.stab.exclstr)

.stab.index
 *(.stab.index)

.stab.indexstr
 *(.stab.indexstr)

.comment        0x0000000000000000       0x11
 *(.comment)
 .comment       0x0000000000000000       0x11 C:\Users\gazed\AppData\Local\Temp\cc0wSOOF.ltrans0.ltrans.o
                                         0x12 (size before relaxing)

.note.gnu.avr.deviceinfo
                0x0000000000000000       0x40
 .note.gnu.avr.deviceinfo
                0x0000000000000000       0x40 c:/program files/qmk_msys/mingw64/bin/../lib/gcc/avr/8.4.0/../../../../avr/lib/avr5/crtatmega32u4.o

.note.gnu.build-id
 *(.note.gnu.build-id)

.debug
 *(.debug)

.line
 *(.line)

.debug_srcinfo
 *(.debug_srcinfo)

.debug_sfnames
 *(.debug_sfnames)

.debug_aranges  0x0000000000000000      0x2f0
 *(.debug_aranges)
 .debug_aranges
                0x0000000000000000      0x2f0 C:\Users\gazed\AppData\Local\Temp\cc0wSOOF.ltrans0.ltrans.o

.debug_pubnames
 *(.debug_pubnames)

.debug_info     0x0000000000000000    0x2617e
 *(.debug_info .gnu.linkonce.wi.*)
 .debug_info    0x0000000000000000      0x9f4 c:/program files/qmk_msys/mingw64/bin/../lib/gcc/avr/8.4.0/../../../../avr/lib/avr5/crtatmega32u4.o
 .debug_info    0x00000000000009f4    0x1ce28 C:\Users\gazed\AppData\Local\Temp\cc4CoYIQdebugobj
                0x00000000000009f4                kb.c.ba0caa2c
                0x0000000000001228                keymap.c.3f32d75f
                0x0000000000001e85                quantum.c.37b2b36c
                0x0000000000003daf                led.c.fa29ea1e
                0x0000000000004721                keymap_common.c.548e2eca
                0x0000000000006716                keycode_config.c.9fbb5b42
                0x0000000000006d1c                matrix_common.c.ab02d6a9
                0x0000000000007047                matrix.c.d3da33fb
                0x0000000000007aa3                sym_defer_g.c.c7382569
                0x0000000000008371                color.c.3e4e72a5
                0x0000000000008590                rgblight.c.31eeec2e
                0x00000000000097a4                process_rgb.c.eca4d1c9
                0x000000000000b0e2                ws2812.c.927752a2
                0x000000000000b29f                led_tables.c.73181575
                0x000000000000b32c                via.c.fee0c076
                0x000000000000c184                dynamic_keymap.c.649c51de
                0x000000000000d171                process_space_cadet.c.ff04c5b0
                0x000000000000e9df                process_magic.c.5f69bcda
                0x000000000000fdcd                process_grave_esc.c.ccdc29ce
                0x0000000000011634                host.c.6301755a
                0x0000000000011dc3                keyboard.c.c17031b9
                0x000000000001266f                action.c.f712403c
                0x0000000000013b6a                action_tapping.c.0351663d
                0x00000000000146cd                action_macro.c.5f0b87ac
                0x0000000000014a8a                action_layer.c.f038ad04
                0x00000000000152a5                action_util.c.2465c825
                0x0000000000015bc4                print.c.c33bb4af
                0x0000000000015c1a                debug.c.c9def146
                0x0000000000015d24                sendchar_null.c.3094c1d4
                0x0000000000015dab                util.c.cd644d3f
                0x0000000000015f74                eeconfig.c.5fddc0c6
                0x00000000000161f4                report.c.235dc7da
                0x0000000000016c9e                suspend.c.c344a333
                0x0000000000017472                timer.c.d84c4219
                0x000000000001767b                bootloader.c.9757163b
                0x000000000001796e                bootmagic_lite.c.baf75111
                0x000000000001821d                magic.c.e1fc6b7b
                0x00000000000186a0                command.c.5b24a7e6
                0x000000000001943c                lufa.c.c37c7bfe
                0x000000000001a3e9                usb_descriptor.c.bcce4c2d
                0x000000000001ad76                HIDParser.c.1e283240
                0x000000000001b3e5                Device_AVR8.c.b995ccf0
                0x000000000001b545                EndpointStream_AVR8.c.6c4be154
                0x000000000001c058                Endpoint_AVR8.c.6cb0242b
                0x000000000001c488                Host_AVR8.c.111fe126
                0x000000000001c4de                PipeStream_AVR8.c.2396fcef
                0x000000000001c534                Pipe_AVR8.c.160d2c9d
                0x000000000001c58a                USBController_AVR8.c.22e7ccad
                0x000000000001c8a7                USBInterrupt_AVR8.c.30ec3551
                0x000000000001cc30                ConfigDescriptors.c.5e00032a
                0x000000000001cf8a                DeviceStandardReq.c.238a2e39
                0x000000000001d526                Events.c.373295e8
                0x000000000001d5d6                HostStandardReq.c.11f99cc6
                0x000000000001d62c                USBTask.c.98e2b469
 .debug_info    0x000000000001d81c     0x8962 C:\Users\gazed\AppData\Local\Temp\cc0wSOOF.ltrans0.ltrans.o

.debug_abbrev   0x0000000000000000     0x63ed
 *(.debug_abbrev)
 .debug_abbrev  0x0000000000000000      0x96a c:/program files/qmk_msys/mingw64/bin/../lib/gcc/avr/8.4.0/../../../../avr/lib/avr5/crtatmega32u4.o
 .debug_abbrev  0x000000000000096a     0x56be C:\Users\gazed\AppData\Local\Temp\cc4CoYIQdebugobj
 .debug_abbrev  0x0000000000006028      0x3c5 C:\Users\gazed\AppData\Local\Temp\cc0wSOOF.ltrans0.ltrans.o

.debug_line     0x0000000000000000    0x109e2
 *(.debug_line .debug_line.* .debug_line_end)
 .debug_line    0x0000000000000000       0x1d c:/program files/qmk_msys/mingw64/bin/../lib/gcc/avr/8.4.0/../../../../avr/lib/avr5/crtatmega32u4.o
 .debug_line    0x000000000000001d     0x51d4 C:\Users\gazed\AppData\Local\Temp\cc4CoYIQdebugobj
 .debug_line    0x00000000000051f1     0xb7f1 C:\Users\gazed\AppData\Local\Temp\cc0wSOOF.ltrans0.ltrans.o

.debug_frame    0x0000000000000000      0x994
 *(.debug_frame)
 .debug_frame   0x0000000000000000      0x994 C:\Users\gazed\AppData\Local\Temp\cc0wSOOF.ltrans0.ltrans.o

.debug_str      0x0000000000000000     0x77c1
 *(.debug_str)
 .debug_str     0x0000000000000000      0x371 c:/program files/qmk_msys/mingw64/bin/../lib/gcc/avr/8.4.0/../../../../avr/lib/avr5/crtatmega32u4.o
 .debug_str     0x0000000000000371     0x7344 C:\Users\gazed\AppData\Local\Temp\cc4CoYIQdebugobj
                                      0x1edc3 (size before relaxing)
 .debug_str     0x00000000000076b5      0x10c C:\Users\gazed\AppData\Local\Temp\cc0wSOOF.ltrans0.ltrans.o
                                        0x13c (size before relaxing)

.debug_loc      0x0000000000000000     0x80fd
 *(.debug_loc)
 .debug_loc     0x0000000000000000     0x80fd C:\Users\gazed\AppData\Local\Temp\cc0wSOOF.ltrans0.ltrans.o

.debug_macinfo
 *(.debug_macinfo)

.debug_weaknames
 *(.debug_weaknames)

.debug_funcnames
 *(.debug_funcnames)

.debug_typenames
 *(.debug_typenames)

.debug_varnames
 *(.debug_varnames)

.debug_pubtypes
 *(.debug_pubtypes)

.debug_ranges   0x0000000000000000     0x19d8
 *(.debug_ranges)
 .debug_ranges  0x0000000000000000     0x19d8 C:\Users\gazed\AppData\Local\Temp\cc0wSOOF.ltrans0.ltrans.o

.debug_macro
 *(.debug_macro)

.debug_addr
 *(.debug_addr)
OUTPUT(.build/kb_via.elf elf32-avr)
LOAD linker stubs

Cross Reference Table

Symbol                                            File
CALLBACK_HIDParser_FilterHIDReportItem            .build/obj_kb_via/lib/lufa/LUFA/Drivers/USB/Class/Common/HIDParser.o (symbol from plugin)
CALLBACK_USB_GetDescriptor                        .build/obj_kb_via/lufa.o (symbol from plugin)
                                                  .build/obj_kb_via/lib/lufa/LUFA/Drivers/USB/Core/DeviceStandardReq.o (symbol from plugin)
CIE1931_CURVE                                     .build/obj_kb_via/quantum/led_tables.o (symbol from plugin)
                                                  .build/obj_kb_via/quantum/color.o (symbol from plugin)
ConfigDescriptors.c.5e00032a                      C:\Users\gazed\AppData\Local\Temp\cc4CoYIQdebugobj
ConfigurationDescriptor                           .build/obj_kb_via/usb_descriptor.o (symbol from plugin)
DeviceDescriptor                                  .build/obj_kb_via/usb_descriptor.o (symbol from plugin)
DeviceStandardReq.c.238a2e39                      C:\Users\gazed\AppData\Local\Temp\cc4CoYIQdebugobj
                                                  C:\Users\gazed\AppData\Local\Temp\cc0wSOOF.ltrans0.ltrans.o
Device_AVR8.c.b995ccf0                            C:\Users\gazed\AppData\Local\Temp\cc4CoYIQdebugobj
                                                  C:\Users\gazed\AppData\Local\Temp\cc0wSOOF.ltrans0.ltrans.o
EVENT_USB_Device_ConfigurationChanged             .build/obj_kb_via/lufa.o (symbol from plugin)
                                                  .build/obj_kb_via/lib/lufa/LUFA/Drivers/USB/Core/DeviceStandardReq.o (symbol from plugin)
EVENT_USB_Device_Connect                          .build/obj_kb_via/lufa.o (symbol from plugin)
                                                  .build/obj_kb_via/lib/lufa/LUFA/Drivers/USB/Core/AVR8/USBInterrupt_AVR8.o (symbol from plugin)
EVENT_USB_Device_ControlRequest                   .build/obj_kb_via/lufa.o (symbol from plugin)
                                                  .build/obj_kb_via/lib/lufa/LUFA/Drivers/USB/Core/DeviceStandardReq.o (symbol from plugin)
EVENT_USB_Device_Disconnect                       .build/obj_kb_via/lufa.o (symbol from plugin)
                                                  .build/obj_kb_via/lib/lufa/LUFA/Drivers/USB/Core/AVR8/USBInterrupt_AVR8.o (symbol from plugin)
EVENT_USB_Device_Reset                            .build/obj_kb_via/lufa.o (symbol from plugin)
                                                  .build/obj_kb_via/lib/lufa/LUFA/Drivers/USB/Core/AVR8/USBInterrupt_AVR8.o (symbol from plugin)
EVENT_USB_Device_StartOfFrame                     .build/obj_kb_via/lib/lufa/LUFA/Drivers/USB/Core/Events.o (symbol from plugin)
                                                  .build/obj_kb_via/lib/lufa/LUFA/Drivers/USB/Core/AVR8/USBInterrupt_AVR8.o (symbol from plugin)
EVENT_USB_Device_Suspend                          .build/obj_kb_via/lufa.o (symbol from plugin)
                                                  .build/obj_kb_via/lib/lufa/LUFA/Drivers/USB/Core/AVR8/USBInterrupt_AVR8.o (symbol from plugin)
EVENT_USB_Device_WakeUp                           .build/obj_kb_via/lufa.o (symbol from plugin)
                                                  .build/obj_kb_via/lib/lufa/LUFA/Drivers/USB/Core/AVR8/USBInterrupt_AVR8.o (symbol from plugin)
EndpointStream_AVR8.c.6c4be154                    C:\Users\gazed\AppData\Local\Temp\cc4CoYIQdebugobj
                                                  C:\Users\gazed\AppData\Local\Temp\cc0wSOOF.ltrans0.ltrans.o
Endpoint_AVR8.c.6cb0242b                          C:\Users\gazed\AppData\Local\Temp\cc4CoYIQdebugobj
                                                  C:\Users\gazed\AppData\Local\Temp\cc0wSOOF.ltrans0.ltrans.o
Endpoint_ClearEndpoints                           .build/obj_kb_via/lib/lufa/LUFA/Drivers/USB/Core/AVR8/Endpoint_AVR8.o (symbol from plugin)
Endpoint_ClearStatusStage                         .build/obj_kb_via/lib/lufa/LUFA/Drivers/USB/Core/AVR8/Endpoint_AVR8.o (symbol from plugin)
                                                  .build/obj_kb_via/lib/lufa/LUFA/Drivers/USB/Core/DeviceStandardReq.o (symbol from plugin)
                                                  .build/obj_kb_via/lufa.o (symbol from plugin)
Endpoint_ConfigureEndpointTable                   .build/obj_kb_via/lib/lufa/LUFA/Drivers/USB/Core/AVR8/Endpoint_AVR8.o (symbol from plugin)
Endpoint_ConfigureEndpoint_Prv                    .build/obj_kb_via/lib/lufa/LUFA/Drivers/USB/Core/AVR8/Endpoint_AVR8.o (symbol from plugin)
                                                  .build/obj_kb_via/lib/lufa/LUFA/Drivers/USB/Core/AVR8/USBInterrupt_AVR8.o (symbol from plugin)
                                                  .build/obj_kb_via/lib/lufa/LUFA/Drivers/USB/Core/AVR8/USBController_AVR8.o (symbol from plugin)
                                                  .build/obj_kb_via/lufa.o (symbol from plugin)
Endpoint_Discard_Stream                           .build/obj_kb_via/lib/lufa/LUFA/Drivers/USB/Core/AVR8/EndpointStream_AVR8.o (symbol from plugin)
Endpoint_Null_Stream                              .build/obj_kb_via/lib/lufa/LUFA/Drivers/USB/Core/AVR8/EndpointStream_AVR8.o (symbol from plugin)
Endpoint_Read_Control_EStream_BE                  .build/obj_kb_via/lib/lufa/LUFA/Drivers/USB/Core/AVR8/EndpointStream_AVR8.o (symbol from plugin)
Endpoint_Read_Control_EStream_LE                  .build/obj_kb_via/lib/lufa/LUFA/Drivers/USB/Core/AVR8/EndpointStream_AVR8.o (symbol from plugin)
Endpoint_Read_Control_Stream_BE                   .build/obj_kb_via/lib/lufa/LUFA/Drivers/USB/Core/AVR8/EndpointStream_AVR8.o (symbol from plugin)
Endpoint_Read_Control_Stream_LE                   .build/obj_kb_via/lib/lufa/LUFA/Drivers/USB/Core/AVR8/EndpointStream_AVR8.o (symbol from plugin)
Endpoint_Read_EStream_BE                          .build/obj_kb_via/lib/lufa/LUFA/Drivers/USB/Core/AVR8/EndpointStream_AVR8.o (symbol from plugin)
Endpoint_Read_EStream_LE                          .build/obj_kb_via/lib/lufa/LUFA/Drivers/USB/Core/AVR8/EndpointStream_AVR8.o (symbol from plugin)
Endpoint_Read_Stream_BE                           .build/obj_kb_via/lib/lufa/LUFA/Drivers/USB/Core/AVR8/EndpointStream_AVR8.o (symbol from plugin)
Endpoint_Read_Stream_LE                           .build/obj_kb_via/lib/lufa/LUFA/Drivers/USB/Core/AVR8/EndpointStream_AVR8.o (symbol from plugin)
                                                  .build/obj_kb_via/lufa.o (symbol from plugin)
Endpoint_WaitUntilReady                           .build/obj_kb_via/lib/lufa/LUFA/Drivers/USB/Core/AVR8/Endpoint_AVR8.o (symbol from plugin)
                                                  .build/obj_kb_via/lib/lufa/LUFA/Drivers/USB/Core/AVR8/EndpointStream_AVR8.o (symbol from plugin)
Endpoint_Write_Control_EStream_BE                 .build/obj_kb_via/lib/lufa/LUFA/Drivers/USB/Core/AVR8/EndpointStream_AVR8.o (symbol from plugin)
Endpoint_Write_Control_EStream_LE                 .build/obj_kb_via/lib/lufa/LUFA/Drivers/USB/Core/AVR8/EndpointStream_AVR8.o (symbol from plugin)
Endpoint_Write_Control_PStream_BE                 .build/obj_kb_via/lib/lufa/LUFA/Drivers/USB/Core/AVR8/EndpointStream_AVR8.o (symbol from plugin)
Endpoint_Write_Control_PStream_LE                 .build/obj_kb_via/lib/lufa/LUFA/Drivers/USB/Core/AVR8/EndpointStream_AVR8.o (symbol from plugin)
                                                  .build/obj_kb_via/lib/lufa/LUFA/Drivers/USB/Core/DeviceStandardReq.o (symbol from plugin)
Endpoint_Write_Control_Stream_BE                  .build/obj_kb_via/lib/lufa/LUFA/Drivers/USB/Core/AVR8/EndpointStream_AVR8.o (symbol from plugin)
Endpoint_Write_Control_Stream_LE                  .build/obj_kb_via/lib/lufa/LUFA/Drivers/USB/Core/AVR8/EndpointStream_AVR8.o (symbol from plugin)
                                                  .build/obj_kb_via/lib/lufa/LUFA/Drivers/USB/Core/DeviceStandardReq.o (symbol from plugin)
                                                  .build/obj_kb_via/lufa.o (symbol from plugin)
Endpoint_Write_EStream_BE                         .build/obj_kb_via/lib/lufa/LUFA/Drivers/USB/Core/AVR8/EndpointStream_AVR8.o (symbol from plugin)
Endpoint_Write_EStream_LE                         .build/obj_kb_via/lib/lufa/LUFA/Drivers/USB/Core/AVR8/EndpointStream_AVR8.o (symbol from plugin)
Endpoint_Write_PStream_BE                         .build/obj_kb_via/lib/lufa/LUFA/Drivers/USB/Core/AVR8/EndpointStream_AVR8.o (symbol from plugin)
Endpoint_Write_PStream_LE                         .build/obj_kb_via/lib/lufa/LUFA/Drivers/USB/Core/AVR8/EndpointStream_AVR8.o (symbol from plugin)
Endpoint_Write_Stream_BE                          .build/obj_kb_via/lib/lufa/LUFA/Drivers/USB/Core/AVR8/EndpointStream_AVR8.o (symbol from plugin)
Endpoint_Write_Stream_LE                          .build/obj_kb_via/lib/lufa/LUFA/Drivers/USB/Core/AVR8/EndpointStream_AVR8.o (symbol from plugin)
                                                  .build/obj_kb_via/lufa.o (symbol from plugin)
Events.c.373295e8                                 C:\Users\gazed\AppData\Local\Temp\cc4CoYIQdebugobj
                                                  C:\Users\gazed\AppData\Local\Temp\cc0wSOOF.ltrans0.ltrans.o
HIDParser.c.1e283240                              C:\Users\gazed\AppData\Local\Temp\cc4CoYIQdebugobj
HostStandardReq.c.11f99cc6                        C:\Users\gazed\AppData\Local\Temp\cc4CoYIQdebugobj
Host_AVR8.c.111fe126                              C:\Users\gazed\AppData\Local\Temp\cc4CoYIQdebugobj
KeyboardReport                                    .build/obj_kb_via/usb_descriptor.o (symbol from plugin)
LanguageString                                    .build/obj_kb_via/usb_descriptor.o (symbol from plugin)
ManufacturerString                                .build/obj_kb_via/usb_descriptor.o (symbol from plugin)
PipeStream_AVR8.c.2396fcef                        C:\Users\gazed\AppData\Local\Temp\cc4CoYIQdebugobj
Pipe_AVR8.c.160d2c9d                              C:\Users\gazed\AppData\Local\Temp\cc4CoYIQdebugobj
ProductString                                     .build/obj_kb_via/usb_descriptor.o (symbol from plugin)
RGBLED_BREATHING_INTERVALS                        .build/obj_kb_via/quantum/rgblight.o (symbol from plugin)
RawReport                                         .build/obj_kb_via/usb_descriptor.o (symbol from plugin)
SharedReport                                      .build/obj_kb_via/usb_descriptor.o (symbol from plugin)
USBController_AVR8.c.22e7ccad                     C:\Users\gazed\AppData\Local\Temp\cc4CoYIQdebugobj
                                                  C:\Users\gazed\AppData\Local\Temp\cc0wSOOF.ltrans0.ltrans.o
USBInterrupt_AVR8.c.30ec3551                      C:\Users\gazed\AppData\Local\Temp\cc4CoYIQdebugobj
                                                  C:\Users\gazed\AppData\Local\Temp\cc0wSOOF.ltrans0.ltrans.o
USBTask.c.98e2b469                                C:\Users\gazed\AppData\Local\Temp\cc4CoYIQdebugobj
                                                  C:\Users\gazed\AppData\Local\Temp\cc0wSOOF.ltrans0.ltrans.o
USB_ControlRequest                                .build/obj_kb_via/lib/lufa/LUFA/Drivers/USB/Core/USBTask.o (symbol from plugin)
                                                  .build/obj_kb_via/lib/lufa/LUFA/Drivers/USB/Core/DeviceStandardReq.o (symbol from plugin)
                                                  .build/obj_kb_via/lib/lufa/LUFA/Drivers/USB/Core/AVR8/Endpoint_AVR8.o (symbol from plugin)
                                                  .build/obj_kb_via/lib/lufa/LUFA/Drivers/USB/Core/AVR8/EndpointStream_AVR8.o (symbol from plugin)
                                                  .build/obj_kb_via/lufa.o (symbol from plugin)
USB_DeviceState                                   .build/obj_kb_via/lib/lufa/LUFA/Drivers/USB/Core/USBTask.o (symbol from plugin)
                                                  .build/obj_kb_via/lib/lufa/LUFA/Drivers/USB/Core/DeviceStandardReq.o (symbol from plugin)
                                                  .build/obj_kb_via/lib/lufa/LUFA/Drivers/USB/Core/AVR8/USBInterrupt_AVR8.o (symbol from plugin)
                                                  .build/obj_kb_via/lib/lufa/LUFA/Drivers/USB/Core/AVR8/USBController_AVR8.o (symbol from plugin)
                                                  .build/obj_kb_via/lib/lufa/LUFA/Drivers/USB/Core/AVR8/Endpoint_AVR8.o (symbol from plugin)
                                                  .build/obj_kb_via/lib/lufa/LUFA/Drivers/USB/Core/AVR8/EndpointStream_AVR8.o (symbol from plugin)
                                                  .build/obj_kb_via/lufa.o (symbol from plugin)
                                                  .build/obj_kb_via/common/avr/suspend.o (symbol from plugin)
USB_Device_ConfigurationNumber                    .build/obj_kb_via/lib/lufa/LUFA/Drivers/USB/Core/DeviceStandardReq.o (symbol from plugin)
                                                  .build/obj_kb_via/lib/lufa/LUFA/Drivers/USB/Core/AVR8/USBInterrupt_AVR8.o (symbol from plugin)
                                                  .build/obj_kb_via/lib/lufa/LUFA/Drivers/USB/Core/AVR8/USBController_AVR8.o (symbol from plugin)
USB_Device_CurrentlySelfPowered                   .build/obj_kb_via/lib/lufa/LUFA/Drivers/USB/Core/DeviceStandardReq.o (symbol from plugin)
                                                  .build/obj_kb_via/lib/lufa/LUFA/Drivers/USB/Core/AVR8/USBController_AVR8.o (symbol from plugin)
USB_Device_ProcessControlRequest                  .build/obj_kb_via/lib/lufa/LUFA/Drivers/USB/Core/DeviceStandardReq.o (symbol from plugin)
                                                  .build/obj_kb_via/lib/lufa/LUFA/Drivers/USB/Core/USBTask.o (symbol from plugin)
                                                  .build/obj_kb_via/lib/lufa/LUFA/Drivers/USB/Core/AVR8/USBInterrupt_AVR8.o (symbol from plugin)
USB_Device_RemoteWakeupEnabled                    .build/obj_kb_via/lib/lufa/LUFA/Drivers/USB/Core/DeviceStandardReq.o (symbol from plugin)
                                                  .build/obj_kb_via/lib/lufa/LUFA/Drivers/USB/Core/AVR8/USBController_AVR8.o (symbol from plugin)
                                                  .build/obj_kb_via/lufa.o (symbol from plugin)
USB_Device_SendRemoteWakeup                       .build/obj_kb_via/lib/lufa/LUFA/Drivers/USB/Core/AVR8/Device_AVR8.o (symbol from plugin)
                                                  .build/obj_kb_via/lufa.o (symbol from plugin)
USB_Disable                                       .build/obj_kb_via/lib/lufa/LUFA/Drivers/USB/Core/AVR8/USBController_AVR8.o (symbol from plugin)
                                                  .build/obj_kb_via/lufa.o (symbol from plugin)
USB_Event_Stub                                    .build/obj_kb_via/lib/lufa/LUFA/Drivers/USB/Core/Events.o (symbol from plugin)
USB_Event_Stub_2                                  .build/obj_kb_via/lib/lufa/LUFA/Drivers/USB/Core/Events.o (symbol from plugin)
USB_Event_Stub_3                                  .build/obj_kb_via/lib/lufa/LUFA/Drivers/USB/Core/Events.o (symbol from plugin)
USB_GetHIDReportItemInfo                          .build/obj_kb_via/lib/lufa/LUFA/Drivers/USB/Class/Common/HIDParser.o (symbol from plugin)
USB_GetHIDReportSize                              .build/obj_kb_via/lib/lufa/LUFA/Drivers/USB/Class/Common/HIDParser.o (symbol from plugin)
USB_GetNextDescriptorComp                         .build/obj_kb_via/lib/lufa/LUFA/Drivers/USB/Core/ConfigDescriptors.o (symbol from plugin)
USB_GetNextDescriptorOfType                       .build/obj_kb_via/lib/lufa/LUFA/Drivers/USB/Core/ConfigDescriptors.o (symbol from plugin)
USB_GetNextDescriptorOfTypeAfter                  .build/obj_kb_via/lib/lufa/LUFA/Drivers/USB/Core/ConfigDescriptors.o (symbol from plugin)
USB_GetNextDescriptorOfTypeBefore                 .build/obj_kb_via/lib/lufa/LUFA/Drivers/USB/Core/ConfigDescriptors.o (symbol from plugin)
USB_INT_ClearAllInterrupts                        .build/obj_kb_via/lib/lufa/LUFA/Drivers/USB/Core/AVR8/USBInterrupt_AVR8.o (symbol from plugin)
                                                  .build/obj_kb_via/lib/lufa/LUFA/Drivers/USB/Core/AVR8/USBController_AVR8.o (symbol from plugin)
USB_INT_DisableAllInterrupts                      .build/obj_kb_via/lib/lufa/LUFA/Drivers/USB/Core/AVR8/USBInterrupt_AVR8.o (symbol from plugin)
                                                  .build/obj_kb_via/lib/lufa/LUFA/Drivers/USB/Core/AVR8/USBController_AVR8.o (symbol from plugin)
USB_Init                                          .build/obj_kb_via/lib/lufa/LUFA/Drivers/USB/Core/AVR8/USBController_AVR8.o (symbol from plugin)
                                                  .build/obj_kb_via/lufa.o (symbol from plugin)
USB_IsInitialized                                 .build/obj_kb_via/lib/lufa/LUFA/Drivers/USB/Core/USBTask.o (symbol from plugin)
                                                  .build/obj_kb_via/lib/lufa/LUFA/Drivers/USB/Core/AVR8/USBController_AVR8.o (symbol from plugin)
                                                  .build/obj_kb_via/lufa.o (symbol from plugin)
USB_ProcessHIDReport                              .build/obj_kb_via/lib/lufa/LUFA/Drivers/USB/Class/Common/HIDParser.o (symbol from plugin)
USB_ResetInterface                                .build/obj_kb_via/lib/lufa/LUFA/Drivers/USB/Core/AVR8/USBController_AVR8.o (symbol from plugin)
USB_SetHIDReportItemInfo                          .build/obj_kb_via/lib/lufa/LUFA/Drivers/USB/Class/Common/HIDParser.o (symbol from plugin)
USB_USBTask                                       .build/obj_kb_via/lib/lufa/LUFA/Drivers/USB/Core/USBTask.o (symbol from plugin)
                                                  .build/obj_kb_via/lufa.o (symbol from plugin)
__bad_interrupt                                   c:/program files/qmk_msys/mingw64/bin/../lib/gcc/avr/8.4.0/../../../../avr/lib/avr5/crtatmega32u4.o
__bss_end                                         c:/program files/qmk_msys/mingw64/bin/../lib/gcc/avr/8.4.0/avr5\libgcc.a(_clear_bss.o)
__bss_start                                       c:/program files/qmk_msys/mingw64/bin/../lib/gcc/avr/8.4.0/avr5\libgcc.a(_clear_bss.o)
__bswapsi2                                        c:/program files/qmk_msys/mingw64/bin/../lib/gcc/avr/8.4.0/avr5\libgcc.a(_bswapsi2.o)
                                                  C:\Users\gazed\AppData\Local\Temp\cc0wSOOF.ltrans0.ltrans.o
__data_end                                        c:/program files/qmk_msys/mingw64/bin/../lib/gcc/avr/8.4.0/avr5\libgcc.a(_copy_data.o)
__data_load_start                                 c:/program files/qmk_msys/mingw64/bin/../lib/gcc/avr/8.4.0/avr5\libgcc.a(_copy_data.o)
__data_start                                      c:/program files/qmk_msys/mingw64/bin/../lib/gcc/avr/8.4.0/avr5\libgcc.a(_copy_data.o)
__do_clear_bss                                    c:/program files/qmk_msys/mingw64/bin/../lib/gcc/avr/8.4.0/avr5\libgcc.a(_clear_bss.o)
                                                  C:\Users\gazed\AppData\Local\Temp\cc0wSOOF.ltrans0.ltrans.o
__do_copy_data                                    c:/program files/qmk_msys/mingw64/bin/../lib/gcc/avr/8.4.0/avr5\libgcc.a(_copy_data.o)
                                                  C:\Users\gazed\AppData\Local\Temp\cc0wSOOF.ltrans0.ltrans.o
__heap_end                                        c:/program files/qmk_msys/mingw64/bin/../lib/gcc/avr/8.4.0/../../../../avr/lib/avr5/crtatmega32u4.o
__init                                            c:/program files/qmk_msys/mingw64/bin/../lib/gcc/avr/8.4.0/../../../../avr/lib/avr5/crtatmega32u4.o
__stack                                           c:/program files/qmk_msys/mingw64/bin/../lib/gcc/avr/8.4.0/../../../../avr/lib/avr5/crtatmega32u4.o
__tablejump2__                                    c:/program files/qmk_msys/mingw64/bin/../lib/gcc/avr/8.4.0/avr5\libgcc.a(_tablejump2.o)
                                                  C:\Users\gazed\AppData\Local\Temp\cc0wSOOF.ltrans0.ltrans.o
__udivmodhi4                                      c:/program files/qmk_msys/mingw64/bin/../lib/gcc/avr/8.4.0/avr5\libgcc.a(_udivmodhi4.o)
                                                  C:\Users\gazed\AppData\Local\Temp\cc0wSOOF.ltrans0.ltrans.o
__vector_1                                        c:/program files/qmk_msys/mingw64/bin/../lib/gcc/avr/8.4.0/../../../../avr/lib/avr5/crtatmega32u4.o
__vector_10                                       C:\Users\gazed\AppData\Local\Temp\cc0wSOOF.ltrans0.ltrans.o
                                                  .build/obj_kb_via/lib/lufa/LUFA/Drivers/USB/Core/AVR8/USBInterrupt_AVR8.o (symbol from plugin)
                                                  c:/program files/qmk_msys/mingw64/bin/../lib/gcc/avr/8.4.0/../../../../avr/lib/avr5/crtatmega32u4.o
__vector_11                                       C:\Users\gazed\AppData\Local\Temp\cc0wSOOF.ltrans0.ltrans.o
                                                  .build/obj_kb_via/lib/lufa/LUFA/Drivers/USB/Core/AVR8/USBInterrupt_AVR8.o (symbol from plugin)
                                                  c:/program files/qmk_msys/mingw64/bin/../lib/gcc/avr/8.4.0/../../../../avr/lib/avr5/crtatmega32u4.o
__vector_12                                       C:\Users\gazed\AppData\Local\Temp\cc0wSOOF.ltrans0.ltrans.o
                                                  .build/obj_kb_via/common/avr/suspend.o (symbol from plugin)
                                                  c:/program files/qmk_msys/mingw64/bin/../lib/gcc/avr/8.4.0/../../../../avr/lib/avr5/crtatmega32u4.o
__vector_13                                       c:/program files/qmk_msys/mingw64/bin/../lib/gcc/avr/8.4.0/../../../../avr/lib/avr5/crtatmega32u4.o
__vector_14                                       c:/program files/qmk_msys/mingw64/bin/../lib/gcc/avr/8.4.0/../../../../avr/lib/avr5/crtatmega32u4.o
__vector_15                                       c:/program files/qmk_msys/mingw64/bin/../lib/gcc/avr/8.4.0/../../../../avr/lib/avr5/crtatmega32u4.o
__vector_16                                       c:/program files/qmk_msys/mingw64/bin/../lib/gcc/avr/8.4.0/../../../../avr/lib/avr5/crtatmega32u4.o
__vector_17                                       c:/program files/qmk_msys/mingw64/bin/../lib/gcc/avr/8.4.0/../../../../avr/lib/avr5/crtatmega32u4.o
__vector_18                                       c:/program files/qmk_msys/mingw64/bin/../lib/gcc/avr/8.4.0/../../../../avr/lib/avr5/crtatmega32u4.o
__vector_19                                       c:/program files/qmk_msys/mingw64/bin/../lib/gcc/avr/8.4.0/../../../../avr/lib/avr5/crtatmega32u4.o
__vector_2                                        c:/program files/qmk_msys/mingw64/bin/../lib/gcc/avr/8.4.0/../../../../avr/lib/avr5/crtatmega32u4.o
__vector_20                                       c:/program files/qmk_msys/mingw64/bin/../lib/gcc/avr/8.4.0/../../../../avr/lib/avr5/crtatmega32u4.o
__vector_21                                       C:\Users\gazed\AppData\Local\Temp\cc0wSOOF.ltrans0.ltrans.o
                                                  .build/obj_kb_via/common/avr/timer.o (symbol from plugin)
                                                  c:/program files/qmk_msys/mingw64/bin/../lib/gcc/avr/8.4.0/../../../../avr/lib/avr5/crtatmega32u4.o
__vector_22                                       c:/program files/qmk_msys/mingw64/bin/../lib/gcc/avr/8.4.0/../../../../avr/lib/avr5/crtatmega32u4.o
__vector_23                                       c:/program files/qmk_msys/mingw64/bin/../lib/gcc/avr/8.4.0/../../../../avr/lib/avr5/crtatmega32u4.o
__vector_24                                       c:/program files/qmk_msys/mingw64/bin/../lib/gcc/avr/8.4.0/../../../../avr/lib/avr5/crtatmega32u4.o
__vector_25                                       c:/program files/qmk_msys/mingw64/bin/../lib/gcc/avr/8.4.0/../../../../avr/lib/avr5/crtatmega32u4.o
__vector_26                                       c:/program files/qmk_msys/mingw64/bin/../lib/gcc/avr/8.4.0/../../../../avr/lib/avr5/crtatmega32u4.o
__vector_27                                       c:/program files/qmk_msys/mingw64/bin/../lib/gcc/avr/8.4.0/../../../../avr/lib/avr5/crtatmega32u4.o
__vector_28                                       c:/program files/qmk_msys/mingw64/bin/../lib/gcc/avr/8.4.0/../../../../avr/lib/avr5/crtatmega32u4.o
__vector_29                                       c:/program files/qmk_msys/mingw64/bin/../lib/gcc/avr/8.4.0/../../../../avr/lib/avr5/crtatmega32u4.o
__vector_3                                        c:/program files/qmk_msys/mingw64/bin/../lib/gcc/avr/8.4.0/../../../../avr/lib/avr5/crtatmega32u4.o
__vector_30                                       c:/program files/qmk_msys/mingw64/bin/../lib/gcc/avr/8.4.0/../../../../avr/lib/avr5/crtatmega32u4.o
__vector_31                                       c:/program files/qmk_msys/mingw64/bin/../lib/gcc/avr/8.4.0/../../../../avr/lib/avr5/crtatmega32u4.o
__vector_32                                       c:/program files/qmk_msys/mingw64/bin/../lib/gcc/avr/8.4.0/../../../../avr/lib/avr5/crtatmega32u4.o
__vector_33                                       c:/program files/qmk_msys/mingw64/bin/../lib/gcc/avr/8.4.0/../../../../avr/lib/avr5/crtatmega32u4.o
__vector_34                                       c:/program files/qmk_msys/mingw64/bin/../lib/gcc/avr/8.4.0/../../../../avr/lib/avr5/crtatmega32u4.o
__vector_35                                       c:/program files/qmk_msys/mingw64/bin/../lib/gcc/avr/8.4.0/../../../../avr/lib/avr5/crtatmega32u4.o
__vector_36                                       c:/program files/qmk_msys/mingw64/bin/../lib/gcc/avr/8.4.0/../../../../avr/lib/avr5/crtatmega32u4.o
__vector_37                                       c:/program files/qmk_msys/mingw64/bin/../lib/gcc/avr/8.4.0/../../../../avr/lib/avr5/crtatmega32u4.o
__vector_38                                       c:/program files/qmk_msys/mingw64/bin/../lib/gcc/avr/8.4.0/../../../../avr/lib/avr5/crtatmega32u4.o
__vector_39                                       c:/program files/qmk_msys/mingw64/bin/../lib/gcc/avr/8.4.0/../../../../avr/lib/avr5/crtatmega32u4.o
__vector_4                                        c:/program files/qmk_msys/mingw64/bin/../lib/gcc/avr/8.4.0/../../../../avr/lib/avr5/crtatmega32u4.o
__vector_40                                       c:/program files/qmk_msys/mingw64/bin/../lib/gcc/avr/8.4.0/../../../../avr/lib/avr5/crtatmega32u4.o
__vector_41                                       c:/program files/qmk_msys/mingw64/bin/../lib/gcc/avr/8.4.0/../../../../avr/lib/avr5/crtatmega32u4.o
__vector_42                                       c:/program files/qmk_msys/mingw64/bin/../lib/gcc/avr/8.4.0/../../../../avr/lib/avr5/crtatmega32u4.o
__vector_5                                        c:/program files/qmk_msys/mingw64/bin/../lib/gcc/avr/8.4.0/../../../../avr/lib/avr5/crtatmega32u4.o
__vector_6                                        c:/program files/qmk_msys/mingw64/bin/../lib/gcc/avr/8.4.0/../../../../avr/lib/avr5/crtatmega32u4.o
__vector_7                                        c:/program files/qmk_msys/mingw64/bin/../lib/gcc/avr/8.4.0/../../../../avr/lib/avr5/crtatmega32u4.o
__vector_8                                        c:/program files/qmk_msys/mingw64/bin/../lib/gcc/avr/8.4.0/../../../../avr/lib/avr5/crtatmega32u4.o
__vector_9                                        c:/program files/qmk_msys/mingw64/bin/../lib/gcc/avr/8.4.0/../../../../avr/lib/avr5/crtatmega32u4.o
__vector_default                                  c:/program files/qmk_msys/mingw64/bin/../lib/gcc/avr/8.4.0/../../../../avr/lib/avr5/crtatmega32u4.o
__vectors                                         c:/program files/qmk_msys/mingw64/bin/../lib/gcc/avr/8.4.0/../../../../avr/lib/avr5/crtatmega32u4.o
__xprintf                                         .build/obj_kb_via/common/avr/xprintf.o
_exit                                             c:/program files/qmk_msys/mingw64/bin/../lib/gcc/avr/8.4.0/avr5\libgcc.a(_exit.o)
action.c.f712403c                                 C:\Users\gazed\AppData\Local\Temp\cc4CoYIQdebugobj
                                                  C:\Users\gazed\AppData\Local\Temp\cc0wSOOF.ltrans0.ltrans.o
action_exec                                       .build/obj_kb_via/common/action.o (symbol from plugin)
                                                  .build/obj_kb_via/common/keyboard.o (symbol from plugin)
action_for_key                                    .build/obj_kb_via/quantum/keymap_common.o (symbol from plugin)
                                                  .build/obj_kb_via/common/action_layer.o (symbol from plugin)
action_function                                   .build/obj_kb_via/quantum/keymap_common.o (symbol from plugin)
action_get_macro                                  .build/obj_kb_via/quantum/keymap_common.o (symbol from plugin)
action_layer.c.f038ad04                           C:\Users\gazed\AppData\Local\Temp\cc4CoYIQdebugobj
                                                  C:\Users\gazed\AppData\Local\Temp\cc0wSOOF.ltrans0.ltrans.o
action_macro.c.5f0b87ac                           C:\Users\gazed\AppData\Local\Temp\cc4CoYIQdebugobj
action_tapping.c.0351663d                         C:\Users\gazed\AppData\Local\Temp\cc4CoYIQdebugobj
                                                  C:\Users\gazed\AppData\Local\Temp\cc0wSOOF.ltrans0.ltrans.o
action_tapping_process                            .build/obj_kb_via/common/action_tapping.o (symbol from plugin)
                                                  .build/obj_kb_via/common/action.o (symbol from plugin)
action_util.c.2465c825                            C:\Users\gazed\AppData\Local\Temp\cc4CoYIQdebugobj
                                                  C:\Users\gazed\AppData\Local\Temp\cc0wSOOF.ltrans0.ltrans.o
add_key                                           .build/obj_kb_via/common/action_util.o (symbol from plugin)
                                                  .build/obj_kb_via/common/action.o (symbol from plugin)
                                                  .build/obj_kb_via/quantum/process_keycode/process_grave_esc.o (symbol from plugin)
add_key_bit                                       .build/obj_kb_via/common/report.o (symbol from plugin)
add_key_byte                                      .build/obj_kb_via/common/report.o (symbol from plugin)
add_key_to_report                                 .build/obj_kb_via/common/report.o (symbol from plugin)
                                                  .build/obj_kb_via/common/action_util.o (symbol from plugin)
                                                  .build/obj_kb_via/common/action.o (symbol from plugin)
                                                  .build/obj_kb_via/quantum/process_keycode/process_grave_esc.o (symbol from plugin)
add_macro_mods                                    .build/obj_kb_via/common/action_util.o (symbol from plugin)
add_mods                                          .build/obj_kb_via/common/action_util.o (symbol from plugin)
                                                  .build/obj_kb_via/common/action.o (symbol from plugin)
add_oneshot_mods                                  .build/obj_kb_via/common/action_util.o (symbol from plugin)
add_weak_mods                                     .build/obj_kb_via/common/action_util.o (symbol from plugin)
                                                  .build/obj_kb_via/common/action.o (symbol from plugin)
animation_status                                  .build/obj_kb_via/quantum/rgblight.o (symbol from plugin)
api_send_unicode                                  .build/obj_kb_via/quantum/quantum.o (symbol from plugin)
ascii_to_altgr_lut                                .build/obj_kb_via/quantum/quantum.o (symbol from plugin)
ascii_to_keycode_lut                              .build/obj_kb_via/quantum/quantum.o (symbol from plugin)
ascii_to_shift_lut                                .build/obj_kb_via/quantum/quantum.o (symbol from plugin)
biton                                             .build/obj_kb_via/common/util.o (symbol from plugin)
                                                  .build/obj_kb_via/common/report.o (symbol from plugin)
biton16                                           .build/obj_kb_via/common/util.o (symbol from plugin)
biton32                                           .build/obj_kb_via/common/util.o (symbol from plugin)
bitpop                                            .build/obj_kb_via/common/util.o (symbol from plugin)
                                                  .build/obj_kb_via/common/action_util.o (symbol from plugin)
bitpop16                                          .build/obj_kb_via/common/util.o (symbol from plugin)
                                                  .build/obj_kb_via/quantum/matrix_common.o (symbol from plugin)
bitpop32                                          .build/obj_kb_via/common/util.o (symbol from plugin)
bitrev                                            .build/obj_kb_via/common/util.o (symbol from plugin)
bitrev16                                          .build/obj_kb_via/common/util.o (symbol from plugin)
bitrev32                                          .build/obj_kb_via/common/util.o (symbol from plugin)
bootloader.c.9757163b                             C:\Users\gazed\AppData\Local\Temp\cc4CoYIQdebugobj
                                                  C:\Users\gazed\AppData\Local\Temp\cc0wSOOF.ltrans0.ltrans.o
bootloader_jump                                   .build/obj_kb_via/common/avr/bootloader.o (symbol from plugin)
                                                  .build/obj_kb_via/common/bootmagic_lite.o (symbol from plugin)
                                                  .build/obj_kb_via/quantum/via.o (symbol from plugin)
                                                  .build/obj_kb_via/quantum/quantum.o (symbol from plugin)
bootloader_jump_after_watchdog_reset              C:\Users\gazed\AppData\Local\Temp\cc0wSOOF.ltrans0.ltrans.o
                                                  .build/obj_kb_via/common/avr/bootloader.o (symbol from plugin)
bootmagic_lite                                    .build/obj_kb_via/common/bootmagic_lite.o (symbol from plugin)
                                                  .build/obj_kb_via/quantum/quantum.o (symbol from plugin)
bootmagic_lite.c.baf75111                         C:\Users\gazed\AppData\Local\Temp\cc4CoYIQdebugobj
                                                  C:\Users\gazed\AppData\Local\Temp\cc0wSOOF.ltrans0.ltrans.o
bootmagic_lite_reset_eeprom                       .build/obj_kb_via/common/bootmagic_lite.o (symbol from plugin)
clear_keyboard                                    .build/obj_kb_via/common/action.o (symbol from plugin)
                                                  .build/obj_kb_via/lufa.o (symbol from plugin)
                                                  .build/obj_kb_via/common/command.o (symbol from plugin)
                                                  .build/obj_kb_via/common/avr/suspend.o (symbol from plugin)
                                                  .build/obj_kb_via/common/action_tapping.o (symbol from plugin)
                                                  .build/obj_kb_via/quantum/process_keycode/process_magic.o (symbol from plugin)
                                                  .build/obj_kb_via/quantum/quantum.o (symbol from plugin)
clear_keyboard_but_mods                           .build/obj_kb_via/common/action.o (symbol from plugin)
clear_keyboard_but_mods_and_keys                  .build/obj_kb_via/common/action.o (symbol from plugin)
                                                  .build/obj_kb_via/common/action_layer.o (symbol from plugin)
clear_keys                                        .build/obj_kb_via/common/action_util.o (symbol from plugin)
                                                  .build/obj_kb_via/common/action.o (symbol from plugin)
clear_keys_from_report                            .build/obj_kb_via/common/report.o (symbol from plugin)
                                                  .build/obj_kb_via/common/action_util.o (symbol from plugin)
                                                  .build/obj_kb_via/common/action.o (symbol from plugin)
clear_macro_mods                                  .build/obj_kb_via/common/action_util.o (symbol from plugin)
                                                  .build/obj_kb_via/common/action.o (symbol from plugin)
clear_mods                                        .build/obj_kb_via/common/action_util.o (symbol from plugin)
                                                  .build/obj_kb_via/common/action.o (symbol from plugin)
clear_oneshot_layer_state                         .build/obj_kb_via/common/action_util.o (symbol from plugin)
                                                  .build/obj_kb_via/common/action.o (symbol from plugin)
clear_oneshot_locked_mods                         .build/obj_kb_via/common/action_util.o (symbol from plugin)
clear_oneshot_mods                                .build/obj_kb_via/common/action_util.o (symbol from plugin)
                                                  .build/obj_kb_via/common/action.o (symbol from plugin)
clear_weak_mods                                   .build/obj_kb_via/common/action_util.o (symbol from plugin)
                                                  .build/obj_kb_via/common/action.o (symbol from plugin)
color.c.3e4e72a5                                  C:\Users\gazed\AppData\Local\Temp\cc4CoYIQdebugobj
                                                  C:\Users\gazed\AppData\Local\Temp\cc0wSOOF.ltrans0.ltrans.o
command.c.5b24a7e6                                C:\Users\gazed\AppData\Local\Temp\cc4CoYIQdebugobj
                                                  C:\Users\gazed\AppData\Local\Temp\cc0wSOOF.ltrans0.ltrans.o
command_console_extra                             .build/obj_kb_via/common/command.o (symbol from plugin)
command_extra                                     .build/obj_kb_via/common/command.o (symbol from plugin)
command_proc                                      .build/obj_kb_via/common/command.o (symbol from plugin)
                                                  .build/obj_kb_via/common/action.o (symbol from plugin)
command_state                                     .build/obj_kb_via/common/command.o (symbol from plugin)
debounce                                          .build/obj_kb_via/quantum/debounce/sym_defer_g.o (symbol from plugin)
                                                  .build/obj_kb_via/quantum/matrix.o (symbol from plugin)
                                                  .build/obj_kb_via/quantum/matrix_common.o (symbol from plugin)
debounce_active                                   .build/obj_kb_via/quantum/debounce/sym_defer_g.o (symbol from plugin)
                                                  .build/obj_kb_via/quantum/matrix_common.o (symbol from plugin)
debounce_init                                     .build/obj_kb_via/quantum/debounce/sym_defer_g.o (symbol from plugin)
                                                  .build/obj_kb_via/quantum/matrix.o (symbol from plugin)
                                                  .build/obj_kb_via/quantum/matrix_common.o (symbol from plugin)
debug.c.c9def146                                  C:\Users\gazed\AppData\Local\Temp\cc4CoYIQdebugobj
                                                  C:\Users\gazed\AppData\Local\Temp\cc0wSOOF.ltrans0.ltrans.o
debug_action                                      .build/obj_kb_via/common/action.o (symbol from plugin)
debug_config                                      .build/obj_kb_via/common/debug.o (symbol from plugin)
                                                  .build/obj_kb_via/common/command.o (symbol from plugin)
                                                  .build/obj_kb_via/common/magic.o (symbol from plugin)
                                                  .build/obj_kb_via/common/keyboard.o (symbol from plugin)
debug_event                                       .build/obj_kb_via/common/action.o (symbol from plugin)
                                                  .build/obj_kb_via/common/action_tapping.o (symbol from plugin)
debug_record                                      .build/obj_kb_via/common/action.o (symbol from plugin)
                                                  .build/obj_kb_via/common/action_tapping.o (symbol from plugin)
default_layer_and                                 .build/obj_kb_via/common/action_layer.o (symbol from plugin)
                                                  .build/obj_kb_via/common/action.o (symbol from plugin)
default_layer_debug                               .build/obj_kb_via/common/action_layer.o (symbol from plugin)
                                                  .build/obj_kb_via/common/action.o (symbol from plugin)
default_layer_or                                  .build/obj_kb_via/common/action_layer.o (symbol from plugin)
                                                  .build/obj_kb_via/common/action.o (symbol from plugin)
default_layer_set                                 .build/obj_kb_via/common/action_layer.o (symbol from plugin)
                                                  .build/obj_kb_via/common/command.o (symbol from plugin)
                                                  .build/obj_kb_via/common/magic.o (symbol from plugin)
                                                  .build/obj_kb_via/common/action.o (symbol from plugin)
                                                  .build/obj_kb_via/quantum/quantum.o (symbol from plugin)
default_layer_state                               .build/obj_kb_via/common/action_layer.o (symbol from plugin)
                                                  .build/obj_kb_via/common/eeconfig.o (symbol from plugin)
default_layer_state_set_kb                        .build/obj_kb_via/common/action_layer.o (symbol from plugin)
default_layer_state_set_user                      .build/obj_kb_via/common/action_layer.o (symbol from plugin)
default_layer_xor                                 .build/obj_kb_via/common/action_layer.o (symbol from plugin)
                                                  .build/obj_kb_via/common/action.o (symbol from plugin)
del_key                                           .build/obj_kb_via/common/action_util.o (symbol from plugin)
                                                  .build/obj_kb_via/common/action.o (symbol from plugin)
                                                  .build/obj_kb_via/quantum/process_keycode/process_grave_esc.o (symbol from plugin)
del_key_bit                                       .build/obj_kb_via/common/report.o (symbol from plugin)
del_key_byte                                      .build/obj_kb_via/common/report.o (symbol from plugin)
del_key_from_report                               .build/obj_kb_via/common/report.o (symbol from plugin)
                                                  .build/obj_kb_via/common/action_util.o (symbol from plugin)
                                                  .build/obj_kb_via/common/action.o (symbol from plugin)
                                                  .build/obj_kb_via/quantum/process_keycode/process_grave_esc.o (symbol from plugin)
del_macro_mods                                    .build/obj_kb_via/common/action_util.o (symbol from plugin)
del_mods                                          .build/obj_kb_via/common/action_util.o (symbol from plugin)
                                                  .build/obj_kb_via/common/action.o (symbol from plugin)
del_oneshot_mods                                  .build/obj_kb_via/common/action_util.o (symbol from plugin)
del_weak_mods                                     .build/obj_kb_via/common/action_util.o (symbol from plugin)
                                                  .build/obj_kb_via/common/action.o (symbol from plugin)
disable_action_cache                              .build/obj_kb_via/common/action.o (symbol from plugin)
                                                  .build/obj_kb_via/common/action_layer.o (symbol from plugin)
                                                  .build/obj_kb_via/quantum/quantum.o (symbol from plugin)
disable_jtag                                      .build/obj_kb_via/common/keyboard.o (symbol from plugin)
dynamic_keymap.c.649c51de                         C:\Users\gazed\AppData\Local\Temp\cc4CoYIQdebugobj
                                                  C:\Users\gazed\AppData\Local\Temp\cc0wSOOF.ltrans0.ltrans.o
dynamic_keymap_get_buffer                         .build/obj_kb_via/quantum/dynamic_keymap.o (symbol from plugin)
                                                  .build/obj_kb_via/quantum/via.o (symbol from plugin)
dynamic_keymap_get_keycode                        .build/obj_kb_via/quantum/dynamic_keymap.o (symbol from plugin)
                                                  .build/obj_kb_via/quantum/via.o (symbol from plugin)
dynamic_keymap_get_layer_count                    .build/obj_kb_via/quantum/dynamic_keymap.o (symbol from plugin)
                                                  .build/obj_kb_via/quantum/via.o (symbol from plugin)
dynamic_keymap_key_to_eeprom_address              .build/obj_kb_via/quantum/dynamic_keymap.o (symbol from plugin)
dynamic_keymap_macro_get_buffer                   .build/obj_kb_via/quantum/dynamic_keymap.o (symbol from plugin)
                                                  .build/obj_kb_via/quantum/via.o (symbol from plugin)
dynamic_keymap_macro_get_buffer_size              .build/obj_kb_via/quantum/dynamic_keymap.o (symbol from plugin)
                                                  .build/obj_kb_via/quantum/via.o (symbol from plugin)
dynamic_keymap_macro_get_count                    .build/obj_kb_via/quantum/dynamic_keymap.o (symbol from plugin)
                                                  .build/obj_kb_via/quantum/via.o (symbol from plugin)
dynamic_keymap_macro_reset                        .build/obj_kb_via/quantum/dynamic_keymap.o (symbol from plugin)
                                                  .build/obj_kb_via/quantum/via.o (symbol from plugin)
dynamic_keymap_macro_send                         .build/obj_kb_via/quantum/dynamic_keymap.o (symbol from plugin)
                                                  .build/obj_kb_via/quantum/via.o (symbol from plugin)
dynamic_keymap_macro_set_buffer                   .build/obj_kb_via/quantum/dynamic_keymap.o (symbol from plugin)
                                                  .build/obj_kb_via/quantum/via.o (symbol from plugin)
dynamic_keymap_reset                              .build/obj_kb_via/quantum/dynamic_keymap.o (symbol from plugin)
                                                  .build/obj_kb_via/quantum/via.o (symbol from plugin)
dynamic_keymap_set_buffer                         .build/obj_kb_via/quantum/dynamic_keymap.o (symbol from plugin)
                                                  .build/obj_kb_via/quantum/via.o (symbol from plugin)
dynamic_keymap_set_keycode                        .build/obj_kb_via/quantum/dynamic_keymap.o (symbol from plugin)
                                                  .build/obj_kb_via/quantum/via.o (symbol from plugin)
eeconfig.c.5fddc0c6                               C:\Users\gazed\AppData\Local\Temp\cc4CoYIQdebugobj
                                                  C:\Users\gazed\AppData\Local\Temp\cc0wSOOF.ltrans0.ltrans.o
eeconfig_debug_rgblight                           .build/obj_kb_via/quantum/rgblight.o (symbol from plugin)
eeconfig_disable                                  .build/obj_kb_via/common/eeconfig.o (symbol from plugin)
                                                  .build/obj_kb_via/quantum/via.o (symbol from plugin)
eeconfig_enable                                   .build/obj_kb_via/common/eeconfig.o (symbol from plugin)
eeconfig_init                                     .build/obj_kb_via/common/eeconfig.o (symbol from plugin)
                                                  .build/obj_kb_via/common/command.o (symbol from plugin)