Archive member included because of file (symbol)

c:/program files (x86)/atmel/avr studio 5.0/extensions/application/avr toolchain/bin/../lib/gcc/avr/4.5.1/avr51\libgcc.a(_exit.o)
                              c:/program files (x86)/atmel/avr studio 5.0/extensions/application/avr toolchain/bin/../lib/gcc/avr/4.5.1/../../../../avr/lib/avr51/crtusb1286.o (exit)
c:/program files (x86)/atmel/avr studio 5.0/extensions/application/avr toolchain/bin/../lib/gcc/avr/4.5.1/avr51\libgcc.a(_copy_data.o)
                              AudioInputHost.o (__do_copy_data)
c:/program files (x86)/atmel/avr studio 5.0/extensions/application/avr toolchain/bin/../lib/gcc/avr/4.5.1/avr51\libgcc.a(_clear_bss.o)
                              ConfigDescriptor.o (__do_clear_bss)
c:/program files (x86)/atmel/avr studio 5.0/extensions/application/avr toolchain/bin/../lib/gcc/avr/4.5.1/../../../../avr/lib/avr51\libc.a(iob.o)
                              AudioInputHost.o (__iob)
c:/program files (x86)/atmel/avr studio 5.0/extensions/application/avr toolchain/bin/../lib/gcc/avr/4.5.1/../../../../avr/lib/avr51\libc.a(printf_p.o)
                              AudioInputHost.o (printf_P)
c:/program files (x86)/atmel/avr studio 5.0/extensions/application/avr toolchain/bin/../lib/gcc/avr/4.5.1/../../../../avr/lib/avr51\libc.a(puts_p.o)
                              AudioInputHost.o (puts_P)
c:/program files (x86)/atmel/avr studio 5.0/extensions/application/avr toolchain/bin/../lib/gcc/avr/4.5.1/../../../../avr/lib/avr51\libc.a(vfprintf_std.o)
                              c:/program files (x86)/atmel/avr studio 5.0/extensions/application/avr toolchain/bin/../lib/gcc/avr/4.5.1/../../../../avr/lib/avr51\libc.a(printf_p.o) (vfprintf)
c:/program files (x86)/atmel/avr studio 5.0/extensions/application/avr toolchain/bin/../lib/gcc/avr/4.5.1/../../../../avr/lib/avr51\libc.a(eerd_byte_at90usb1287.o)
                              ../../../../LUFA/Drivers/USB/Core/AVR8/PipeStream_AVR8.o (__eerd_byte_usb1287)
c:/program files (x86)/atmel/avr studio 5.0/extensions/application/avr toolchain/bin/../lib/gcc/avr/4.5.1/../../../../avr/lib/avr51\libc.a(eeupd_byte_at90usb1287.o)
                              ../../../../LUFA/Drivers/USB/Core/AVR8/PipeStream_AVR8.o (__eeupd_byte_usb1287)
c:/program files (x86)/atmel/avr studio 5.0/extensions/application/avr toolchain/bin/../lib/gcc/avr/4.5.1/../../../../avr/lib/avr51\libc.a(strnlen_P.o)
                              c:/program files (x86)/atmel/avr studio 5.0/extensions/application/avr toolchain/bin/../lib/gcc/avr/4.5.1/../../../../avr/lib/avr51\libc.a(vfprintf_std.o) (strnlen_P)
c:/program files (x86)/atmel/avr studio 5.0/extensions/application/avr toolchain/bin/../lib/gcc/avr/4.5.1/../../../../avr/lib/avr51\libc.a(strnlen.o)
                              c:/program files (x86)/atmel/avr studio 5.0/extensions/application/avr toolchain/bin/../lib/gcc/avr/4.5.1/../../../../avr/lib/avr51\libc.a(vfprintf_std.o) (strnlen)
c:/program files (x86)/atmel/avr studio 5.0/extensions/application/avr toolchain/bin/../lib/gcc/avr/4.5.1/../../../../avr/lib/avr51\libc.a(fputc.o)
                              c:/program files (x86)/atmel/avr studio 5.0/extensions/application/avr toolchain/bin/../lib/gcc/avr/4.5.1/../../../../avr/lib/avr51\libc.a(vfprintf_std.o) (fputc)
c:/program files (x86)/atmel/avr studio 5.0/extensions/application/avr toolchain/bin/../lib/gcc/avr/4.5.1/../../../../avr/lib/avr51\libc.a(ultoa_invert.o)
                              c:/program files (x86)/atmel/avr studio 5.0/extensions/application/avr toolchain/bin/../lib/gcc/avr/4.5.1/../../../../avr/lib/avr51\libc.a(vfprintf_std.o) (__ultoa_invert)

Allocating common symbols
Common symbol       size              file

USB_IsInitialized   0x1               ../../../../LUFA/Drivers/USB/Core/USBTask.o
USARTSerialStream   0xe               ../../../../LUFA/Drivers/Peripheral/AVR8/Serial_AVR8.o
USB_ControlRequest  0x8               ../../../../LUFA/Drivers/USB/Core/USBTask.o
USB_HostState       0x1               ../../../../LUFA/Drivers/USB/Core/USBTask.o
__iob               0x6               c:/program files (x86)/atmel/avr studio 5.0/extensions/application/avr toolchain/bin/../lib/gcc/avr/4.5.1/../../../../avr/lib/avr51\libc.a(iob.o)

Discarded input sections

 .data          0x00000000        0x0 c:/program files (x86)/atmel/avr studio 5.0/extensions/application/avr toolchain/bin/../lib/gcc/avr/4.5.1/../../../../avr/lib/avr51/crtusb1286.o
 .bss           0x00000000        0x0 c:/program files (x86)/atmel/avr studio 5.0/extensions/application/avr toolchain/bin/../lib/gcc/avr/4.5.1/../../../../avr/lib/avr51/crtusb1286.o
 .text          0x00000000        0x0 AudioInputHost.o
 .bss           0x00000000        0x0 AudioInputHost.o
 .text          0x00000000        0x0 ConfigDescriptor.o
 .data          0x00000000        0x0 ConfigDescriptor.o
 .text          0x00000000        0x0 ../../../../LUFA/Drivers/USB/Core/AVR8/Device_AVR8.o
 .data          0x00000000        0x0 ../../../../LUFA/Drivers/USB/Core/AVR8/Device_AVR8.o
 .bss           0x00000000        0x0 ../../../../LUFA/Drivers/USB/Core/AVR8/Device_AVR8.o
 .text          0x00000000        0x0 ../../../../LUFA/Drivers/USB/Core/AVR8/Endpoint_AVR8.o
 .data          0x00000000        0x0 ../../../../LUFA/Drivers/USB/Core/AVR8/Endpoint_AVR8.o
 .bss           0x00000000        0x0 ../../../../LUFA/Drivers/USB/Core/AVR8/Endpoint_AVR8.o
 .text          0x00000000        0x0 ../../../../LUFA/Drivers/USB/Core/AVR8/Host_AVR8.o
 .text.USB_Host_GetDeviceDescriptor
                0x00000000       0x1c ../../../../LUFA/Drivers/USB/Core/AVR8/Host_AVR8.o
 .text.USB_Host_GetDeviceStringDescriptor
                0x00000000       0x34 ../../../../LUFA/Drivers/USB/Core/AVR8/Host_AVR8.o
 .text.USB_Host_ClearPipeStall
                0x00000000       0x32 ../../../../LUFA/Drivers/USB/Core/AVR8/Host_AVR8.o
 .text          0x00000000        0x0 ../../../../LUFA/Drivers/USB/Core/AVR8/Pipe_AVR8.o
 .bss           0x00000000        0x0 ../../../../LUFA/Drivers/USB/Core/AVR8/Pipe_AVR8.o
 .text.Pipe_IsEndpointBound
                0x00000000       0x5c ../../../../LUFA/Drivers/USB/Core/AVR8/Pipe_AVR8.o
 .text.Pipe_WaitUntilReady
                0x00000000       0x5e ../../../../LUFA/Drivers/USB/Core/AVR8/Pipe_AVR8.o
 .text          0x00000000        0x0 ../../../../LUFA/Drivers/USB/Core/AVR8/USBController_AVR8.o
 .data          0x00000000        0x0 ../../../../LUFA/Drivers/USB/Core/AVR8/USBController_AVR8.o
 .bss           0x00000000        0x0 ../../../../LUFA/Drivers/USB/Core/AVR8/USBController_AVR8.o
 .text          0x00000000        0x0 ../../../../LUFA/Drivers/USB/Core/AVR8/USBInterrupt_AVR8.o
 .data          0x00000000        0x0 ../../../../LUFA/Drivers/USB/Core/AVR8/USBInterrupt_AVR8.o
 .bss           0x00000000        0x0 ../../../../LUFA/Drivers/USB/Core/AVR8/USBInterrupt_AVR8.o
 .text          0x00000000        0x0 ../../../../LUFA/Drivers/USB/Core/AVR8/EndpointStream_AVR8.o
 .data          0x00000000        0x0 ../../../../LUFA/Drivers/USB/Core/AVR8/EndpointStream_AVR8.o
 .bss           0x00000000        0x0 ../../../../LUFA/Drivers/USB/Core/AVR8/EndpointStream_AVR8.o
 .text          0x00000000        0x0 ../../../../LUFA/Drivers/USB/Core/AVR8/PipeStream_AVR8.o
 .data          0x00000000        0x0 ../../../../LUFA/Drivers/USB/Core/AVR8/PipeStream_AVR8.o
 .bss           0x00000000        0x0 ../../../../LUFA/Drivers/USB/Core/AVR8/PipeStream_AVR8.o
 .text.Pipe_Discard_Stream
                0x00000000       0x9a ../../../../LUFA/Drivers/USB/Core/AVR8/PipeStream_AVR8.o
 .text.Pipe_Null_Stream
                0x00000000       0x9e ../../../../LUFA/Drivers/USB/Core/AVR8/PipeStream_AVR8.o
 .text.Pipe_Write_Stream_LE
                0x00000000       0xca ../../../../LUFA/Drivers/USB/Core/AVR8/PipeStream_AVR8.o
 .text.Pipe_Write_Stream_BE
                0x00000000       0xba ../../../../LUFA/Drivers/USB/Core/AVR8/PipeStream_AVR8.o
 .text.Pipe_Read_Stream_LE
                0x00000000       0xca ../../../../LUFA/Drivers/USB/Core/AVR8/PipeStream_AVR8.o
 .text.Pipe_Read_Stream_BE
                0x00000000       0xba ../../../../LUFA/Drivers/USB/Core/AVR8/PipeStream_AVR8.o
 .text.Pipe_Write_PStream_LE
                0x00000000       0xce ../../../../LUFA/Drivers/USB/Core/AVR8/PipeStream_AVR8.o
 .text.Pipe_Write_PStream_BE
                0x00000000       0xba ../../../../LUFA/Drivers/USB/Core/AVR8/PipeStream_AVR8.o
 .text.Pipe_Write_EStream_LE
                0x00000000       0xd0 ../../../../LUFA/Drivers/USB/Core/AVR8/PipeStream_AVR8.o
 .text.Pipe_Write_EStream_BE
                0x00000000       0xbc ../../../../LUFA/Drivers/USB/Core/AVR8/PipeStream_AVR8.o
 .text.Pipe_Read_EStream_LE
                0x00000000       0xce ../../../../LUFA/Drivers/USB/Core/AVR8/PipeStream_AVR8.o
 .text.Pipe_Read_EStream_BE
                0x00000000       0xbe ../../../../LUFA/Drivers/USB/Core/AVR8/PipeStream_AVR8.o
 .text          0x00000000        0x0 ../../../../LUFA/Drivers/USB/Core/ConfigDescriptor.o
 .data          0x00000000        0x0 ../../../../LUFA/Drivers/USB/Core/ConfigDescriptor.o
 .bss           0x00000000        0x0 ../../../../LUFA/Drivers/USB/Core/ConfigDescriptor.o
 .text.USB_GetNextDescriptorOfType
                0x00000000       0x4c ../../../../LUFA/Drivers/USB/Core/ConfigDescriptor.o
 .text.USB_GetNextDescriptorOfTypeBefore
                0x00000000       0x56 ../../../../LUFA/Drivers/USB/Core/ConfigDescriptor.o
 .text.USB_GetNextDescriptorOfTypeAfter
                0x00000000       0x34 ../../../../LUFA/Drivers/USB/Core/ConfigDescriptor.o
 .text          0x00000000        0x0 ../../../../LUFA/Drivers/USB/Core/DeviceStandardReq.o
 .data          0x00000000        0x0 ../../../../LUFA/Drivers/USB/Core/DeviceStandardReq.o
 .bss           0x00000000        0x0 ../../../../LUFA/Drivers/USB/Core/DeviceStandardReq.o
 .text          0x00000000        0x0 ../../../../LUFA/Drivers/USB/Core/Events.o
 .data          0x00000000        0x0 ../../../../LUFA/Drivers/USB/Core/Events.o
 .bss           0x00000000        0x0 ../../../../LUFA/Drivers/USB/Core/Events.o
 .text          0x00000000        0x0 ../../../../LUFA/Drivers/USB/Core/HostStandardReq.o
 .data          0x00000000        0x0 ../../../../LUFA/Drivers/USB/Core/HostStandardReq.o
 .bss           0x00000000        0x0 ../../../../LUFA/Drivers/USB/Core/HostStandardReq.o
 .text          0x00000000        0x0 ../../../../LUFA/Drivers/USB/Core/USBTask.o
 .data          0x00000000        0x0 ../../../../LUFA/Drivers/USB/Core/USBTask.o
 .bss           0x00000000        0x0 ../../../../LUFA/Drivers/USB/Core/USBTask.o
 .text          0x00000000        0x0 ../../../../LUFA/Drivers/USB/Class/Common/HIDParser.o
 .data          0x00000000        0x0 ../../../../LUFA/Drivers/USB/Class/Common/HIDParser.o
 .bss           0x00000000        0x0 ../../../../LUFA/Drivers/USB/Class/Common/HIDParser.o
 .text.USB_ProcessHIDReport
                0x00000000      0x766 ../../../../LUFA/Drivers/USB/Class/Common/HIDParser.o
 .text.USB_GetHIDReportItemInfo
                0x00000000       0xb6 ../../../../LUFA/Drivers/USB/Class/Common/HIDParser.o
 .text.USB_SetHIDReportItemInfo
                0x00000000       0xc2 ../../../../LUFA/Drivers/USB/Class/Common/HIDParser.o
 .text.USB_GetHIDReportSize
                0x00000000       0x58 ../../../../LUFA/Drivers/USB/Class/Common/HIDParser.o
 .text          0x00000000        0x0 ../../../../LUFA/Drivers/Peripheral/AVR8/Serial_AVR8.o
 .data          0x00000000        0x0 ../../../../LUFA/Drivers/Peripheral/AVR8/Serial_AVR8.o
 .bss           0x00000000        0x0 ../../../../LUFA/Drivers/Peripheral/AVR8/Serial_AVR8.o
 .text.Serial_getchar_Blocking
                0x00000000       0x20 ../../../../LUFA/Drivers/Peripheral/AVR8/Serial_AVR8.o
 .text.Serial_SendString_P
                0x00000000       0x1a ../../../../LUFA/Drivers/Peripheral/AVR8/Serial_AVR8.o
 .text.Serial_SendString
                0x00000000       0x1c ../../../../LUFA/Drivers/Peripheral/AVR8/Serial_AVR8.o
 .text.Serial_SendData
                0x00000000       0x1e ../../../../LUFA/Drivers/Peripheral/AVR8/Serial_AVR8.o
 .text          0x00000000        0x0 c:/program files (x86)/atmel/avr studio 5.0/extensions/application/avr toolchain/bin/../lib/gcc/avr/4.5.1/avr51\libgcc.a(_exit.o)
 .data          0x00000000        0x0 c:/program files (x86)/atmel/avr studio 5.0/extensions/application/avr toolchain/bin/../lib/gcc/avr/4.5.1/avr51\libgcc.a(_exit.o)
 .bss           0x00000000        0x0 c:/program files (x86)/atmel/avr studio 5.0/extensions/application/avr toolchain/bin/../lib/gcc/avr/4.5.1/avr51\libgcc.a(_exit.o)
 .text.libgcc   0x00000000        0x0 c:/program files (x86)/atmel/avr studio 5.0/extensions/application/avr toolchain/bin/../lib/gcc/avr/4.5.1/avr51\libgcc.a(_exit.o)
 .text          0x00000000        0x0 c:/program files (x86)/atmel/avr studio 5.0/extensions/application/avr toolchain/bin/../lib/gcc/avr/4.5.1/avr51\libgcc.a(_copy_data.o)
 .data          0x00000000        0x0 c:/program files (x86)/atmel/avr studio 5.0/extensions/application/avr toolchain/bin/../lib/gcc/avr/4.5.1/avr51\libgcc.a(_copy_data.o)
 .bss           0x00000000        0x0 c:/program files (x86)/atmel/avr studio 5.0/extensions/application/avr toolchain/bin/../lib/gcc/avr/4.5.1/avr51\libgcc.a(_copy_data.o)
 .text.libgcc   0x00000000        0x0 c:/program files (x86)/atmel/avr studio 5.0/extensions/application/avr toolchain/bin/../lib/gcc/avr/4.5.1/avr51\libgcc.a(_copy_data.o)
 .text          0x00000000        0x0 c:/program files (x86)/atmel/avr studio 5.0/extensions/application/avr toolchain/bin/../lib/gcc/avr/4.5.1/avr51\libgcc.a(_clear_bss.o)
 .data          0x00000000        0x0 c:/program files (x86)/atmel/avr studio 5.0/extensions/application/avr toolchain/bin/../lib/gcc/avr/4.5.1/avr51\libgcc.a(_clear_bss.o)
 .bss           0x00000000        0x0 c:/program files (x86)/atmel/avr studio 5.0/extensions/application/avr toolchain/bin/../lib/gcc/avr/4.5.1/avr51\libgcc.a(_clear_bss.o)
 .text.libgcc   0x00000000        0x0 c:/program files (x86)/atmel/avr studio 5.0/extensions/application/avr toolchain/bin/../lib/gcc/avr/4.5.1/avr51\libgcc.a(_clear_bss.o)
 .text          0x00000000        0x0 c:/program files (x86)/atmel/avr studio 5.0/extensions/application/avr toolchain/bin/../lib/gcc/avr/4.5.1/../../../../avr/lib/avr51\libc.a(iob.o)
 .data          0x00000000        0x0 c:/program files (x86)/atmel/avr studio 5.0/extensions/application/avr toolchain/bin/../lib/gcc/avr/4.5.1/../../../../avr/lib/avr51\libc.a(iob.o)
 .bss           0x00000000        0x0 c:/program files (x86)/atmel/avr studio 5.0/extensions/application/avr toolchain/bin/../lib/gcc/avr/4.5.1/../../../../avr/lib/avr51\libc.a(iob.o)
 .text          0x00000000        0x0 c:/program files (x86)/atmel/avr studio 5.0/extensions/application/avr toolchain/bin/../lib/gcc/avr/4.5.1/../../../../avr/lib/avr51\libc.a(printf_p.o)
 .data          0x00000000        0x0 c:/program files (x86)/atmel/avr studio 5.0/extensions/application/avr toolchain/bin/../lib/gcc/avr/4.5.1/../../../../avr/lib/avr51\libc.a(printf_p.o)
 .bss           0x00000000        0x0 c:/program files (x86)/atmel/avr studio 5.0/extensions/application/avr toolchain/bin/../lib/gcc/avr/4.5.1/../../../../avr/lib/avr51\libc.a(printf_p.o)
 .text          0x00000000        0x0 c:/program files (x86)/atmel/avr studio 5.0/extensions/application/avr toolchain/bin/../lib/gcc/avr/4.5.1/../../../../avr/lib/avr51\libc.a(puts_p.o)
 .data          0x00000000        0x0 c:/program files (x86)/atmel/avr studio 5.0/extensions/application/avr toolchain/bin/../lib/gcc/avr/4.5.1/../../../../avr/lib/avr51\libc.a(puts_p.o)
 .bss           0x00000000        0x0 c:/program files (x86)/atmel/avr studio 5.0/extensions/application/avr toolchain/bin/../lib/gcc/avr/4.5.1/../../../../avr/lib/avr51\libc.a(puts_p.o)
 .text          0x00000000        0x0 c:/program files (x86)/atmel/avr studio 5.0/extensions/application/avr toolchain/bin/../lib/gcc/avr/4.5.1/../../../../avr/lib/avr51\libc.a(vfprintf_std.o)
 .data          0x00000000        0x0 c:/program files (x86)/atmel/avr studio 5.0/extensions/application/avr toolchain/bin/../lib/gcc/avr/4.5.1/../../../../avr/lib/avr51\libc.a(vfprintf_std.o)
 .bss           0x00000000        0x0 c:/program files (x86)/atmel/avr studio 5.0/extensions/application/avr toolchain/bin/../lib/gcc/avr/4.5.1/../../../../avr/lib/avr51\libc.a(vfprintf_std.o)
 .text          0x00000000        0x0 c:/program files (x86)/atmel/avr studio 5.0/extensions/application/avr toolchain/bin/../lib/gcc/avr/4.5.1/../../../../avr/lib/avr51\libc.a(eerd_byte_at90usb1287.o)
 .data          0x00000000        0x0 c:/program files (x86)/atmel/avr studio 5.0/extensions/application/avr toolchain/bin/../lib/gcc/avr/4.5.1/../../../../avr/lib/avr51\libc.a(eerd_byte_at90usb1287.o)
 .bss           0x00000000        0x0 c:/program files (x86)/atmel/avr studio 5.0/extensions/application/avr toolchain/bin/../lib/gcc/avr/4.5.1/../../../../avr/lib/avr51\libc.a(eerd_byte_at90usb1287.o)
 .text.avr-libc
                0x00000000       0x10 c:/program files (x86)/atmel/avr studio 5.0/extensions/application/avr toolchain/bin/../lib/gcc/avr/4.5.1/../../../../avr/lib/avr51\libc.a(eerd_byte_at90usb1287.o)
 .text          0x00000000        0x0 c:/program files (x86)/atmel/avr studio 5.0/extensions/application/avr toolchain/bin/../lib/gcc/avr/4.5.1/../../../../avr/lib/avr51\libc.a(eeupd_byte_at90usb1287.o)
 .data          0x00000000        0x0 c:/program files (x86)/atmel/avr studio 5.0/extensions/application/avr toolchain/bin/../lib/gcc/avr/4.5.1/../../../../avr/lib/avr51\libc.a(eeupd_byte_at90usb1287.o)
 .bss           0x00000000        0x0 c:/program files (x86)/atmel/avr studio 5.0/extensions/application/avr toolchain/bin/../lib/gcc/avr/4.5.1/../../../../avr/lib/avr51\libc.a(eeupd_byte_at90usb1287.o)
 .text.avr-libc
                0x00000000       0x24 c:/program files (x86)/atmel/avr studio 5.0/extensions/application/avr toolchain/bin/../lib/gcc/avr/4.5.1/../../../../avr/lib/avr51\libc.a(eeupd_byte_at90usb1287.o)
 .text          0x00000000        0x0 c:/program files (x86)/atmel/avr studio 5.0/extensions/application/avr toolchain/bin/../lib/gcc/avr/4.5.1/../../../../avr/lib/avr51\libc.a(strnlen_P.o)
 .data          0x00000000        0x0 c:/program files (x86)/atmel/avr studio 5.0/extensions/application/avr toolchain/bin/../lib/gcc/avr/4.5.1/../../../../avr/lib/avr51\libc.a(strnlen_P.o)
 .bss           0x00000000        0x0 c:/program files (x86)/atmel/avr studio 5.0/extensions/application/avr toolchain/bin/../lib/gcc/avr/4.5.1/../../../../avr/lib/avr51\libc.a(strnlen_P.o)
 .text          0x00000000        0x0 c:/program files (x86)/atmel/avr studio 5.0/extensions/application/avr toolchain/bin/../lib/gcc/avr/4.5.1/../../../../avr/lib/avr51\libc.a(strnlen.o)
 .data          0x00000000        0x0 c:/program files (x86)/atmel/avr studio 5.0/extensions/application/avr toolchain/bin/../lib/gcc/avr/4.5.1/../../../../avr/lib/avr51\libc.a(strnlen.o)
 .bss           0x00000000        0x0 c:/program files (x86)/atmel/avr studio 5.0/extensions/application/avr toolchain/bin/../lib/gcc/avr/4.5.1/../../../../avr/lib/avr51\libc.a(strnlen.o)
 .text          0x00000000        0x0 c:/program files (x86)/atmel/avr studio 5.0/extensions/application/avr toolchain/bin/../lib/gcc/avr/4.5.1/../../../../avr/lib/avr51\libc.a(fputc.o)
 .data          0x00000000        0x0 c:/program files (x86)/atmel/avr studio 5.0/extensions/application/avr toolchain/bin/../lib/gcc/avr/4.5.1/../../../../avr/lib/avr51\libc.a(fputc.o)
 .bss           0x00000000        0x0 c:/program files (x86)/atmel/avr studio 5.0/extensions/application/avr toolchain/bin/../lib/gcc/avr/4.5.1/../../../../avr/lib/avr51\libc.a(fputc.o)
 .text          0x00000000        0x0 c:/program files (x86)/atmel/avr studio 5.0/extensions/application/avr toolchain/bin/../lib/gcc/avr/4.5.1/../../../../avr/lib/avr51\libc.a(ultoa_invert.o)
 .data          0x00000000        0x0 c:/program files (x86)/atmel/avr studio 5.0/extensions/application/avr toolchain/bin/../lib/gcc/avr/4.5.1/../../../../avr/lib/avr51\libc.a(ultoa_invert.o)
 .bss           0x00000000        0x0 c:/program files (x86)/atmel/avr studio 5.0/extensions/application/avr toolchain/bin/../lib/gcc/avr/4.5.1/../../../../avr/lib/avr51\libc.a(ultoa_invert.o)

Memory Configuration

Name             Origin             Length             Attributes
text             0x00000000         0x00020000         xr
data             0x00800100         0x0000ff00         rw !x
eeprom           0x00810000         0x00010000         rw !x
fuse             0x00820000         0x00000400         rw !x
lock             0x00830000         0x00000400         rw !x
signature        0x00840000         0x00000400         rw !x
*default*        0x00000000         0xffffffff

Linker script and memory map

Address of section .data set to 0x800100
LOAD c:/program files (x86)/atmel/avr studio 5.0/extensions/application/avr toolchain/bin/../lib/gcc/avr/4.5.1/../../../../avr/lib/avr51/crtusb1286.o
LOAD AudioInputHost.o
LOAD ConfigDescriptor.o
LOAD ../../../../LUFA/Drivers/USB/Core/AVR8/Device_AVR8.o
LOAD ../../../../LUFA/Drivers/USB/Core/AVR8/Endpoint_AVR8.o
LOAD ../../../../LUFA/Drivers/USB/Core/AVR8/Host_AVR8.o
LOAD ../../../../LUFA/Drivers/USB/Core/AVR8/Pipe_AVR8.o
LOAD ../../../../LUFA/Drivers/USB/Core/AVR8/USBController_AVR8.o
LOAD ../../../../LUFA/Drivers/USB/Core/AVR8/USBInterrupt_AVR8.o
LOAD ../../../../LUFA/Drivers/USB/Core/AVR8/EndpointStream_AVR8.o
LOAD ../../../../LUFA/Drivers/USB/Core/AVR8/PipeStream_AVR8.o
LOAD ../../../../LUFA/Drivers/USB/Core/ConfigDescriptor.o
LOAD ../../../../LUFA/Drivers/USB/Core/DeviceStandardReq.o
LOAD ../../../../LUFA/Drivers/USB/Core/Events.o
LOAD ../../../../LUFA/Drivers/USB/Core/HostStandardReq.o
LOAD ../../../../LUFA/Drivers/USB/Core/USBTask.o
LOAD ../../../../LUFA/Drivers/USB/Class/Common/HIDParser.o
LOAD ../../../../LUFA/Drivers/Peripheral/AVR8/Serial_AVR8.o
LOAD c:/program files (x86)/atmel/avr studio 5.0/extensions/application/avr toolchain/bin/../lib/gcc/avr/4.5.1/../../../../avr/lib/avr51\libm.a
LOAD c:/program files (x86)/atmel/avr studio 5.0/extensions/application/avr toolchain/bin/../lib/gcc/avr/4.5.1/avr51\libgcc.a
LOAD c:/program files (x86)/atmel/avr studio 5.0/extensions/application/avr toolchain/bin/../lib/gcc/avr/4.5.1/../../../../avr/lib/avr51\libc.a
LOAD c:/program files (x86)/atmel/avr studio 5.0/extensions/application/avr toolchain/bin/../lib/gcc/avr/4.5.1/avr51\libgcc.a

.hash
 *(.hash)

.dynsym
 *(.dynsym)

.dynstr
 *(.dynstr)

.gnu.version
 *(.gnu.version)

.gnu.version_d
 *(.gnu.version_d)

.gnu.version_r
 *(.gnu.version_r)

.rel.init
 *(.rel.init)

.rela.init
 *(.rela.init)

.rel.text
 *(.rel.text)
 *(.rel.text.*)
 *(.rel.gnu.linkonce.t*)

.rela.text
 *(.rela.text)
 *(.rela.text.*)
 *(.rela.gnu.linkonce.t*)

.rel.fini
 *(.rel.fini)

.rela.fini
 *(.rela.fini)

.rel.rodata
 *(.rel.rodata)
 *(.rel.rodata.*)
 *(.rel.gnu.linkonce.r*)

.rela.rodata
 *(.rela.rodata)
 *(.rela.rodata.*)
 *(.rela.gnu.linkonce.r*)

.rel.data
 *(.rel.data)
 *(.rel.data.*)
 *(.rel.gnu.linkonce.d*)

.rela.data
 *(.rela.data)
 *(.rela.data.*)
 *(.rela.gnu.linkonce.d*)

.rel.ctors
 *(.rel.ctors)

.rela.ctors
 *(.rela.ctors)

.rel.dtors
 *(.rel.dtors)

.rela.dtors
 *(.rela.dtors)

.rel.got
 *(.rel.got)

.rela.got
 *(.rela.got)

.rel.bss
 *(.rel.bss)

.rela.bss
 *(.rela.bss)

.rel.plt
 *(.rel.plt)

.rela.plt
 *(.rela.plt)

.text           0x00000000     0x18fa
 *(.vectors)
 .vectors       0x00000000       0x98 c:/program files (x86)/atmel/avr studio 5.0/extensions/application/avr toolchain/bin/../lib/gcc/avr/4.5.1/../../../../avr/lib/avr51/crtusb1286.o
                0x00000000                __vector_default
                0x00000000                __vectors
 *(.vectors)
 *(.progmem.gcc*)
 *(.progmem*)
 .progmem.data  0x00000098      0x20b AudioInputHost.o
                0x000002a4                . = ALIGN (0x2)
 *fill*         0x000002a3        0x1 00
                0x000002a4                __trampolines_start = .
 *(.trampolines)
 .trampolines   0x000002a4        0x0 linker stubs
 *(.trampolines*)
                0x000002a4                __trampolines_end = .
 *(.jumptables)
 *(.jumptables*)
 *(.lowtext)
 *(.lowtext*)
                0x000002a4                __ctors_start = .
 *(.ctors)
                0x000002a4                __ctors_end = .
                0x000002a4                __dtors_start = .
 *(.dtors)
                0x000002a4                __dtors_end = .
 SORT(*)(.ctors)
 SORT(*)(.dtors)
 *(.init0)
 .init0         0x000002a4        0x0 c:/program files (x86)/atmel/avr studio 5.0/extensions/application/avr toolchain/bin/../lib/gcc/avr/4.5.1/../../../../avr/lib/avr51/crtusb1286.o
                0x000002a4                __init
 *(.init0)
 *(.init1)
 *(.init1)
 *(.init2)
 .init2         0x000002a4        0xc c:/program files (x86)/atmel/avr studio 5.0/extensions/application/avr toolchain/bin/../lib/gcc/avr/4.5.1/../../../../avr/lib/avr51/crtusb1286.o
 *(.init2)
 *(.init3)
 *(.init3)
 *(.init4)
 .init4         0x000002b0       0x1a c:/program files (x86)/atmel/avr studio 5.0/extensions/application/avr toolchain/bin/../lib/gcc/avr/4.5.1/avr51\libgcc.a(_copy_data.o)
                0x000002b0                __do_copy_data
 .init4         0x000002ca       0x10 c:/program files (x86)/atmel/avr studio 5.0/extensions/application/avr toolchain/bin/../lib/gcc/avr/4.5.1/avr51\libgcc.a(_clear_bss.o)
                0x000002ca                __do_clear_bss
 *(.init4)
 *(.init5)
 *(.init5)
 *(.init6)
 *(.init6)
 *(.init7)
 *(.init7)
 *(.init8)
 *(.init8)
 *(.init9)
 .init9         0x000002da        0x6 c:/program files (x86)/atmel/avr studio 5.0/extensions/application/avr toolchain/bin/../lib/gcc/avr/4.5.1/../../../../avr/lib/avr51/crtusb1286.o
 *(.init9)
 *(.text)
 .text          0x000002e0        0x2 c:/program files (x86)/atmel/avr studio 5.0/extensions/application/avr toolchain/bin/../lib/gcc/avr/4.5.1/../../../../avr/lib/avr51/crtusb1286.o
                0x000002e0                __vector_22
                0x000002e0                __vector_28
                0x000002e0                __vector_1
                0x000002e0                __vector_32
                0x000002e0                __vector_34
                0x000002e0                __vector_24
                0x000002e0                __vector_12
                0x000002e0                __bad_interrupt
                0x000002e0                __vector_6
                0x000002e0                __vector_31
                0x000002e0                __vector_35
                0x000002e0                __vector_3
                0x000002e0                __vector_23
                0x000002e0                __vector_30
                0x000002e0                __vector_25
                0x000002e0                __vector_11
                0x000002e0                __vector_13
                0x000002e0                __vector_17
                0x000002e0                __vector_19
                0x000002e0                __vector_7
                0x000002e0                __vector_27
                0x000002e0                __vector_5
                0x000002e0                __vector_33
                0x000002e0                __vector_37
                0x000002e0                __vector_4
                0x000002e0                __vector_9
                0x000002e0                __vector_2
                0x000002e0                __vector_15
                0x000002e0                __vector_36
                0x000002e0                __vector_29
                0x000002e0                __vector_8
                0x000002e0                __vector_26
                0x000002e0                __vector_14
                0x000002e0                __vector_16
                0x000002e0                __vector_18
                0x000002e0                __vector_20
                0x000002e2                . = ALIGN (0x2)
 *(.text.*)
 .text.LEDs_SetAllLEDs
                0x000002e2        0xa AudioInputHost.o
 .text.SetupHardware
                0x000002ec       0x92 AudioInputHost.o
                0x000002ec                SetupHardware
 .text.EVENT_USB_Host_DeviceAttached
                0x0000037e        0xa AudioInputHost.o
                0x0000037e                EVENT_USB_Host_DeviceAttached
 .text.EVENT_USB_Host_DeviceUnattached
                0x00000388        0xa AudioInputHost.o
                0x00000388                EVENT_USB_Host_DeviceUnattached
 .text.EVENT_USB_Host_DeviceEnumerationComplete
                0x00000392        0x4 AudioInputHost.o
                0x00000392                EVENT_USB_Host_DeviceEnumerationComplete
 .text.EVENT_USB_Host_HostError
                0x00000396       0x3e AudioInputHost.o
                0x00000396                EVENT_USB_Host_HostError
 .text.EVENT_USB_Host_DeviceEnumerationFailed
                0x000003d4       0x50 AudioInputHost.o
                0x000003d4                EVENT_USB_Host_DeviceEnumerationFailed
 .text.Audio_Task
                0x00000424      0x134 AudioInputHost.o
                0x00000424                Audio_Task
 .text.main     0x00000558       0x14 AudioInputHost.o
                0x00000558                main
 .text.__vector_21
                0x0000056c       0xd2 AudioInputHost.o
                0x0000056c                __vector_21
 .text.DComp_NextAudioControlInterface
                0x0000063e       0x22 ConfigDescriptor.o
                0x0000063e                DComp_NextAudioControlInterface
 .text.DComp_NextAudioStreamInterface
                0x00000660       0x22 ConfigDescriptor.o
                0x00000660                DComp_NextAudioStreamInterface
 .text.DComp_NextAudioInterfaceDataEndpoint
                0x00000682       0x22 ConfigDescriptor.o
                0x00000682                DComp_NextAudioInterfaceDataEndpoint
 .text.ProcessConfigurationDescriptor
                0x000006a4      0x132 ConfigDescriptor.o
                0x000006a4                ProcessConfigurationDescriptor
 .text.USB_Host_ResetDevice
                0x000007d6       0xa8 ../../../../LUFA/Drivers/USB/Core/AVR8/Host_AVR8.o
 .text.USB_Host_WaitMS
                0x0000087e       0xaa ../../../../LUFA/Drivers/USB/Core/AVR8/Host_AVR8.o
                0x0000087e                USB_Host_WaitMS
 .text.USB_Host_ProcessNextHostState
                0x00000928      0x264 ../../../../LUFA/Drivers/USB/Core/AVR8/Host_AVR8.o
                0x00000928                USB_Host_ProcessNextHostState
 .text.USB_Host_SetDeviceConfiguration
                0x00000b8c       0x2c ../../../../LUFA/Drivers/USB/Core/AVR8/Host_AVR8.o
                0x00000b8c                USB_Host_SetDeviceConfiguration
 .text.USB_Host_SetInterfaceAltSetting
                0x00000bb8       0x2e ../../../../LUFA/Drivers/USB/Core/AVR8/Host_AVR8.o
                0x00000bb8                USB_Host_SetInterfaceAltSetting
 .text.Pipe_ConfigurePipe
                0x00000be6       0xce ../../../../LUFA/Drivers/USB/Core/AVR8/Pipe_AVR8.o
                0x00000be6                Pipe_ConfigurePipe
 .text.Pipe_ClearPipes
                0x00000cb4       0x28 ../../../../LUFA/Drivers/USB/Core/AVR8/Pipe_AVR8.o
                0x00000cb4                Pipe_ClearPipes
 .text.USB_Disable
                0x00000cdc       0x30 ../../../../LUFA/Drivers/USB/Core/AVR8/USBController_AVR8.o
                0x00000cdc                USB_Disable
 .text.USB_ResetInterface
                0x00000d0c       0x9c ../../../../LUFA/Drivers/USB/Core/AVR8/USBController_AVR8.o
                0x00000d0c                USB_ResetInterface
 .text.USB_Init
                0x00000da8       0x12 ../../../../LUFA/Drivers/USB/Core/AVR8/USBController_AVR8.o
                0x00000da8                USB_Init
 .text.USB_INT_DisableAllInterrupts
                0x00000dba       0x10 ../../../../LUFA/Drivers/USB/Core/AVR8/USBInterrupt_AVR8.o
                0x00000dba                USB_INT_DisableAllInterrupts
 .text.USB_INT_ClearAllInterrupts
                0x00000dca        0xa ../../../../LUFA/Drivers/USB/Core/AVR8/USBInterrupt_AVR8.o
                0x00000dca                USB_INT_ClearAllInterrupts
 .text.__vector_10
                0x00000dd4      0x126 ../../../../LUFA/Drivers/USB/Core/AVR8/USBInterrupt_AVR8.o
                0x00000dd4                __vector_10
 .text.USB_Host_GetDeviceConfigDescriptor
                0x00000efa       0xae ../../../../LUFA/Drivers/USB/Core/ConfigDescriptor.o
                0x00000efa                USB_Host_GetDeviceConfigDescriptor
 .text.USB_GetNextDescriptorComp
                0x00000fa8       0x86 ../../../../LUFA/Drivers/USB/Core/ConfigDescriptor.o
                0x00000fa8                USB_GetNextDescriptorComp
 .text.USB_Event_Stub
                0x0000102e        0x2 ../../../../LUFA/Drivers/USB/Core/Events.o
                0x0000102e                EVENT_USB_Host_StartOfFrame
                0x0000102e                USB_Event_Stub
 .text.USB_Host_WaitForIOS
                0x00001030       0x52 ../../../../LUFA/Drivers/USB/Core/HostStandardReq.o
 .text.USB_Host_SendControlRequest
                0x00001082      0x22c ../../../../LUFA/Drivers/USB/Core/HostStandardReq.o
                0x00001082                USB_Host_SendControlRequest
 .text.USB_USBTask
                0x000012ae       0x1c ../../../../LUFA/Drivers/USB/Core/USBTask.o
                0x000012ae                USB_USBTask
 .text.Serial_putchar
                0x000012ca       0x12 ../../../../LUFA/Drivers/Peripheral/AVR8/Serial_AVR8.o
                0x000012ca                Serial_putchar
 .text.Serial_getchar
                0x000012dc       0x26 ../../../../LUFA/Drivers/Peripheral/AVR8/Serial_AVR8.o
                0x000012dc                Serial_getchar
 .text.avr-libc
                0x00001302       0x3e c:/program files (x86)/atmel/avr studio 5.0/extensions/application/avr toolchain/bin/../lib/gcc/avr/4.5.1/../../../../avr/lib/avr51\libc.a(printf_p.o)
                0x00001302                printf_P
 .text.avr-libc
                0x00001340       0x70 c:/program files (x86)/atmel/avr studio 5.0/extensions/application/avr toolchain/bin/../lib/gcc/avr/4.5.1/../../../../avr/lib/avr51\libc.a(puts_p.o)
                0x00001340                puts_P
 .text.avr-libc
                0x000013b0      0x406 c:/program files (x86)/atmel/avr studio 5.0/extensions/application/avr toolchain/bin/../lib/gcc/avr/4.5.1/../../../../avr/lib/avr51\libc.a(vfprintf_std.o)
                0x000013b0                vfprintf
 .text.avr-libc
                0x000017b6       0x16 c:/program files (x86)/atmel/avr studio 5.0/extensions/application/avr toolchain/bin/../lib/gcc/avr/4.5.1/../../../../avr/lib/avr51\libc.a(strnlen_P.o)
                0x000017b6                strnlen_P
 .text.avr-libc
                0x000017cc       0x16 c:/program files (x86)/atmel/avr studio 5.0/extensions/application/avr toolchain/bin/../lib/gcc/avr/4.5.1/../../../../avr/lib/avr51\libc.a(strnlen.o)
                0x000017cc                strnlen
 .text.avr-libc
                0x000017e2       0x58 c:/program files (x86)/atmel/avr studio 5.0/extensions/application/avr toolchain/bin/../lib/gcc/avr/4.5.1/../../../../avr/lib/avr51\libc.a(fputc.o)
                0x000017e2                fputc
 .text.avr-libc
                0x0000183a       0xbc c:/program files (x86)/atmel/avr studio 5.0/extensions/application/avr toolchain/bin/../lib/gcc/avr/4.5.1/../../../../avr/lib/avr51\libc.a(ultoa_invert.o)
                0x0000183a                __ultoa_invert
                0x000018f6                . = ALIGN (0x2)
 *(.fini9)
 .fini9         0x000018f6        0x0 c:/program files (x86)/atmel/avr studio 5.0/extensions/application/avr toolchain/bin/../lib/gcc/avr/4.5.1/avr51\libgcc.a(_exit.o)
                0x000018f6                _exit
                0x000018f6                exit
 *(.fini9)
 *(.fini8)
 *(.fini8)
 *(.fini7)
 *(.fini7)
 *(.fini6)
 *(.fini6)
 *(.fini5)
 *(.fini5)
 *(.fini4)
 *(.fini4)
 *(.fini3)
 *(.fini3)
 *(.fini2)
 *(.fini2)
 *(.fini1)
 *(.fini1)
 *(.fini0)
 .fini0         0x000018f6        0x4 c:/program files (x86)/atmel/avr studio 5.0/extensions/application/avr toolchain/bin/../lib/gcc/avr/4.5.1/avr51\libgcc.a(_exit.o)
 *(.fini0)
                0x000018fa                _etext = .

.data           0x00800100       0x1c load address 0x000018fa
                0x00800100                PROVIDE (__data_start, .)
 *(.data)
 .data          0x00800100        0x3 AudioInputHost.o
 .data          0x00800103       0x18 ../../../../LUFA/Drivers/USB/Core/AVR8/Host_AVR8.o
 .data          0x0080011b        0x1 ../../../../LUFA/Drivers/USB/Core/AVR8/Pipe_AVR8.o
                0x0080011b                USB_ControlPipeSize
 *(.data*)
 *(.rodata)
 *(.rodata*)
 *(.gnu.linkonce.d*)
                0x0080011c                . = ALIGN (0x2)
                0x0080011c                _edata = .
                0x0080011c                PROVIDE (__data_end, .)

.bss            0x0080011c       0x24
                0x0080011c                PROVIDE (__bss_start, .)
 *(.bss)
 .bss           0x0080011c        0x3 ConfigDescriptor.o
                0x0080011c                StreamingInterfaceIndex
                0x0080011d                StreamingInterfaceAltSetting
                0x0080011e                StreamingEndpointAddress
 .bss           0x0080011f        0x3 ../../../../LUFA/Drivers/USB/Core/AVR8/Host_AVR8.o
 *(.bss*)
 *(COMMON)
 COMMON         0x00800122        0xa ../../../../LUFA/Drivers/USB/Core/USBTask.o
                0x00800122                USB_IsInitialized
                0x00800123                USB_ControlRequest
                0x0080012b                USB_HostState
 COMMON         0x0080012c        0xe ../../../../LUFA/Drivers/Peripheral/AVR8/Serial_AVR8.o
                0x0080012c                USARTSerialStream
 COMMON         0x0080013a        0x6 c:/program files (x86)/atmel/avr studio 5.0/extensions/application/avr toolchain/bin/../lib/gcc/avr/4.5.1/../../../../avr/lib/avr51\libc.a(iob.o)
                0x0080013a                __iob
                0x00800140                PROVIDE (__bss_end, .)
                0x000018fa                __data_load_start = LOADADDR (.data)
                0x00001916                __data_load_end = (__data_load_start + SIZEOF (.data))

.noinit         0x00800140        0x0
                0x00800140                PROVIDE (__noinit_start, .)
 *(.noinit*)
                0x00800140                PROVIDE (__noinit_end, .)
                0x00800140                _end = .
                0x00800140                PROVIDE (__heap_start, .)

.eeprom         0x00810000        0x0
 *(.eeprom*)
                0x00810000                __eeprom_end = .

.fuse
 *(.fuse)
 *(.lfuse)
 *(.hfuse)
 *(.efuse)

.lock
 *(.lock*)

.signature
 *(.signature*)

.stab           0x00000000      0xe28
 *(.stab)
 .stab          0x00000000      0x6cc c:/program files (x86)/atmel/avr studio 5.0/extensions/application/avr toolchain/bin/../lib/gcc/avr/4.5.1/../../../../avr/lib/avr51/crtusb1286.o
 .stab          0x000006cc       0x90 c:/program files (x86)/atmel/avr studio 5.0/extensions/application/avr toolchain/bin/../lib/gcc/avr/4.5.1/../../../../avr/lib/avr51\libc.a(eerd_byte_at90usb1287.o)
                                 0x9c (size before relaxing)
 .stab          0x0000075c      0x114 c:/program files (x86)/atmel/avr studio 5.0/extensions/application/avr toolchain/bin/../lib/gcc/avr/4.5.1/../../../../avr/lib/avr51\libc.a(eeupd_byte_at90usb1287.o)
                                0x120 (size before relaxing)
 .stab          0x00000870       0x9c c:/program files (x86)/atmel/avr studio 5.0/extensions/application/avr toolchain/bin/../lib/gcc/avr/4.5.1/../../../../avr/lib/avr51\libc.a(strnlen_P.o)
                                 0xa8 (size before relaxing)
 .stab          0x0000090c       0x9c c:/program files (x86)/atmel/avr studio 5.0/extensions/application/avr toolchain/bin/../lib/gcc/avr/4.5.1/../../../../avr/lib/avr51\libc.a(strnlen.o)
                                 0xa8 (size before relaxing)
 .stab          0x000009a8      0x480 c:/program files (x86)/atmel/avr studio 5.0/extensions/application/avr toolchain/bin/../lib/gcc/avr/4.5.1/../../../../avr/lib/avr51\libc.a(ultoa_invert.o)
                                0x48c (size before relaxing)

.stabstr        0x00000000      0x26b
 *(.stabstr)
 .stabstr       0x00000000      0x26b c:/program files (x86)/atmel/avr studio 5.0/extensions/application/avr toolchain/bin/../lib/gcc/avr/4.5.1/../../../../avr/lib/avr51/crtusb1286.o

.stab.excl
 *(.stab.excl)

.stab.exclstr
 *(.stab.exclstr)

.stab.index
 *(.stab.index)

.stab.indexstr
 *(.stab.indexstr)

.comment
 *(.comment)

.debug
 *(.debug)

.line
 *(.line)

.debug_srcinfo
 *(.debug_srcinfo)

.debug_sfnames
 *(.debug_sfnames)

.debug_aranges  0x00000000      0x3b0
 *(.debug_aranges)
 .debug_aranges
                0x00000000       0x68 AudioInputHost.o
 .debug_aranges
                0x00000068       0x38 ConfigDescriptor.o
 .debug_aranges
                0x000000a0       0x58 ../../../../LUFA/Drivers/USB/Core/AVR8/Host_AVR8.o
 .debug_aranges
                0x000000f8       0x38 ../../../../LUFA/Drivers/USB/Core/AVR8/Pipe_AVR8.o
 .debug_aranges
                0x00000130       0x30 ../../../../LUFA/Drivers/USB/Core/AVR8/USBController_AVR8.o
 .debug_aranges
                0x00000160       0x30 ../../../../LUFA/Drivers/USB/Core/AVR8/USBInterrupt_AVR8.o
 .debug_aranges
                0x00000190       0x78 ../../../../LUFA/Drivers/USB/Core/AVR8/PipeStream_AVR8.o
 .debug_aranges
                0x00000208       0x40 ../../../../LUFA/Drivers/USB/Core/ConfigDescriptor.o
 .debug_aranges
                0x00000248       0x20 ../../../../LUFA/Drivers/USB/Core/Events.o
 .debug_aranges
                0x00000268       0x28 ../../../../LUFA/Drivers/USB/Core/HostStandardReq.o
 .debug_aranges
                0x00000290       0x20 ../../../../LUFA/Drivers/USB/Core/USBTask.o
 .debug_aranges
                0x000002b0       0x38 ../../../../LUFA/Drivers/USB/Class/Common/HIDParser.o
 .debug_aranges
                0x000002e8       0x48 ../../../../LUFA/Drivers/Peripheral/AVR8/Serial_AVR8.o
 .debug_aranges
                0x00000330       0x20 c:/program files (x86)/atmel/avr studio 5.0/extensions/application/avr toolchain/bin/../lib/gcc/avr/4.5.1/../../../../avr/lib/avr51\libc.a(printf_p.o)
 .debug_aranges
                0x00000350       0x20 c:/program files (x86)/atmel/avr studio 5.0/extensions/application/avr toolchain/bin/../lib/gcc/avr/4.5.1/../../../../avr/lib/avr51\libc.a(puts_p.o)
 .debug_aranges
                0x00000370       0x20 c:/program files (x86)/atmel/avr studio 5.0/extensions/application/avr toolchain/bin/../lib/gcc/avr/4.5.1/../../../../avr/lib/avr51\libc.a(vfprintf_std.o)
 .debug_aranges
                0x00000390       0x20 c:/program files (x86)/atmel/avr studio 5.0/extensions/application/avr toolchain/bin/../lib/gcc/avr/4.5.1/../../../../avr/lib/avr51\libc.a(fputc.o)

.debug_pubnames
                0x00000000      0x89a
 *(.debug_pubnames)
 .debug_pubnames
                0x00000000      0x107 AudioInputHost.o
 .debug_pubnames
                0x00000107       0xff ConfigDescriptor.o
 .debug_pubnames
                0x00000206       0xf4 ../../../../LUFA/Drivers/USB/Core/AVR8/Host_AVR8.o
 .debug_pubnames
                0x000002fa       0x86 ../../../../LUFA/Drivers/USB/Core/AVR8/Pipe_AVR8.o
 .debug_pubnames
                0x00000380       0x46 ../../../../LUFA/Drivers/USB/Core/AVR8/USBController_AVR8.o
 .debug_pubnames
                0x000003c6       0x62 ../../../../LUFA/Drivers/USB/Core/AVR8/USBInterrupt_AVR8.o
 .debug_pubnames
                0x00000428      0x13b ../../../../LUFA/Drivers/USB/Core/AVR8/PipeStream_AVR8.o
 .debug_pubnames
                0x00000563       0xc2 ../../../../LUFA/Drivers/USB/Core/ConfigDescriptor.o
 .debug_pubnames
                0x00000625       0x25 ../../../../LUFA/Drivers/USB/Core/Events.o
 .debug_pubnames
                0x0000064a       0x32 ../../../../LUFA/Drivers/USB/Core/HostStandardReq.o
 .debug_pubnames
                0x0000067c       0x61 ../../../../LUFA/Drivers/USB/Core/USBTask.o
 .debug_pubnames
                0x000006dd       0x7e ../../../../LUFA/Drivers/USB/Class/Common/HIDParser.o
 .debug_pubnames
                0x0000075b       0xac ../../../../LUFA/Drivers/Peripheral/AVR8/Serial_AVR8.o
 .debug_pubnames
                0x00000807       0x1c c:/program files (x86)/atmel/avr studio 5.0/extensions/application/avr toolchain/bin/../lib/gcc/avr/4.5.1/../../../../avr/lib/avr51\libc.a(iob.o)
 .debug_pubnames
                0x00000823       0x1f c:/program files (x86)/atmel/avr studio 5.0/extensions/application/avr toolchain/bin/../lib/gcc/avr/4.5.1/../../../../avr/lib/avr51\libc.a(printf_p.o)
 .debug_pubnames
                0x00000842       0x1d c:/program files (x86)/atmel/avr studio 5.0/extensions/application/avr toolchain/bin/../lib/gcc/avr/4.5.1/../../../../avr/lib/avr51\libc.a(puts_p.o)
 .debug_pubnames
                0x0000085f       0x1f c:/program files (x86)/atmel/avr studio 5.0/extensions/application/avr toolchain/bin/../lib/gcc/avr/4.5.1/../../../../avr/lib/avr51\libc.a(vfprintf_std.o)
 .debug_pubnames
                0x0000087e       0x1c c:/program files (x86)/atmel/avr studio 5.0/extensions/application/avr toolchain/bin/../lib/gcc/avr/4.5.1/../../../../avr/lib/avr51\libc.a(fputc.o)

.debug_info     0x00000000     0x56c7
 *(.debug_info)
 .debug_info    0x00000000      0x81f AudioInputHost.o
 .debug_info    0x0000081f      0x5dd ConfigDescriptor.o
 .debug_info    0x00000dfc        0x0 ../../../../LUFA/Drivers/USB/Core/AVR8/Device_AVR8.o
 .debug_info    0x00000dfc        0x0 ../../../../LUFA/Drivers/USB/Core/AVR8/Endpoint_AVR8.o
 .debug_info    0x00000dfc      0xc19 ../../../../LUFA/Drivers/USB/Core/AVR8/Host_AVR8.o
 .debug_info    0x00001a15      0x5b1 ../../../../LUFA/Drivers/USB/Core/AVR8/Pipe_AVR8.o
 .debug_info    0x00001fc6      0x409 ../../../../LUFA/Drivers/USB/Core/AVR8/USBController_AVR8.o
 .debug_info    0x000023cf      0x495 ../../../../LUFA/Drivers/USB/Core/AVR8/USBInterrupt_AVR8.o
 .debug_info    0x00002864        0x0 ../../../../LUFA/Drivers/USB/Core/AVR8/EndpointStream_AVR8.o
 .debug_info    0x00002864      0xac6 ../../../../LUFA/Drivers/USB/Core/AVR8/PipeStream_AVR8.o
 .debug_info    0x0000332a      0x642 ../../../../LUFA/Drivers/USB/Core/ConfigDescriptor.o
 .debug_info    0x0000396c        0x0 ../../../../LUFA/Drivers/USB/Core/DeviceStandardReq.o
 .debug_info    0x0000396c       0x85 ../../../../LUFA/Drivers/USB/Core/Events.o
 .debug_info    0x000039f1      0x62a ../../../../LUFA/Drivers/USB/Core/HostStandardReq.o
 .debug_info    0x0000401b      0x1e8 ../../../../LUFA/Drivers/USB/Core/USBTask.o
 .debug_info    0x00004203      0x6f9 ../../../../LUFA/Drivers/USB/Class/Common/HIDParser.o
 .debug_info    0x000048fc      0x413 ../../../../LUFA/Drivers/Peripheral/AVR8/Serial_AVR8.o
 .debug_info    0x00004d0f      0x14f c:/program files (x86)/atmel/avr studio 5.0/extensions/application/avr toolchain/bin/../lib/gcc/avr/4.5.1/../../../../avr/lib/avr51\libc.a(iob.o)
 .debug_info    0x00004e5e      0x1c6 c:/program files (x86)/atmel/avr studio 5.0/extensions/application/avr toolchain/bin/../lib/gcc/avr/4.5.1/../../../../avr/lib/avr51\libc.a(printf_p.o)
 .debug_info    0x00005024      0x1ec c:/program files (x86)/atmel/avr studio 5.0/extensions/application/avr toolchain/bin/../lib/gcc/avr/4.5.1/../../../../avr/lib/avr51\libc.a(puts_p.o)
 .debug_info    0x00005210      0x350 c:/program files (x86)/atmel/avr studio 5.0/extensions/application/avr toolchain/bin/../lib/gcc/avr/4.5.1/../../../../avr/lib/avr51\libc.a(vfprintf_std.o)
 .debug_info    0x00005560      0x167 c:/program files (x86)/atmel/avr studio 5.0/extensions/application/avr toolchain/bin/../lib/gcc/avr/4.5.1/../../../../avr/lib/avr51\libc.a(fputc.o)
 *(.gnu.linkonce.wi.*)

.debug_abbrev   0x00000000     0x1b65
 *(.debug_abbrev)
 .debug_abbrev  0x00000000      0x334 AudioInputHost.o
 .debug_abbrev  0x00000334      0x185 ConfigDescriptor.o
 .debug_abbrev  0x000004b9        0x1 ../../../../LUFA/Drivers/USB/Core/AVR8/Device_AVR8.o
 .debug_abbrev  0x000004ba        0x1 ../../../../LUFA/Drivers/USB/Core/AVR8/Endpoint_AVR8.o
 .debug_abbrev  0x000004bb      0x2f6 ../../../../LUFA/Drivers/USB/Core/AVR8/Host_AVR8.o
 .debug_abbrev  0x000007b1      0x1d9 ../../../../LUFA/Drivers/USB/Core/AVR8/Pipe_AVR8.o
 .debug_abbrev  0x0000098a      0x14d ../../../../LUFA/Drivers/USB/Core/AVR8/USBController_AVR8.o
 .debug_abbrev  0x00000ad7      0x12a ../../../../LUFA/Drivers/USB/Core/AVR8/USBInterrupt_AVR8.o
 .debug_abbrev  0x00000c01        0x1 ../../../../LUFA/Drivers/USB/Core/AVR8/EndpointStream_AVR8.o
 .debug_abbrev  0x00000c02      0x164 ../../../../LUFA/Drivers/USB/Core/AVR8/PipeStream_AVR8.o
 .debug_abbrev  0x00000d66      0x1ca ../../../../LUFA/Drivers/USB/Core/ConfigDescriptor.o
 .debug_abbrev  0x00000f30        0x1 ../../../../LUFA/Drivers/USB/Core/DeviceStandardReq.o
 .debug_abbrev  0x00000f31       0x41 ../../../../LUFA/Drivers/USB/Core/Events.o
 .debug_abbrev  0x00000f72      0x1ea ../../../../LUFA/Drivers/USB/Core/HostStandardReq.o
 .debug_abbrev  0x0000115c      0x11a ../../../../LUFA/Drivers/USB/Core/USBTask.o
 .debug_abbrev  0x00001276      0x1ec ../../../../LUFA/Drivers/USB/Class/Common/HIDParser.o
 .debug_abbrev  0x00001462      0x1d1 ../../../../LUFA/Drivers/Peripheral/AVR8/Serial_AVR8.o
 .debug_abbrev  0x00001633       0xc5 c:/program files (x86)/atmel/avr studio 5.0/extensions/application/avr toolchain/bin/../lib/gcc/avr/4.5.1/../../../../avr/lib/avr51\libc.a(iob.o)
 .debug_abbrev  0x000016f8      0x11c c:/program files (x86)/atmel/avr studio 5.0/extensions/application/avr toolchain/bin/../lib/gcc/avr/4.5.1/../../../../avr/lib/avr51\libc.a(printf_p.o)
 .debug_abbrev  0x00001814      0x119 c:/program files (x86)/atmel/avr studio 5.0/extensions/application/avr toolchain/bin/../lib/gcc/avr/4.5.1/../../../../avr/lib/avr51\libc.a(puts_p.o)
 .debug_abbrev  0x0000192d      0x15f c:/program files (x86)/atmel/avr studio 5.0/extensions/application/avr toolchain/bin/../lib/gcc/avr/4.5.1/../../../../avr/lib/avr51\libc.a(vfprintf_std.o)
 .debug_abbrev  0x00001a8c       0xd9 c:/program files (x86)/atmel/avr studio 5.0/extensions/application/avr toolchain/bin/../lib/gcc/avr/4.5.1/../../../../avr/lib/avr51\libc.a(fputc.o)

.debug_line     0x00000000     0x53bf
 *(.debug_line)
 .debug_line    0x00000000      0x725 AudioInputHost.o
 .debug_line    0x00000725      0x3df ConfigDescriptor.o
 .debug_line    0x00000b04       0x24 ../../../../LUFA/Drivers/USB/Core/AVR8/Device_AVR8.o
 .debug_line    0x00000b28       0x24 ../../../../LUFA/Drivers/USB/Core/AVR8/Endpoint_AVR8.o
 .debug_line    0x00000b4c      0xa69 ../../../../LUFA/Drivers/USB/Core/AVR8/Host_AVR8.o
 .debug_line    0x000015b5      0x5f9 ../../../../LUFA/Drivers/USB/Core/AVR8/Pipe_AVR8.o
 .debug_line    0x00001bae      0x3f1 ../../../../LUFA/Drivers/USB/Core/AVR8/USBController_AVR8.o
 .debug_line    0x00001f9f      0x464 ../../../../LUFA/Drivers/USB/Core/AVR8/USBInterrupt_AVR8.o
 .debug_line    0x00002403       0x24 ../../../../LUFA/Drivers/USB/Core/AVR8/EndpointStream_AVR8.o
 .debug_line    0x00002427      0xcf7 ../../../../LUFA/Drivers/USB/Core/AVR8/PipeStream_AVR8.o
 .debug_line    0x0000311e      0x3e3 ../../../../LUFA/Drivers/USB/Core/ConfigDescriptor.o
 .debug_line    0x00003501       0x24 ../../../../LUFA/Drivers/USB/Core/DeviceStandardReq.o
 .debug_line    0x00003525       0x86 ../../../../LUFA/Drivers/USB/Core/Events.o
 .debug_line    0x000035ab      0x5f5 ../../../../LUFA/Drivers/USB/Core/HostStandardReq.o
 .debug_line    0x00003ba0      0x1e4 ../../../../LUFA/Drivers/USB/Core/USBTask.o
 .debug_line    0x00003d84      0x7b0 ../../../../LUFA/Drivers/USB/Class/Common/HIDParser.o
 .debug_line    0x00004534      0x326 ../../../../LUFA/Drivers/Peripheral/AVR8/Serial_AVR8.o
 .debug_line    0x0000485a       0xe5 c:/program files (x86)/atmel/avr studio 5.0/extensions/application/avr toolchain/bin/../lib/gcc/avr/4.5.1/../../../../avr/lib/avr51\libc.a(iob.o)
 .debug_line    0x0000493f      0x1a4 c:/program files (x86)/atmel/avr studio 5.0/extensions/application/avr toolchain/bin/../lib/gcc/avr/4.5.1/../../../../avr/lib/avr51\libc.a(printf_p.o)
 .debug_line    0x00004ae3      0x142 c:/program files (x86)/atmel/avr studio 5.0/extensions/application/avr toolchain/bin/../lib/gcc/avr/4.5.1/../../../../avr/lib/avr51\libc.a(puts_p.o)
 .debug_line    0x00004c25      0x659 c:/program files (x86)/atmel/avr studio 5.0/extensions/application/avr toolchain/bin/../lib/gcc/avr/4.5.1/../../../../avr/lib/avr51\libc.a(vfprintf_std.o)
 .debug_line    0x0000527e      0x141 c:/program files (x86)/atmel/avr studio 5.0/extensions/application/avr toolchain/bin/../lib/gcc/avr/4.5.1/../../../../avr/lib/avr51\libc.a(fputc.o)

.debug_frame    0x00000000      0x540
 *(.debug_frame)
 .debug_frame   0x00000000       0xb0 AudioInputHost.o
 .debug_frame   0x000000b0       0x50 ConfigDescriptor.o
 .debug_frame   0x00000100       0x90 ../../../../LUFA/Drivers/USB/Core/AVR8/Host_AVR8.o
 .debug_frame   0x00000190       0x50 ../../../../LUFA/Drivers/USB/Core/AVR8/Pipe_AVR8.o
 .debug_frame   0x000001e0       0x40 ../../../../LUFA/Drivers/USB/Core/AVR8/USBController_AVR8.o
 .debug_frame   0x00000220       0x40 ../../../../LUFA/Drivers/USB/Core/AVR8/USBInterrupt_AVR8.o
 .debug_frame   0x00000260       0xd0 ../../../../LUFA/Drivers/USB/Core/AVR8/PipeStream_AVR8.o
 .debug_frame   0x00000330       0x60 ../../../../LUFA/Drivers/USB/Core/ConfigDescriptor.o
 .debug_frame   0x00000390       0x20 ../../../../LUFA/Drivers/USB/Core/Events.o
 .debug_frame   0x000003b0       0x30 ../../../../LUFA/Drivers/USB/Core/HostStandardReq.o
 .debug_frame   0x000003e0       0x20 ../../../../LUFA/Drivers/USB/Core/USBTask.o
 .debug_frame   0x00000400       0x50 ../../../../LUFA/Drivers/USB/Class/Common/HIDParser.o
 .debug_frame   0x00000450       0x70 ../../../../LUFA/Drivers/Peripheral/AVR8/Serial_AVR8.o
 .debug_frame   0x000004c0       0x20 c:/program files (x86)/atmel/avr studio 5.0/extensions/application/avr toolchain/bin/../lib/gcc/avr/4.5.1/../../../../avr/lib/avr51\libc.a(printf_p.o)
 .debug_frame   0x000004e0       0x20 c:/program files (x86)/atmel/avr studio 5.0/extensions/application/avr toolchain/bin/../lib/gcc/avr/4.5.1/../../../../avr/lib/avr51\libc.a(puts_p.o)
 .debug_frame   0x00000500       0x20 c:/program files (x86)/atmel/avr studio 5.0/extensions/application/avr toolchain/bin/../lib/gcc/avr/4.5.1/../../../../avr/lib/avr51\libc.a(vfprintf_std.o)
 .debug_frame   0x00000520       0x20 c:/program files (x86)/atmel/avr studio 5.0/extensions/application/avr toolchain/bin/../lib/gcc/avr/4.5.1/../../../../avr/lib/avr51\libc.a(fputc.o)

.debug_str      0x00000000     0x26bf
 *(.debug_str)
 .debug_str     0x00000000      0x830 AudioInputHost.o
                                0x8aa (size before relaxing)
 .debug_str     0x00000830      0x53e ConfigDescriptor.o
                                0x7d0 (size before relaxing)
 .debug_str     0x00000d6e      0x6cc ../../../../LUFA/Drivers/USB/Core/AVR8/Host_AVR8.o
                                0xbc8 (size before relaxing)
 .debug_str     0x0000143a      0x269 ../../../../LUFA/Drivers/USB/Core/AVR8/Pipe_AVR8.o
                                0x5b7 (size before relaxing)
 .debug_str     0x000016a3      0x16d ../../../../LUFA/Drivers/USB/Core/AVR8/USBController_AVR8.o
                                0x516 (size before relaxing)
 .debug_str     0x00001810       0xaf ../../../../LUFA/Drivers/USB/Core/AVR8/USBInterrupt_AVR8.o
                                0x4f5 (size before relaxing)
 .debug_str     0x000018bf      0x260 ../../../../LUFA/Drivers/USB/Core/AVR8/PipeStream_AVR8.o
                                0x3a4 (size before relaxing)
 .debug_str     0x00001b1f      0x234 ../../../../LUFA/Drivers/USB/Core/ConfigDescriptor.o
                                0x81e (size before relaxing)
 .debug_str     0x00001d53       0x3a ../../../../LUFA/Drivers/USB/Core/Events.o
                                0x11f (size before relaxing)
 .debug_str     0x00001d8d      0x15b ../../../../LUFA/Drivers/USB/Core/HostStandardReq.o
                                0x519 (size before relaxing)
 .debug_str     0x00001ee8       0x45 ../../../../LUFA/Drivers/USB/Core/USBTask.o
                                0x1ee (size before relaxing)
 .debug_str     0x00001f2d      0x487 ../../../../LUFA/Drivers/USB/Class/Common/HIDParser.o
                                0x60d (size before relaxing)
 .debug_str     0x000023b4       0xfd ../../../../LUFA/Drivers/Peripheral/AVR8/Serial_AVR8.o
                                0x26d (size before relaxing)
 .debug_str     0x000024b1       0x4b c:/program files (x86)/atmel/avr studio 5.0/extensions/application/avr toolchain/bin/../lib/gcc/avr/4.5.1/../../../../avr/lib/avr51\libc.a(iob.o)
                                 0xef (size before relaxing)
 .debug_str     0x000024fc       0x7a c:/program files (x86)/atmel/avr studio 5.0/extensions/application/avr toolchain/bin/../lib/gcc/avr/4.5.1/../../../../avr/lib/avr51\libc.a(printf_p.o)
                                0x126 (size before relaxing)
 .debug_str     0x00002576       0x55 c:/program files (x86)/atmel/avr studio 5.0/extensions/application/avr toolchain/bin/../lib/gcc/avr/4.5.1/../../../../avr/lib/avr51\libc.a(puts_p.o)
                                0x120 (size before relaxing)
 .debug_str     0x000025cb       0xa1 c:/program files (x86)/atmel/avr studio 5.0/extensions/application/avr toolchain/bin/../lib/gcc/avr/4.5.1/../../../../avr/lib/avr51\libc.a(vfprintf_std.o)
                                0x174 (size before relaxing)
 .debug_str     0x0000266c       0x53 c:/program files (x86)/atmel/avr studio 5.0/extensions/application/avr toolchain/bin/../lib/gcc/avr/4.5.1/../../../../avr/lib/avr51\libc.a(fputc.o)
                                 0xf8 (size before relaxing)

.debug_loc      0x00000000     0x3422
 *(.debug_loc)
 .debug_loc     0x00000000       0xff AudioInputHost.o
 .debug_loc     0x000000ff      0x280 ConfigDescriptor.o
 .debug_loc     0x0000037f      0x3de ../../../../LUFA/Drivers/USB/Core/AVR8/Host_AVR8.o
 .debug_loc     0x0000075d      0x400 ../../../../LUFA/Drivers/USB/Core/AVR8/Pipe_AVR8.o
 .debug_loc     0x00000b5d       0x13 ../../../../LUFA/Drivers/USB/Core/AVR8/USBController_AVR8.o
 .debug_loc     0x00000b70      0x118 ../../../../LUFA/Drivers/USB/Core/AVR8/USBInterrupt_AVR8.o
 .debug_loc     0x00000c88      0xfe0 ../../../../LUFA/Drivers/USB/Core/AVR8/PipeStream_AVR8.o
 .debug_loc     0x00001c68      0x365 ../../../../LUFA/Drivers/USB/Core/ConfigDescriptor.o
 .debug_loc     0x00001fcd      0x2c5 ../../../../LUFA/Drivers/USB/Core/HostStandardReq.o
 .debug_loc     0x00002292       0x1f ../../../../LUFA/Drivers/USB/Core/USBTask.o
 .debug_loc     0x000022b1      0x832 ../../../../LUFA/Drivers/USB/Class/Common/HIDParser.o
 .debug_loc     0x00002ae3      0x15e ../../../../LUFA/Drivers/Peripheral/AVR8/Serial_AVR8.o
 .debug_loc     0x00002c41       0xe0 c:/program files (x86)/atmel/avr studio 5.0/extensions/application/avr toolchain/bin/../lib/gcc/avr/4.5.1/../../../../avr/lib/avr51\libc.a(puts_p.o)
 .debug_loc     0x00002d21      0x6b1 c:/program files (x86)/atmel/avr studio 5.0/extensions/application/avr toolchain/bin/../lib/gcc/avr/4.5.1/../../../../avr/lib/avr51\libc.a(vfprintf_std.o)
 .debug_loc     0x000033d2       0x50 c:/program files (x86)/atmel/avr studio 5.0/extensions/application/avr toolchain/bin/../lib/gcc/avr/4.5.1/../../../../avr/lib/avr51\libc.a(fputc.o)

.debug_macinfo
 *(.debug_macinfo)
OUTPUT(AudioInputHost.elf elf32-avr)
LOAD linker stubs

.debug_pubtypes
                0x00000000      0xa86
 .debug_pubtypes
                0x00000000      0x117 AudioInputHost.o
 .debug_pubtypes
                0x00000117      0x179 ConfigDescriptor.o
 .debug_pubtypes
                0x00000290      0x146 ../../../../LUFA/Drivers/USB/Core/AVR8/Host_AVR8.o
 .debug_pubtypes
                0x000003d6       0x66 ../../../../LUFA/Drivers/USB/Core/AVR8/Pipe_AVR8.o
 .debug_pubtypes
                0x0000043c       0x59 ../../../../LUFA/Drivers/USB/Core/AVR8/USBController_AVR8.o
 .debug_pubtypes
                0x00000495       0x88 ../../../../LUFA/Drivers/USB/Core/AVR8/USBInterrupt_AVR8.o
 .debug_pubtypes
                0x0000051d       0x4b ../../../../LUFA/Drivers/USB/Core/AVR8/PipeStream_AVR8.o
 .debug_pubtypes
                0x00000568      0x17e ../../../../LUFA/Drivers/USB/Core/ConfigDescriptor.o
 .debug_pubtypes
                0x000006e6       0x12 ../../../../LUFA/Drivers/USB/Core/Events.o
 .debug_pubtypes
                0x000006f8       0xa0 ../../../../LUFA/Drivers/USB/Core/HostStandardReq.o
 .debug_pubtypes
                0x00000798       0x44 ../../../../LUFA/Drivers/USB/Core/USBTask.o
 .debug_pubtypes
                0x000007dc      0x145 ../../../../LUFA/Drivers/USB/Class/Common/HIDParser.o
 .debug_pubtypes
                0x00000921       0x42 ../../../../LUFA/Drivers/Peripheral/AVR8/Serial_AVR8.o
 .debug_pubtypes
                0x00000963       0x29 c:/program files (x86)/atmel/avr studio 5.0/extensions/application/avr toolchain/bin/../lib/gcc/avr/4.5.1/../../../../avr/lib/avr51\libc.a(iob.o)
 .debug_pubtypes
                0x0000098c       0x48 c:/program files (x86)/atmel/avr studio 5.0/extensions/application/avr toolchain/bin/../lib/gcc/avr/4.5.1/../../../../avr/lib/avr51\libc.a(printf_p.o)
 .debug_pubtypes
                0x000009d4       0x36 c:/program files (x86)/atmel/avr studio 5.0/extensions/application/avr toolchain/bin/../lib/gcc/avr/4.5.1/../../../../avr/lib/avr51\libc.a(puts_p.o)
 .debug_pubtypes
                0x00000a0a       0x53 c:/program files (x86)/atmel/avr studio 5.0/extensions/application/avr toolchain/bin/../lib/gcc/avr/4.5.1/../../../../avr/lib/avr51\libc.a(vfprintf_std.o)
 .debug_pubtypes
                0x00000a5d       0x29 c:/program files (x86)/atmel/avr studio 5.0/extensions/application/avr toolchain/bin/../lib/gcc/avr/4.5.1/../../../../avr/lib/avr51\libc.a(fputc.o)

.debug_ranges   0x00000000      0x490
 .debug_ranges  0x00000000       0x58 AudioInputHost.o
 .debug_ranges  0x00000058       0x58 ConfigDescriptor.o
 .debug_ranges  0x000000b0       0x60 ../../../../LUFA/Drivers/USB/Core/AVR8/Host_AVR8.o
 .debug_ranges  0x00000110       0xb0 ../../../../LUFA/Drivers/USB/Core/AVR8/Pipe_AVR8.o
 .debug_ranges  0x000001c0       0x20 ../../../../LUFA/Drivers/USB/Core/AVR8/USBController_AVR8.o
 .debug_ranges  0x000001e0       0x20 ../../../../LUFA/Drivers/USB/Core/AVR8/USBInterrupt_AVR8.o
 .debug_ranges  0x00000200       0x68 ../../../../LUFA/Drivers/USB/Core/AVR8/PipeStream_AVR8.o
 .debug_ranges  0x00000268       0x30 ../../../../LUFA/Drivers/USB/Core/ConfigDescriptor.o
 .debug_ranges  0x00000298       0x10 ../../../../LUFA/Drivers/USB/Core/Events.o
 .debug_ranges  0x000002a8       0x30 ../../../../LUFA/Drivers/USB/Core/HostStandardReq.o
 .debug_ranges  0x000002d8       0x10 ../../../../LUFA/Drivers/USB/Core/USBTask.o
 .debug_ranges  0x000002e8      0x100 ../../../../LUFA/Drivers/USB/Class/Common/HIDParser.o
 .debug_ranges  0x000003e8       0x50 ../../../../LUFA/Drivers/Peripheral/AVR8/Serial_AVR8.o
 .debug_ranges  0x00000438       0x10 c:/program files (x86)/atmel/avr studio 5.0/extensions/application/avr toolchain/bin/../lib/gcc/avr/4.5.1/../../../../avr/lib/avr51\libc.a(printf_p.o)
 .debug_ranges  0x00000448       0x10 c:/program files (x86)/atmel/avr studio 5.0/extensions/application/avr toolchain/bin/../lib/gcc/avr/4.5.1/../../../../avr/lib/avr51\libc.a(puts_p.o)
 .debug_ranges  0x00000458       0x28 c:/program files (x86)/atmel/avr studio 5.0/extensions/application/avr toolchain/bin/../lib/gcc/avr/4.5.1/../../../../avr/lib/avr51\libc.a(vfprintf_std.o)
 .debug_ranges  0x00000480       0x10 c:/program files (x86)/atmel/avr studio 5.0/extensions/application/avr toolchain/bin/../lib/gcc/avr/4.5.1/../../../../avr/lib/avr51\libc.a(fputc.o)

Cross Reference Table

Symbol                                            File
Audio_Task                                        AudioInputHost.o
CALLBACK_HIDParser_FilterHIDReportItem            ../../../../LUFA/Drivers/USB/Class/Common/HIDParser.o
DComp_NextAudioControlInterface                   ConfigDescriptor.o
DComp_NextAudioInterfaceDataEndpoint              ConfigDescriptor.o
DComp_NextAudioStreamInterface                    ConfigDescriptor.o
EVENT_USB_Host_DeviceAttached                     AudioInputHost.o
                                                  ../../../../LUFA/Drivers/USB/Core/AVR8/USBInterrupt_AVR8.o
EVENT_USB_Host_DeviceEnumerationComplete          AudioInputHost.o
                                                  ../../../../LUFA/Drivers/USB/Core/AVR8/Host_AVR8.o
EVENT_USB_Host_DeviceEnumerationFailed            AudioInputHost.o
                                                  ../../../../LUFA/Drivers/USB/Core/AVR8/USBInterrupt_AVR8.o
                                                  ../../../../LUFA/Drivers/USB/Core/AVR8/Host_AVR8.o
EVENT_USB_Host_DeviceUnattached                   AudioInputHost.o
                                                  ../../../../LUFA/Drivers/USB/Core/AVR8/USBInterrupt_AVR8.o
                                                  ../../../../LUFA/Drivers/USB/Core/AVR8/Host_AVR8.o
EVENT_USB_Host_HostError                          AudioInputHost.o
                                                  ../../../../LUFA/Drivers/USB/Core/AVR8/USBInterrupt_AVR8.o
EVENT_USB_Host_StartOfFrame                       ../../../../LUFA/Drivers/USB/Core/Events.o
                                                  ../../../../LUFA/Drivers/USB/Core/AVR8/USBInterrupt_AVR8.o
Pipe_ClearPipes                                   ../../../../LUFA/Drivers/USB/Core/AVR8/Pipe_AVR8.o
                                                  ../../../../LUFA/Drivers/USB/Core/AVR8/Host_AVR8.o
Pipe_ConfigurePipe                                ../../../../LUFA/Drivers/USB/Core/AVR8/Pipe_AVR8.o
                                                  ../../../../LUFA/Drivers/USB/Core/AVR8/Host_AVR8.o
                                                  ConfigDescriptor.o
Pipe_Discard_Stream                               ../../../../LUFA/Drivers/USB/Core/AVR8/PipeStream_AVR8.o
Pipe_IsEndpointBound                              ../../../../LUFA/Drivers/USB/Core/AVR8/Pipe_AVR8.o
Pipe_Null_Stream                                  ../../../../LUFA/Drivers/USB/Core/AVR8/PipeStream_AVR8.o
Pipe_Read_EStream_BE                              ../../../../LUFA/Drivers/USB/Core/AVR8/PipeStream_AVR8.o
Pipe_Read_EStream_LE                              ../../../../LUFA/Drivers/USB/Core/AVR8/PipeStream_AVR8.o
Pipe_Read_Stream_BE                               ../../../../LUFA/Drivers/USB/Core/AVR8/PipeStream_AVR8.o
Pipe_Read_Stream_LE                               ../../../../LUFA/Drivers/USB/Core/AVR8/PipeStream_AVR8.o
Pipe_WaitUntilReady                               ../../../../LUFA/Drivers/USB/Core/AVR8/Pipe_AVR8.o
                                                  ../../../../LUFA/Drivers/USB/Core/AVR8/PipeStream_AVR8.o
Pipe_Write_EStream_BE                             ../../../../LUFA/Drivers/USB/Core/AVR8/PipeStream_AVR8.o
Pipe_Write_EStream_LE                             ../../../../LUFA/Drivers/USB/Core/AVR8/PipeStream_AVR8.o
Pipe_Write_PStream_BE                             ../../../../LUFA/Drivers/USB/Core/AVR8/PipeStream_AVR8.o
Pipe_Write_PStream_LE                             ../../../../LUFA/Drivers/USB/Core/AVR8/PipeStream_AVR8.o
Pipe_Write_Stream_BE                              ../../../../LUFA/Drivers/USB/Core/AVR8/PipeStream_AVR8.o
Pipe_Write_Stream_LE                              ../../../../LUFA/Drivers/USB/Core/AVR8/PipeStream_AVR8.o
ProcessConfigurationDescriptor                    ConfigDescriptor.o
                                                  AudioInputHost.o
Serial_SendData                                   ../../../../LUFA/Drivers/Peripheral/AVR8/Serial_AVR8.o
Serial_SendString                                 ../../../../LUFA/Drivers/Peripheral/AVR8/Serial_AVR8.o
Serial_SendString_P                               ../../../../LUFA/Drivers/Peripheral/AVR8/Serial_AVR8.o
Serial_getchar                                    ../../../../LUFA/Drivers/Peripheral/AVR8/Serial_AVR8.o
                                                  AudioInputHost.o
Serial_getchar_Blocking                           ../../../../LUFA/Drivers/Peripheral/AVR8/Serial_AVR8.o
Serial_putchar                                    ../../../../LUFA/Drivers/Peripheral/AVR8/Serial_AVR8.o
                                                  AudioInputHost.o
SetupHardware                                     AudioInputHost.o
StreamingEndpointAddress                          ConfigDescriptor.o
                                                  AudioInputHost.o
StreamingInterfaceAltSetting                      ConfigDescriptor.o
                                                  AudioInputHost.o
StreamingInterfaceIndex                           ConfigDescriptor.o
                                                  AudioInputHost.o
USARTSerialStream                                 ../../../../LUFA/Drivers/Peripheral/AVR8/Serial_AVR8.o
                                                  AudioInputHost.o
USB_ControlPipeSize                               ../../../../LUFA/Drivers/USB/Core/AVR8/Pipe_AVR8.o
                                                  ../../../../LUFA/Drivers/USB/Core/HostStandardReq.o
                                                  ../../../../LUFA/Drivers/USB/Core/AVR8/USBController_AVR8.o
                                                  ../../../../LUFA/Drivers/USB/Core/AVR8/Host_AVR8.o
USB_ControlRequest                                ../../../../LUFA/Drivers/USB/Core/USBTask.o
                                                  ../../../../LUFA/Drivers/USB/Core/HostStandardReq.o
                                                  ../../../../LUFA/Drivers/USB/Core/ConfigDescriptor.o
                                                  ../../../../LUFA/Drivers/USB/Core/AVR8/Host_AVR8.o
                                                  AudioInputHost.o
USB_Disable                                       ../../../../LUFA/Drivers/USB/Core/AVR8/USBController_AVR8.o
                                                  AudioInputHost.o
USB_Event_Stub                                    ../../../../LUFA/Drivers/USB/Core/Events.o
USB_GetHIDReportItemInfo                          ../../../../LUFA/Drivers/USB/Class/Common/HIDParser.o
USB_GetHIDReportSize                              ../../../../LUFA/Drivers/USB/Class/Common/HIDParser.o
USB_GetNextDescriptorComp                         ../../../../LUFA/Drivers/USB/Core/ConfigDescriptor.o
                                                  ConfigDescriptor.o
USB_GetNextDescriptorOfType                       ../../../../LUFA/Drivers/USB/Core/ConfigDescriptor.o
USB_GetNextDescriptorOfTypeAfter                  ../../../../LUFA/Drivers/USB/Core/ConfigDescriptor.o
USB_GetNextDescriptorOfTypeBefore                 ../../../../LUFA/Drivers/USB/Core/ConfigDescriptor.o
USB_HostState                                     ../../../../LUFA/Drivers/USB/Core/USBTask.o
                                                  ../../../../LUFA/Drivers/USB/Core/AVR8/USBInterrupt_AVR8.o
                                                  ../../../../LUFA/Drivers/USB/Core/AVR8/USBController_AVR8.o
                                                  ../../../../LUFA/Drivers/USB/Core/AVR8/Pipe_AVR8.o
                                                  ../../../../LUFA/Drivers/USB/Core/AVR8/Host_AVR8.o
                                                  AudioInputHost.o
USB_Host_ClearPipeStall                           ../../../../LUFA/Drivers/USB/Core/AVR8/Host_AVR8.o
USB_Host_GetDeviceConfigDescriptor                ../../../../LUFA/Drivers/USB/Core/ConfigDescriptor.o
                                                  ConfigDescriptor.o
USB_Host_GetDeviceDescriptor                      ../../../../LUFA/Drivers/USB/Core/AVR8/Host_AVR8.o
USB_Host_GetDeviceStringDescriptor                ../../../../LUFA/Drivers/USB/Core/AVR8/Host_AVR8.o
USB_Host_ProcessNextHostState                     ../../../../LUFA/Drivers/USB/Core/AVR8/Host_AVR8.o
                                                  ../../../../LUFA/Drivers/USB/Core/USBTask.o
USB_Host_SendControlRequest                       ../../../../LUFA/Drivers/USB/Core/HostStandardReq.o
                                                  ../../../../LUFA/Drivers/USB/Core/ConfigDescriptor.o
                                                  ../../../../LUFA/Drivers/USB/Core/AVR8/Host_AVR8.o
                                                  AudioInputHost.o
USB_Host_SetDeviceConfiguration                   ../../../../LUFA/Drivers/USB/Core/AVR8/Host_AVR8.o
                                                  AudioInputHost.o
USB_Host_SetInterfaceAltSetting                   ../../../../LUFA/Drivers/USB/Core/AVR8/Host_AVR8.o
                                                  AudioInputHost.o
USB_Host_WaitMS                                   ../../../../LUFA/Drivers/USB/Core/AVR8/Host_AVR8.o
                                                  ../../../../LUFA/Drivers/USB/Core/HostStandardReq.o
USB_INT_ClearAllInterrupts                        ../../../../LUFA/Drivers/USB/Core/AVR8/USBInterrupt_AVR8.o
                                                  ../../../../LUFA/Drivers/USB/Core/AVR8/USBController_AVR8.o
USB_INT_DisableAllInterrupts                      ../../../../LUFA/Drivers/USB/Core/AVR8/USBInterrupt_AVR8.o
                                                  ../../../../LUFA/Drivers/USB/Core/AVR8/USBController_AVR8.o
USB_Init                                          ../../../../LUFA/Drivers/USB/Core/AVR8/USBController_AVR8.o
                                                  AudioInputHost.o
USB_IsInitialized                                 ../../../../LUFA/Drivers/USB/Core/USBTask.o
                                                  ../../../../LUFA/Drivers/USB/Core/AVR8/USBController_AVR8.o
USB_ProcessHIDReport                              ../../../../LUFA/Drivers/USB/Class/Common/HIDParser.o
USB_ResetInterface                                ../../../../LUFA/Drivers/USB/Core/AVR8/USBController_AVR8.o
                                                  ../../../../LUFA/Drivers/USB/Core/AVR8/USBInterrupt_AVR8.o
                                                  ../../../../LUFA/Drivers/USB/Core/AVR8/Host_AVR8.o
USB_SetHIDReportItemInfo                          ../../../../LUFA/Drivers/USB/Class/Common/HIDParser.o
USB_USBTask                                       ../../../../LUFA/Drivers/USB/Core/USBTask.o
                                                  ../../../../LUFA/Drivers/USB/Core/AVR8/PipeStream_AVR8.o
                                                  AudioInputHost.o
__bad_interrupt                                   c:/program files (x86)/atmel/avr studio 5.0/extensions/application/avr toolchain/bin/../lib/gcc/avr/4.5.1/../../../../avr/lib/avr51/crtusb1286.o
__bss_end                                         c:/program files (x86)/atmel/avr studio 5.0/extensions/application/avr toolchain/bin/../lib/gcc/avr/4.5.1/avr51\libgcc.a(_clear_bss.o)
__bss_start                                       c:/program files (x86)/atmel/avr studio 5.0/extensions/application/avr toolchain/bin/../lib/gcc/avr/4.5.1/avr51\libgcc.a(_clear_bss.o)
__data_end                                        c:/program files (x86)/atmel/avr studio 5.0/extensions/application/avr toolchain/bin/../lib/gcc/avr/4.5.1/avr51\libgcc.a(_copy_data.o)
__data_load_start                                 c:/program files (x86)/atmel/avr studio 5.0/extensions/application/avr toolchain/bin/../lib/gcc/avr/4.5.1/avr51\libgcc.a(_copy_data.o)
__data_start                                      c:/program files (x86)/atmel/avr studio 5.0/extensions/application/avr toolchain/bin/../lib/gcc/avr/4.5.1/avr51\libgcc.a(_copy_data.o)
__do_clear_bss                                    c:/program files (x86)/atmel/avr studio 5.0/extensions/application/avr toolchain/bin/../lib/gcc/avr/4.5.1/avr51\libgcc.a(_clear_bss.o)
                                                  c:/program files (x86)/atmel/avr studio 5.0/extensions/application/avr toolchain/bin/../lib/gcc/avr/4.5.1/../../../../avr/lib/avr51\libc.a(iob.o)
                                                  ../../../../LUFA/Drivers/Peripheral/AVR8/Serial_AVR8.o
                                                  ../../../../LUFA/Drivers/USB/Core/USBTask.o
                                                  ../../../../LUFA/Drivers/USB/Core/AVR8/Host_AVR8.o
                                                  ConfigDescriptor.o
__do_copy_data                                    c:/program files (x86)/atmel/avr studio 5.0/extensions/application/avr toolchain/bin/../lib/gcc/avr/4.5.1/avr51\libgcc.a(_copy_data.o)
                                                  ../../../../LUFA/Drivers/USB/Core/AVR8/Pipe_AVR8.o
                                                  ../../../../LUFA/Drivers/USB/Core/AVR8/Host_AVR8.o
                                                  AudioInputHost.o
__eerd_byte_usb1287                               c:/program files (x86)/atmel/avr studio 5.0/extensions/application/avr toolchain/bin/../lib/gcc/avr/4.5.1/../../../../avr/lib/avr51\libc.a(eerd_byte_at90usb1287.o)
                                                  ../../../../LUFA/Drivers/USB/Core/AVR8/PipeStream_AVR8.o
__eeupd_byte_usb1287                              c:/program files (x86)/atmel/avr studio 5.0/extensions/application/avr toolchain/bin/../lib/gcc/avr/4.5.1/../../../../avr/lib/avr51\libc.a(eeupd_byte_at90usb1287.o)
                                                  ../../../../LUFA/Drivers/USB/Core/AVR8/PipeStream_AVR8.o
__eeupd_r18_usb1287                               c:/program files (x86)/atmel/avr studio 5.0/extensions/application/avr toolchain/bin/../lib/gcc/avr/4.5.1/../../../../avr/lib/avr51\libc.a(eeupd_byte_at90usb1287.o)
__heap_end                                        c:/program files (x86)/atmel/avr studio 5.0/extensions/application/avr toolchain/bin/../lib/gcc/avr/4.5.1/../../../../avr/lib/avr51/crtusb1286.o
__init                                            c:/program files (x86)/atmel/avr studio 5.0/extensions/application/avr toolchain/bin/../lib/gcc/avr/4.5.1/../../../../avr/lib/avr51/crtusb1286.o
__iob                                             c:/program files (x86)/atmel/avr studio 5.0/extensions/application/avr toolchain/bin/../lib/gcc/avr/4.5.1/../../../../avr/lib/avr51\libc.a(puts_p.o)
                                                  c:/program files (x86)/atmel/avr studio 5.0/extensions/application/avr toolchain/bin/../lib/gcc/avr/4.5.1/../../../../avr/lib/avr51\libc.a(printf_p.o)
                                                  c:/program files (x86)/atmel/avr studio 5.0/extensions/application/avr toolchain/bin/../lib/gcc/avr/4.5.1/../../../../avr/lib/avr51\libc.a(iob.o)
                                                  AudioInputHost.o
__stack                                           c:/program files (x86)/atmel/avr studio 5.0/extensions/application/avr toolchain/bin/../lib/gcc/avr/4.5.1/../../../../avr/lib/avr51/crtusb1286.o
__ultoa_invert                                    c:/program files (x86)/atmel/avr studio 5.0/extensions/application/avr toolchain/bin/../lib/gcc/avr/4.5.1/../../../../avr/lib/avr51\libc.a(ultoa_invert.o)
                                                  c:/program files (x86)/atmel/avr studio 5.0/extensions/application/avr toolchain/bin/../lib/gcc/avr/4.5.1/../../../../avr/lib/avr51\libc.a(vfprintf_std.o)
__vector_1                                        c:/program files (x86)/atmel/avr studio 5.0/extensions/application/avr toolchain/bin/../lib/gcc/avr/4.5.1/../../../../avr/lib/avr51/crtusb1286.o
__vector_10                                       ../../../../LUFA/Drivers/USB/Core/AVR8/USBInterrupt_AVR8.o
                                                  c:/program files (x86)/atmel/avr studio 5.0/extensions/application/avr toolchain/bin/../lib/gcc/avr/4.5.1/../../../../avr/lib/avr51/crtusb1286.o
__vector_11                                       c:/program files (x86)/atmel/avr studio 5.0/extensions/application/avr toolchain/bin/../lib/gcc/avr/4.5.1/../../../../avr/lib/avr51/crtusb1286.o
__vector_12                                       c:/program files (x86)/atmel/avr studio 5.0/extensions/application/avr toolchain/bin/../lib/gcc/avr/4.5.1/../../../../avr/lib/avr51/crtusb1286.o
__vector_13                                       c:/program files (x86)/atmel/avr studio 5.0/extensions/application/avr toolchain/bin/../lib/gcc/avr/4.5.1/../../../../avr/lib/avr51/crtusb1286.o
__vector_14                                       c:/program files (x86)/atmel/avr studio 5.0/extensions/application/avr toolchain/bin/../lib/gcc/avr/4.5.1/../../../../avr/lib/avr51/crtusb1286.o
__vector_15                                       c:/program files (x86)/atmel/avr studio 5.0/extensions/application/avr toolchain/bin/../lib/gcc/avr/4.5.1/../../../../avr/lib/avr51/crtusb1286.o
__vector_16                                       c:/program files (x86)/atmel/avr studio 5.0/extensions/application/avr toolchain/bin/../lib/gcc/avr/4.5.1/../../../../avr/lib/avr51/crtusb1286.o
__vector_17                                       c:/program files (x86)/atmel/avr studio 5.0/extensions/application/avr toolchain/bin/../lib/gcc/avr/4.5.1/../../../../avr/lib/avr51/crtusb1286.o
__vector_18                                       c:/program files (x86)/atmel/avr studio 5.0/extensions/application/avr toolchain/bin/../lib/gcc/avr/4.5.1/../../../../avr/lib/avr51/crtusb1286.o
__vector_19                                       c:/program files (x86)/atmel/avr studio 5.0/extensions/application/avr toolchain/bin/../lib/gcc/avr/4.5.1/../../../../avr/lib/avr51/crtusb1286.o
__vector_2                                        c:/program files (x86)/atmel/avr studio 5.0/extensions/application/avr toolchain/bin/../lib/gcc/avr/4.5.1/../../../../avr/lib/avr51/crtusb1286.o
__vector_20                                       c:/program files (x86)/atmel/avr studio 5.0/extensions/application/avr toolchain/bin/../lib/gcc/avr/4.5.1/../../../../avr/lib/avr51/crtusb1286.o
__vector_21                                       AudioInputHost.o
                                                  c:/program files (x86)/atmel/avr studio 5.0/extensions/application/avr toolchain/bin/../lib/gcc/avr/4.5.1/../../../../avr/lib/avr51/crtusb1286.o
__vector_22                                       c:/program files (x86)/atmel/avr studio 5.0/extensions/application/avr toolchain/bin/../lib/gcc/avr/4.5.1/../../../../avr/lib/avr51/crtusb1286.o
__vector_23                                       c:/program files (x86)/atmel/avr studio 5.0/extensions/application/avr toolchain/bin/../lib/gcc/avr/4.5.1/../../../../avr/lib/avr51/crtusb1286.o
__vector_24                                       c:/program files (x86)/atmel/avr studio 5.0/extensions/application/avr toolchain/bin/../lib/gcc/avr/4.5.1/../../../../avr/lib/avr51/crtusb1286.o
__vector_25                                       c:/program files (x86)/atmel/avr studio 5.0/extensions/application/avr toolchain/bin/../lib/gcc/avr/4.5.1/../../../../avr/lib/avr51/crtusb1286.o
__vector_26                                       c:/program files (x86)/atmel/avr studio 5.0/extensions/application/avr toolchain/bin/../lib/gcc/avr/4.5.1/../../../../avr/lib/avr51/crtusb1286.o
__vector_27                                       c:/program files (x86)/atmel/avr studio 5.0/extensions/application/avr toolchain/bin/../lib/gcc/avr/4.5.1/../../../../avr/lib/avr51/crtusb1286.o
__vector_28                                       c:/program files (x86)/atmel/avr studio 5.0/extensions/application/avr toolchain/bin/../lib/gcc/avr/4.5.1/../../../../avr/lib/avr51/crtusb1286.o
__vector_29                                       c:/program files (x86)/atmel/avr studio 5.0/extensions/application/avr toolchain/bin/../lib/gcc/avr/4.5.1/../../../../avr/lib/avr51/crtusb1286.o
__vector_3                                        c:/program files (x86)/atmel/avr studio 5.0/extensions/application/avr toolchain/bin/../lib/gcc/avr/4.5.1/../../../../avr/lib/avr51/crtusb1286.o
__vector_30                                       c:/program files (x86)/atmel/avr studio 5.0/extensions/application/avr toolchain/bin/../lib/gcc/avr/4.5.1/../../../../avr/lib/avr51/crtusb1286.o
__vector_31                                       c:/program files (x86)/atmel/avr studio 5.0/extensions/application/avr toolchain/bin/../lib/gcc/avr/4.5.1/../../../../avr/lib/avr51/crtusb1286.o
__vector_32                                       c:/program files (x86)/atmel/avr studio 5.0/extensions/application/avr toolchain/bin/../lib/gcc/avr/4.5.1/../../../../avr/lib/avr51/crtusb1286.o
__vector_33                                       c:/program files (x86)/atmel/avr studio 5.0/extensions/application/avr toolchain/bin/../lib/gcc/avr/4.5.1/../../../../avr/lib/avr51/crtusb1286.o
__vector_34                                       c:/program files (x86)/atmel/avr studio 5.0/extensions/application/avr toolchain/bin/../lib/gcc/avr/4.5.1/../../../../avr/lib/avr51/crtusb1286.o
__vector_35                                       c:/program files (x86)/atmel/avr studio 5.0/extensions/application/avr toolchain/bin/../lib/gcc/avr/4.5.1/../../../../avr/lib/avr51/crtusb1286.o
__vector_36                                       c:/program files (x86)/atmel/avr studio 5.0/extensions/application/avr toolchain/bin/../lib/gcc/avr/4.5.1/../../../../avr/lib/avr51/crtusb1286.o
__vector_37                                       c:/program files (x86)/atmel/avr studio 5.0/extensions/application/avr toolchain/bin/../lib/gcc/avr/4.5.1/../../../../avr/lib/avr51/crtusb1286.o
__vector_4                                        c:/program files (x86)/atmel/avr studio 5.0/extensions/application/avr toolchain/bin/../lib/gcc/avr/4.5.1/../../../../avr/lib/avr51/crtusb1286.o
__vector_5                                        c:/program files (x86)/atmel/avr studio 5.0/extensions/application/avr toolchain/bin/../lib/gcc/avr/4.5.1/../../../../avr/lib/avr51/crtusb1286.o
__vector_6                                        c:/program files (x86)/atmel/avr studio 5.0/extensions/application/avr toolchain/bin/../lib/gcc/avr/4.5.1/../../../../avr/lib/avr51/crtusb1286.o
__vector_7                                        c:/program files (x86)/atmel/avr studio 5.0/extensions/application/avr toolchain/bin/../lib/gcc/avr/4.5.1/../../../../avr/lib/avr51/crtusb1286.o
__vector_8                                        c:/program files (x86)/atmel/avr studio 5.0/extensions/application/avr toolchain/bin/../lib/gcc/avr/4.5.1/../../../../avr/lib/avr51/crtusb1286.o
__vector_9                                        c:/program files (x86)/atmel/avr studio 5.0/extensions/application/avr toolchain/bin/../lib/gcc/avr/4.5.1/../../../../avr/lib/avr51/crtusb1286.o
__vector_default                                  c:/program files (x86)/atmel/avr studio 5.0/extensions/application/avr toolchain/bin/../lib/gcc/avr/4.5.1/../../../../avr/lib/avr51/crtusb1286.o
__vectors                                         c:/program files (x86)/atmel/avr studio 5.0/extensions/application/avr toolchain/bin/../lib/gcc/avr/4.5.1/../../../../avr/lib/avr51/crtusb1286.o
_exit                                             c:/program files (x86)/atmel/avr studio 5.0/extensions/application/avr toolchain/bin/../lib/gcc/avr/4.5.1/avr51\libgcc.a(_exit.o)
exit                                              c:/program files (x86)/atmel/avr studio 5.0/extensions/application/avr toolchain/bin/../lib/gcc/avr/4.5.1/avr51\libgcc.a(_exit.o)
                                                  c:/program files (x86)/atmel/avr studio 5.0/extensions/application/avr toolchain/bin/../lib/gcc/avr/4.5.1/../../../../avr/lib/avr51/crtusb1286.o
fputc                                             c:/program files (x86)/atmel/avr studio 5.0/extensions/application/avr toolchain/bin/../lib/gcc/avr/4.5.1/../../../../avr/lib/avr51\libc.a(fputc.o)
                                                  c:/program files (x86)/atmel/avr studio 5.0/extensions/application/avr toolchain/bin/../lib/gcc/avr/4.5.1/../../../../avr/lib/avr51\libc.a(vfprintf_std.o)
main                                              AudioInputHost.o
                                                  c:/program files (x86)/atmel/avr studio 5.0/extensions/application/avr toolchain/bin/../lib/gcc/avr/4.5.1/../../../../avr/lib/avr51/crtusb1286.o
printf_P                                          c:/program files (x86)/atmel/avr studio 5.0/extensions/application/avr toolchain/bin/../lib/gcc/avr/4.5.1/../../../../avr/lib/avr51\libc.a(printf_p.o)
                                                  AudioInputHost.o
puts_P                                            c:/program files (x86)/atmel/avr studio 5.0/extensions/application/avr toolchain/bin/../lib/gcc/avr/4.5.1/../../../../avr/lib/avr51\libc.a(puts_p.o)
                                                  AudioInputHost.o
strnlen                                           c:/program files (x86)/atmel/avr studio 5.0/extensions/application/avr toolchain/bin/../lib/gcc/avr/4.5.1/../../../../avr/lib/avr51\libc.a(strnlen.o)
                                                  c:/program files (x86)/atmel/avr studio 5.0/extensions/application/avr toolchain/bin/../lib/gcc/avr/4.5.1/../../../../avr/lib/avr51\libc.a(vfprintf_std.o)
strnlen_P                                         c:/program files (x86)/atmel/avr studio 5.0/extensions/application/avr toolchain/bin/../lib/gcc/avr/4.5.1/../../../../avr/lib/avr51\libc.a(strnlen_P.o)
                                                  c:/program files (x86)/atmel/avr studio 5.0/extensions/application/avr toolchain/bin/../lib/gcc/avr/4.5.1/../../../../avr/lib/avr51\libc.a(vfprintf_std.o)
vfprintf                                          c:/program files (x86)/atmel/avr studio 5.0/extensions/application/avr toolchain/bin/../lib/gcc/avr/4.5.1/../../../../avr/lib/avr51\libc.a(vfprintf_std.o)
                                                  c:/program files (x86)/atmel/avr studio 5.0/extensions/application/avr toolchain/bin/../lib/gcc/avr/4.5.1/../../../../avr/lib/avr51\libc.a(printf_p.o)
